<html>
<body>
<pre>
<h1>µVision Build Log</h1>
<h2>Tool Versions:</h2>
IDE-Version: ¦ÌVision V5.42.0.0
Copyright (C) 2025 ARM Ltd and ARM Germany GmbH. All rights reserved.
License Information: LIN ZUQIN, YCZL, LIC=X1E4T-RQDJP-4AADE-5TY72-M33TQ-U0M0Q
 
Tool Versions:
Toolchain:       MDK-ARM Professional  Version: 5.42.0.0
Toolchain Path:  D:\KEIL\CORE\ARM\ARMCLANG\Bin
C Compiler:      ArmClang.exe V6.23
Assembler:       Armasm.exe V6.23
Linker/Locator:  ArmLink.exe V6.23
Library Manager: ArmAr.exe V6.23
Hex Converter:   FromElf.exe V6.23
CPU DLL:         SARMCM3.DLL V5.42.0.0
Dialog DLL:      DCM.DLL V1.17.5.0
Target DLL:      CMSIS_AGDI.dll V1.33.22.0
Dialog DLL:      TCM.DLL V1.56.6.0
 
<h2>Project:</h2>
D:\project\myproject\demo\Project.uvprojx
Project File Date:  06/20/2025

<h2>Output:</h2>
*** Using Compiler 'V6.23', folder: 'D:\KEIL\CORE\ARM\ARMCLANG\Bin'
Rebuild target 'ZET6'
compiling stm32f10x_can.c...
compiling stm32f10x_dma.c...
assembling startup_stm32f103xe.s...
compiling stm32f10x_dac.c...
compiling stm32f10x_crc.c...
compiling stm32f10x_cec.c...
compiling stm32f10x_bkp.c...
compiling misc.c...
compiling stm32f10x_dbgmcu.c...
compiling system_stm32f10x.c...
compiling stm32f10x_adc.c...
compiling stm32f10x_exti.c...
compiling stm32f10x_flash.c...
compiling stm32f10x_fsmc.c...
compiling stm32f10x_gpio.c...
compiling stm32f10x_iwdg.c...
compiling stm32f10x_pwr.c...
compiling stm32f10x_i2c.c...
compiling stm32f10x_rtc.c...
compiling stm32f10x_sdio.c...
compiling stm32f10x_rcc.c...
compiling stm32f10x_spi.c...
compiling stm32f10x_wwdg.c...
compiling stm32f10x_usart.c...
compiling stm32f10x_tim.c...
compiling sys.c...
compiling MyRTC.c...
compiling W25Q64Flash.c...
compiling iwdog.c...
compiling uart.c...
compiling GPIO.c...
compiling spi.c...
compiling OLED_Data.c...
compiling mpu6050.c...
compiling DS18B20.c...
compiling PWM.c...
compiling OLED.c...
compiling TIM.c...
compiling ADC.c...
compiling AT_TASK.c...
compiling main.c...
compiling stm32f10x_it.c...
compiling SEGGER_RTT.c...
compiling SEGGER_RTT_printf.c...
compiling mbcrc.c...
compiling mbfuncother.c...
compiling mbutils.c...
compiling mb.c...
compiling mbfuncdisc.c...
compiling mbfuncinput.c...
compiling mbfuncholding.c...
compiling mbfunccoils.c...
compiling mbrtu.c...
compiling portevent.c...
compiling mbascii.c...
compiling porttimer.c...
compiling portserial.c...
compiling master_mb_app.c...
compiling slave_mb_app.c...
compiling sensor_mb_app.c...
compiling master_function.c...
compiling agile_modbus_rtu.c...
compiling agile_modbus.c...
compiling agile_modbus_tcp.c...
compiling qpid.c...
compiling base64.c...
compiling hmac_sha1.c...
compiling lot_function.c...
compiling AT_Function.c...
compiling fdb.c...
compiling fdb_file.c...
compiling onenet.c...
compiling fdb_kvdb.c...
assembling context_rvds.S...
compiling fal_flash_stm32f1_port.c...
compiling fal_flash.c...
compiling user_DB.c...
compiling fal.c...
compiling fal_partition.c...
compiling cpuport.c...
compiling fdb_utils.c...
compiling fdb_tsdb.c...
compiling cJSON_Utils.c...
compiling cJSON.c...
compiling clock.c...
compiling components.c...
compiling idle.c...
compiling irq.c...
compiling ipc.c...
compiling kservice.c...
compiling mem.c...
compiling mempool.c...
compiling object.c...
compiling timer.c...
compiling scheduler.c...
compiling thread.c...
compiling board.c...
linking...
Program Size: Code=62274 RO-data=8662 RW-data=3348 ZI-data=29316  
FromELF: creating hex file...
".\Objects\ac6demo.axf" - 0 Error(s), 0 Warning(s).

<h2>Software Packages used:</h2>

Package Vendor: ARM
                https://www.keil.com/pack/ARM.CMSIS.6.1.0.pack
                ARM::CMSIS@6.1.0
                CMSIS (Common Microcontroller Software Interface Standard)
   * Component: CORE Version: 6.1.0

Package Vendor: MDK-Packs
                https://github.com/MDK-Packs/Pack/raw/master/cJSON/MDK-Packs.cJSON.1.0.0.pack
                MDK-Packs::cJSON@1.0.0
                Ultralightweight JSON parser in ANSI C
   * Component: cJSON Version: 1.7.7

Package Vendor: RealThread
                https://www.rt-thread.org/download/mdk/RealThread.RT-Thread.3.1.5.pack
                RealThread::RT-Thread@3.1.5
                RT-Thread Software Components
   * Component: kernel Version: 3.1.5

Package Vendor: Keil
                https://www.keil.com/pack/Keil.STM32F1xx_DFP.2.4.1.pack
                Keil::STM32F1xx_DFP@2.4.1
                STMicroelectronics STM32F1 Series Device Support, Drivers and Examples

<h2>Collection of Component include folders:</h2>
  ./RTE/RTOS
  ./RTE/_ZET6
  D:/KEIL/PACK/ARM/CMSIS/6.1.0/CMSIS/Core/Include
  D:/KEIL/PACK/Keil/STM32F1xx_DFP/2.4.1/Device/Include
  D:/KEIL/PACK/MDK-Packs/cJSON/1.0.0
  D:/KEIL/PACK/RealThread/RT-Thread/3.1.5/include

<h2>Collection of Component Files used:</h2>

   * Component: ARM::CMSIS:CORE@6.1.0

   * Component: MDK-Packs::Data Exchange:JSON:cJSON@1.7.7
      Include file:  cJSON.h
      Source file:   cJSON.c
      Include file:  cJSON_Utils.h
      Source file:   cJSON_Utils.c

   * Component: RealThread::RTOS&RT-Thread:kernel@3.1.5
      Source file:   src/components.c
      Source file:   src/kservice.c
      Source file:   src/scheduler.c
      Source file:   src/mem.c
      Source file:   src/clock.c
      Source file:   src/idle.c
      Source file:   src/thread.c
      Source file:   src/ipc.c
      Source file:   src/timer.c
      Include file:  bsp/_template/rtconfig.h
      Source file:   bsp/_template/board.c
      Source file:   src/irq.c
      Source file:   src/mempool.c
      Source file:   src/object.c
      Source file:   libcpu/arm/cortex-m3/context_rvds.S
      Source file:   libcpu/arm/cortex-m3/cpuport.c
Build Time Elapsed:  00:00:10
</pre>
</body>
</html>
