<html>
<body>
<pre>
<h1>µVision Build Log</h1>
<h2>Tool Versions:</h2>
IDE-Version: ¦ÌVision V5.42.0.0
Copyright (C) 2025 ARM Ltd and ARM Germany GmbH. All rights reserved.
License Information: LIN ZUQIN, YCZL, LIC=UB4EI-THJVY-8YDVV-PEVE1-ENB03-L7AM5
 
Tool Versions:
Toolchain:       MDK-ARM Professional  Version: 5.42.0.0
Toolchain Path:  D:\KEIL\CORE\ARM\ARMCLANG\Bin
C Compiler:      ArmClang.exe V6.23
Assembler:       Armasm.exe V6.23
Linker/Locator:  ArmLink.exe V6.23
Library Manager: ArmAr.exe V6.23
Hex Converter:   FromElf.exe V6.23
CPU DLL:         SARMCM3.DLL V5.42.0.0
Dialog DLL:      DCM.DLL V1.17.5.0
Target DLL:      STLink\ST-LINKIII-KEIL_SWO.dll V3.3.0.0
Dialog DLL:      TCM.DLL V1.56.6.0
 
<h2>Project:</h2>
d:\project\rtthread¹¤³ÌÄ£°å\Project.uvprojx
Project File Date:  05/07/2025

<h2>Output:</h2>
*** Using Compiler 'V6.23', folder: 'D:\KEIL\CORE\ARM\ARMCLANG\Bin'
Rebuild target 'Target 1'
assembling startup_stm32f103xe.s...
compiling system_stm32f10x.c...
compiling stm32f10x_dbgmcu.c...
compiling stm32f10x_crc.c...
compiling stm32f10x_dma.c...
compiling stm32f10x_adc.c...
compiling stm32f10x_dac.c...
compiling misc.c...
compiling stm32f10x_bkp.c...
compiling stm32f10x_cec.c...
compiling stm32f10x_exti.c...
compiling stm32f10x_can.c...
compiling stm32f10x_flash.c...
compiling stm32f10x_fsmc.c...
compiling stm32f10x_gpio.c...
compiling stm32f10x_sdio.c...
compiling stm32f10x_rtc.c...
compiling stm32f10x_iwdg.c...
compiling stm32f10x_spi.c...
compiling stm32f10x_pwr.c...
compiling stm32f10x_i2c.c...
compiling stm32f10x_wwdg.c...
compiling stm32f10x_rcc.c...
compiling stm32f10x_usart.c...
compiling MyRTC.c...
compiling stm32f10x_tim.c...
compiling W25Q64Flash.c...
compiling TIM.c...
compiling iwdog.c...
compiling GPIO.c...
compiling uart.c...
compiling stm32f10x_it.c...
compiling spi.c...
compiling SEGGER_RTT_printf.c...
compiling fal.c...
compiling main.c...
compiling fal_flash.c...
compiling fal_partition.c...
compiling SEGGER_RTT.c...
compiling fal_rtt.c...
compiling user_DB.c...
compiling fal_flash_sfud_port.c...
compiling fdb.c...
compiling fdb_file.c...
compiling fdb_utils.c...
compiling mbcrc.c...
compiling fdb_tsdb.c...
compiling sfud_sfdp.c...
compiling sfud.c...
compiling fal_flash_stm32f1_port.c...
compiling fdb_kvdb.c...
compiling sfud_port.c...
compiling mbfuncother.c...
compiling mbutils.c...
compiling mb.c...
compiling mbfunccoils.c...
compiling mbfuncdisc.c...
compiling mbfuncholding.c...
compiling mbfuncinput.c...
compiling portevent.c...
compiling mbascii.c...
compiling mbrtu.c...
compiling porttimer.c...
compiling portserial.c...
compiling slave_mb_app.c...
compiling master_mb_app.c...
compiling sensor_mb_app.c...
compiling agile_modbus_rtu.c...
compiling master_function.c...
compiling agile_modbus_tcp.c...
compiling list_status.c...
compiling agile_modbus.c...
compiling qpid.c...
assembling context_rvds.S...
compiling AT_Function.c...
compiling cmd.c...
compiling msh.c...
compiling cJSON_Utils.c...
compiling shell.c...
compiling cpuport.c...
compiling clock.c...
compiling cJSON.c...
compiling components.c...
compiling irq.c...
compiling idle.c...
compiling mem.c...
compiling ipc.c...
compiling mempool.c...
compiling kservice.c...
compiling scheduler.c...
compiling object.c...
compiling timer.c...
compiling thread.c...
compiling board.c...
compiling finsh_port.c...
linking...
Program Size: Code=51452 RO-data=6984 RW-data=1136 ZI-data=22376  
FromELF: creating hex file...
".\Objects\control.axf" - 0 Error(s), 0 Warning(s).

<h2>Software Packages used:</h2>

Package Vendor: MDK-Packs
                https://github.com/MDK-Packs/Pack/raw/master/cJSON/MDK-Packs.cJSON.1.0.0.pack
                MDK-Packs::cJSON@1.0.0
                Ultralightweight JSON parser in ANSI C
   * Component: cJSON Version: 1.7.7

Package Vendor: RealThread
                https://www.rt-thread.org/download/mdk/RealThread.RT-Thread.3.1.5.pack
                RealThread::RT-Thread@3.1.5
                RT-Thread Software Components
   * Component: kernel Version: 3.1.5
   * Component: shell Version: 3.1.5

Package Vendor: Keil
                https://www.keil.com/pack/Keil.STM32F1xx_DFP.2.4.1.pack
                Keil::STM32F1xx_DFP@2.4.1
                STMicroelectronics STM32F1 Series Device Support, Drivers and Examples

<h2>Collection of Component include folders:</h2>
  ./RTE/RTOS
  ./RTE/_Target_1
  D:/KEIL/PACK/Keil/STM32F1xx_DFP/2.4.1/Device/Include
  D:/KEIL/PACK/MDK-Packs/cJSON/1.0.0
  D:/KEIL/PACK/RealThread/RT-Thread/3.1.5/components/finsh
  D:/KEIL/PACK/RealThread/RT-Thread/3.1.5/include

<h2>Collection of Component Files used:</h2>

   * Component: MDK-Packs::Data Exchange:JSON:cJSON@1.7.7
      Include file:  cJSON.h
      Include file:  cJSON_Utils.h
      Source file:   cJSON_Utils.c
      Source file:   cJSON.c

   * Component: RealThread::RTOS&RT-Thread:kernel@3.1.5
      Source file:   src/idle.c
      Source file:   src/ipc.c
      Include file:  bsp/_template/rtconfig.h
      Source file:   src/components.c
      Source file:   bsp/_template/board.c
      Source file:   src/clock.c
      Source file:   src/timer.c
      Source file:   src/mempool.c
      Source file:   src/scheduler.c
      Source file:   libcpu/arm/cortex-m3/cpuport.c
      Source file:   src/mem.c
      Source file:   src/irq.c
      Source file:   libcpu/arm/cortex-m3/context_rvds.S
      Source file:   src/object.c
      Source file:   src/kservice.c
      Source file:   src/thread.c

   * Component: RealThread::RTOS&RT-Thread:shell@3.1.5
      Source file:   components/finsh/finsh_port.c
      Source file:   components/finsh/shell.c
      Include file:  components/finsh/finsh_config.h
      Source file:   components/finsh/msh.c
      Source file:   components/finsh/cmd.c
Build Time Elapsed:  00:00:07
</pre>
</body>
</html>
