<html>
<body>
<pre>
<h1>µVision Build Log</h1>
<h2>Tool Versions:</h2>
IDE-Version: ¦ÌVision V5.41.0.0
Copyright (C) 2024 ARM Ltd and ARM Germany GmbH. All rights reserved.
License Information: LIN ZUQIN, YCZL, LIC=W96CK-ZWNJZ-QIM5M-X9UHS-RU7X4-WM4SU
 
Tool Versions:
Toolchain:       MDK-ARM Professional  Version: 5.41.0.0
Toolchain Path:  D:\KEIL\CORE\ARM\ARM_Compiler_5.06u7\Bin
C Compiler:      Armcc.exe V5.06 update 7 (build 960)
Assembler:       Armasm.exe V5.06 update 7 (build 960)
Linker/Locator:  ArmLink.exe V5.06 update 7 (build 960)
Library Manager: ArmAr.exe V5.06 update 7 (build 960)
Hex Converter:   FromElf.exe V5.06 update 7 (build 960)
CPU DLL:         SARMCM3.DLL V5.41.0.0
Dialog DLL:      DCM.DLL V1.17.5.0
Target DLL:      CMSIS_AGDI.dll V1.33.21.0
Dialog DLL:      TCM.DLL V1.56.4.0
 
<h2>Project:</h2>
D:\project\centrol_control\central_control\newboard\new_mdk\Project.uvprojx
Project File Date:  03/10/2025

<h2>Output:</h2>
*** Using Compiler 'V5.06 update 7 (build 960)', folder: 'D:\KEIL\CORE\ARM\ARM_Compiler_5.06u7\Bin'
Build target 'Target 1'
compiling RS4852.c...
linking...
Program Size: Code=56224 RO-data=5472 RW-data=536 ZI-data=25144  
FromELF: creating hex file...
".\Objects\·ìÈÒ»ú.axf" - 0 Error(s), 0 Warning(s).

<h2>Software Packages used:</h2>

Package Vendor: RealThread
                https://www.rt-thread.org/download/mdk/RealThread.RT-Thread.3.1.5.pack
                RealThread::RT-Thread@3.1.5
                RT-Thread Software Components
   * Component: kernel Version: 3.1.5

Package Vendor: Keil
                https://www.keil.com/pack/Keil.STM32F1xx_DFP.2.4.1.pack
                Keil::STM32F1xx_DFP@2.4.1
                STMicroelectronics STM32F1 Series Device Support, Drivers and Examples

<h2>Collection of Component include folders:</h2>
  ./RTE/RTOS
  ./RTE/_Target_1
  D:/KEIL/PACK/Keil/STM32F1xx_DFP/2.4.1/Device/Include
  D:/KEIL/PACK/RealThread/RT-Thread/3.1.5/include

<h2>Collection of Component Files used:</h2>

   * Component: RealThread::RTOS&RT-Thread:kernel@3.1.5
      Source file:   bsp/_template/board.c
      Source file:   src/timer.c
      Source file:   src/clock.c
      Source file:   src/components.c
      Include file:  bsp/_template/rtconfig.h
      Source file:   src/thread.c
      Source file:   src/mem.c
      Source file:   src/ipc.c
      Source file:   src/mempool.c
      Source file:   src/object.c
      Source file:   src/idle.c
      Source file:   src/irq.c
      Source file:   src/kservice.c
      Source file:   src/scheduler.c
      Source file:   libcpu/arm/cortex-m3/cpuport.c
      Source file:   libcpu/arm/cortex-m3/context_rvds.S
Build Time Elapsed:  00:00:01
</pre>
</body>
</html>
