Component: Arm Compiler for Embedded 6.23 Tool: armlink [5f102400]

==============================================================================

Section Cross References

    system_stm32f10x.o(.text.SystemInit) refers to system_stm32f10x.o(.text.SetSysClock) for SetSysClock
    system_stm32f10x.o(.ARM.exidx.text.SystemInit) refers to system_stm32f10x.o(.text.SystemInit) for [Anonymous Symbol]
    system_stm32f10x.o(.text.SetSysClock) refers to system_stm32f10x.o(.text.SetSysClockTo72) for SetSysClockTo72
    system_stm32f10x.o(.ARM.exidx.text.SetSysClock) refers to system_stm32f10x.o(.text.SetSysClock) for [Anonymous Symbol]
    system_stm32f10x.o(.text.SystemCoreClockUpdate) refers to system_stm32f10x.o(.data.SystemCoreClock) for SystemCoreClock
    system_stm32f10x.o(.text.SystemCoreClockUpdate) refers to system_stm32f10x.o(.rodata.AHBPrescTable) for AHBPrescTable
    system_stm32f10x.o(.ARM.exidx.text.SystemCoreClockUpdate) refers to system_stm32f10x.o(.text.SystemCoreClockUpdate) for [Anonymous Symbol]
    system_stm32f10x.o(.ARM.exidx.text.SetSysClockTo72) refers to system_stm32f10x.o(.text.SetSysClockTo72) for [Anonymous Symbol]
    startup_stm32f103xe.o(RESET) refers to startup_stm32f103xe.o(STACK) for __initial_sp
    startup_stm32f103xe.o(RESET) refers to startup_stm32f103xe.o(.text) for Reset_Handler
    startup_stm32f103xe.o(RESET) refers to stm32f10x_it.o(.text.NMI_Handler) for NMI_Handler
    startup_stm32f103xe.o(RESET) refers to context_rvds.o(.text) for HardFault_Handler
    startup_stm32f103xe.o(RESET) refers to stm32f10x_it.o(.text.MemManage_Handler) for MemManage_Handler
    startup_stm32f103xe.o(RESET) refers to stm32f10x_it.o(.text.BusFault_Handler) for BusFault_Handler
    startup_stm32f103xe.o(RESET) refers to stm32f10x_it.o(.text.UsageFault_Handler) for UsageFault_Handler
    startup_stm32f103xe.o(RESET) refers to stm32f10x_it.o(.text.SVC_Handler) for SVC_Handler
    startup_stm32f103xe.o(RESET) refers to stm32f10x_it.o(.text.DebugMon_Handler) for DebugMon_Handler
    startup_stm32f103xe.o(RESET) refers to board.o(.text.SysTick_Handler) for SysTick_Handler
    startup_stm32f103xe.o(RESET) refers to tim.o(.text.TIM1_UP_IRQHandler) for TIM1_UP_IRQHandler
    startup_stm32f103xe.o(RESET) refers to tim.o(.text.TIM2_IRQHandler) for TIM2_IRQHandler
    startup_stm32f103xe.o(RESET) refers to tim.o(.text.TIM3_IRQHandler) for TIM3_IRQHandler
    startup_stm32f103xe.o(RESET) refers to tim.o(.text.TIM4_IRQHandler) for TIM4_IRQHandler
    startup_stm32f103xe.o(RESET) refers to uart.o(.text.USART1_IRQHandler) for USART1_IRQHandler
    startup_stm32f103xe.o(RESET) refers to uart.o(.text.USART2_IRQHandler) for USART2_IRQHandler
    startup_stm32f103xe.o(RESET) refers to uart.o(.text.USART3_IRQHandler) for USART3_IRQHandler
    startup_stm32f103xe.o(RESET) refers to uart.o(.text.UART4_IRQHandler) for UART4_IRQHandler
    startup_stm32f103xe.o(RESET) refers to uart.o(.text.UART5_IRQHandler) for UART5_IRQHandler
    startup_stm32f103xe.o(.text) refers to system_stm32f10x.o(.text.SystemInit) for SystemInit
    startup_stm32f103xe.o(.text) refers to entry.o(.ARM.Collect$$$$00000000) for __main
    misc.o(.ARM.exidx.text.NVIC_PriorityGroupConfig) refers to misc.o(.text.NVIC_PriorityGroupConfig) for [Anonymous Symbol]
    misc.o(.ARM.exidx.text.NVIC_Init) refers to misc.o(.text.NVIC_Init) for [Anonymous Symbol]
    misc.o(.ARM.exidx.text.NVIC_SetVectorTable) refers to misc.o(.text.NVIC_SetVectorTable) for [Anonymous Symbol]
    misc.o(.ARM.exidx.text.NVIC_SystemLPConfig) refers to misc.o(.text.NVIC_SystemLPConfig) for [Anonymous Symbol]
    misc.o(.ARM.exidx.text.SysTick_CLKSourceConfig) refers to misc.o(.text.SysTick_CLKSourceConfig) for [Anonymous Symbol]
    stm32f10x_adc.o(.text.ADC_DeInit) refers to stm32f10x_rcc.o(.text.RCC_APB2PeriphResetCmd) for RCC_APB2PeriphResetCmd
    stm32f10x_adc.o(.ARM.exidx.text.ADC_DeInit) refers to stm32f10x_adc.o(.text.ADC_DeInit) for [Anonymous Symbol]
    stm32f10x_adc.o(.ARM.exidx.text.ADC_Init) refers to stm32f10x_adc.o(.text.ADC_Init) for [Anonymous Symbol]
    stm32f10x_adc.o(.ARM.exidx.text.ADC_StructInit) refers to stm32f10x_adc.o(.text.ADC_StructInit) for [Anonymous Symbol]
    stm32f10x_adc.o(.ARM.exidx.text.ADC_Cmd) refers to stm32f10x_adc.o(.text.ADC_Cmd) for [Anonymous Symbol]
    stm32f10x_adc.o(.ARM.exidx.text.ADC_DMACmd) refers to stm32f10x_adc.o(.text.ADC_DMACmd) for [Anonymous Symbol]
    stm32f10x_adc.o(.ARM.exidx.text.ADC_ITConfig) refers to stm32f10x_adc.o(.text.ADC_ITConfig) for [Anonymous Symbol]
    stm32f10x_adc.o(.ARM.exidx.text.ADC_ResetCalibration) refers to stm32f10x_adc.o(.text.ADC_ResetCalibration) for [Anonymous Symbol]
    stm32f10x_adc.o(.ARM.exidx.text.ADC_GetResetCalibrationStatus) refers to stm32f10x_adc.o(.text.ADC_GetResetCalibrationStatus) for [Anonymous Symbol]
    stm32f10x_adc.o(.ARM.exidx.text.ADC_StartCalibration) refers to stm32f10x_adc.o(.text.ADC_StartCalibration) for [Anonymous Symbol]
[...]
    rt_object_detach                         0x0800c679   Thumb Code    36  object.o(.text.rt_object_detach)
    rt_object_get_information                0x0800c69d   Thumb Code    84  object.o(.text.rt_object_get_information)
    rt_object_init                           0x0800c6f1   Thumb Code   128  object.o(.text.rt_object_init)
    rt_object_is_systemobject                0x0800c771   Thumb Code    34  object.o(.text.rt_object_is_systemobject)
    rt_schedule                              0x0800c795   Thumb Code   174  scheduler.o(.text.rt_schedule)
    rt_schedule_insert_thread                0x0800c845   Thumb Code    80  scheduler.o(.text.rt_schedule_insert_thread)
    rt_schedule_remove_thread                0x0800c895   Thumb Code    76  scheduler.o(.text.rt_schedule_remove_thread)
    rt_show_version                          0x0800c8e1   Thumb Code    74  kservice.o(.text.rt_show_version)
    rt_strlen                                0x0800c92d   Thumb Code    38  kservice.o(.text.rt_strlen)
    rt_strncpy                               0x0800c955   Thumb Code    92  kservice.o(.text.rt_strncpy)
    rt_system_scheduler_init                 0x0800c9b1   Thumb Code   106  scheduler.o(.text.rt_system_scheduler_init)
    rt_system_scheduler_start                0x0800ca1d   Thumb Code    64  scheduler.o(.text.rt_system_scheduler_start)
    rt_system_timer_init                     0x0800ca5d   Thumb Code    48  timer.o(.text.rt_system_timer_init)
    rt_system_timer_thread_init              0x0800ca8d   Thumb Code     2  timer.o(.text.rt_system_timer_thread_init)
    rt_thread_exit                           0x0800ca91   Thumb Code   104  thread.o(.text.rt_thread_exit)
    rt_thread_idle_excute                    0x0800cb09   Thumb Code     2  idle.o(.text.rt_thread_idle_excute)
    rt_thread_idle_init                      0x0800cb0d   Thumb Code    70  idle.o(.text.rt_thread_idle_init)
    rt_thread_init                           0x0800cb55   Thumb Code    88  thread.o(.text.rt_thread_init)
    rt_thread_mdelay                         0x0800cbad   Thumb Code    24  thread.o(.text.rt_thread_mdelay)
    rt_thread_resume                         0x0800cbc5   Thumb Code    76  thread.o(.text.rt_thread_resume)
    rt_thread_self                           0x0800cc11   Thumb Code    12  thread.o(.text.rt_thread_self)
    rt_thread_sleep                          0x0800cc1d   Thumb Code    84  thread.o(.text.rt_thread_sleep)
    rt_thread_startup                        0x0800cc71   Thumb Code    62  thread.o(.text.rt_thread_startup)
    rt_thread_suspend                        0x0800ccb1   Thumb Code    84  thread.o(.text.rt_thread_suspend)
    rt_thread_timeout                        0x0800cd05   Thumb Code    40  thread.o(.text.rt_thread_timeout)
    rt_thread_yield                          0x0800cd2d   Thumb Code   116  thread.o(.text.rt_thread_yield)
    rt_tick_from_millisecond                 0x0800cda1   Thumb Code    98  clock.o(.text.rt_tick_from_millisecond)
    rt_tick_get                              0x0800ce05   Thumb Code    12  clock.o(.text.rt_tick_get)
    rt_tick_increase                         0x0800ce11   Thumb Code    60  clock.o(.text.rt_tick_increase)
    rt_timer_check                           0x0800ce4d   Thumb Code   214  timer.o(.text.rt_timer_check)
    rt_timer_control                         0x0800cf25   Thumb Code   122  timer.o(.text.rt_timer_control)
    rt_timer_detach                          0x0800cfa1   Thumb Code    46  timer.o(.text.rt_timer_detach)
    rt_timer_init                            0x0800cfd1   Thumb Code    62  timer.o(.text.rt_timer_init)
    rt_timer_start                           0x0800d011   Thumb Code   330  timer.o(.text.rt_timer_start)
    rt_timer_stop                            0x0800d15d   Thumb Code    64  timer.o(.text.rt_timer_stop)
    rt_vsnprintf                             0x0800d19d   Thumb Code  1480  kservice.o(.text.rt_vsnprintf)
    rtthread_startup                         0x0800d78d   Thumb Code    42  components.o(.text.rtthread_startup)
    set_ack                                  0x0800d8b1   Thumb Code    68  at_function.o(.text.set_ack)
    sha1                                     0x0800da19   Thumb Code   796  hmac_sha1.o(.text.sha1)
    sys_clock_set                            0x0800dded   Thumb Code   250  board.o(.text.sys_clock_set)
    sys_stm32_clock_init                     0x0800dee9   Thumb Code   150  board.o(.text.sys_stm32_clock_init)
    timeout1                                 0x0800df81   Thumb Code    38  at_task.o(.text.timeout1)
    timeout2                                 0x0800dfa9   Thumb Code    38  at_task.o(.text.timeout2)
    uartbuf_clear                            0x0800dfd1   Thumb Code    40  uart.o(.text.uartbuf_clear)
    user_cmd_register                        0x0800e419   Thumb Code   414  at_function.o(.text.user_cmd_register)
    user_db_init                             0x0800e5b9   Thumb Code   164  user_db.o(.text.user_db_init)
    __0printf                                0x0800e939   Thumb Code    22  printfa.o(i.__0printf)
    __1printf                                0x0800e939   Thumb Code     0  printfa.o(i.__0printf)
    __2printf                                0x0800e939   Thumb Code     0  printfa.o(i.__0printf)
    __c89printf                              0x0800e939   Thumb Code     0  printfa.o(i.__0printf)
    printf                                   0x0800e939   Thumb Code     0  printfa.o(i.__0printf)
    __0snprintf                              0x0800e959   Thumb Code    48  printfa.o(i.__0snprintf)
    __1snprintf                              0x0800e959   Thumb Code     0  printfa.o(i.__0snprintf)
    __2snprintf                              0x0800e959   Thumb Code     0  printfa.o(i.__0snprintf)
    __c89snprintf                            0x0800e959   Thumb Code     0  printfa.o(i.__0snprintf)
    snprintf                                 0x0800e959   Thumb Code     0  printfa.o(i.__0snprintf)
    __0sprintf                               0x0800e98d   Thumb Code    34  printfa.o(i.__0sprintf)
    __1sprintf                               0x0800e98d   Thumb Code     0  printfa.o(i.__0sprintf)
    __2sprintf                               0x0800e98d   Thumb Code     0  printfa.o(i.__0sprintf)
    __c89sprintf                             0x0800e98d   Thumb Code     0  printfa.o(i.__0sprintf)
    sprintf                                  0x0800e98d   Thumb Code     0  printfa.o(i.__0sprintf)
    __0vsnprintf                             0x0800e9b5   Thumb Code    46  printfa.o(i.__0vsnprintf)
    __1vsnprintf                             0x0800e9b5   Thumb Code     0  printfa.o(i.__0vsnprintf)
    __2vsnprintf                             0x0800e9b5   Thumb Code     0  printfa.o(i.__0vsnprintf)
    __c89vsnprintf                           0x0800e9b5   Thumb Code     0  printfa.o(i.__0vsnprintf)
    vsnprintf                                0x0800e9b5   Thumb Code     0  printfa.o(i.__0vsnprintf)
    free                                     0x0800e9e9   Thumb Code    88  mallocr.o(i.__free$realloc)
    malloc                                   0x0800ea45   Thumb Code    64  mallocr.o(i.__malloc$realloc)
    __scatterload_copy                       0x0800ea95   Thumb Code    14  handlers.o(i.__scatterload_copy)
    __scatterload_null                       0x0800eaa3   Thumb Code     2  handlers.o(i.__scatterload_null)
    __scatterload_zeroinit                   0x0800eaa5   Thumb Code    14  handlers.o(i.__scatterload_zeroinit)
    _is_digit                                0x0800ec39   Thumb Code    14  scanf_fp.o(i._is_digit)
    realloc                                  0x0800f3e9   Thumb Code   102  mallocr.o(i.realloc)
    strtod                                   0x0800f455   Thumb Code    30  strtod.o(i.strtod)
    __ctype_categories                       0x0800f48a   Data          64  ctype_c.o(.constdata)
    __lowest_bit_bitmap                      0x0800f54d   Data         256  kservice.o(.rodata.__lowest_bit_bitmap)
    stm32_onchip_flash                       0x0800fb38   Data          56  fal_flash_stm32f1_port.o(.rodata.stm32_onchip_flash)
    __rt_init_rti_start                      0x080114d0   Data           4  components.o(.rti_fn.0)
    __rt_init_rti_board_start                0x080114d4   Data           4  components.o(.rti_fn.0.end)
    __rt_init_rti_board_end                  0x080114d8   Data           4  components.o(.rti_fn.1.end)
    __rt_init_dwt_init                       0x080114dc   Data           4  sys.o(.rti_fn.6)
    __rt_init_create_rtc_time_thread         0x080114e0   Data           4  myrtc.o(.rti_fn.6)
    __rt_init_my_uart_init                   0x080114e4   Data           4  uart.o(.rti_fn.6)
    __rt_init_AT_Thread_Init                 0x080114e8   Data           4  at_task.o(.rti_fn.6)
    __rt_init_ADC_Task_Init                  0x080114ec   Data           4  adc.o(.rti_fn.6)
    __rt_init_user_db_init                   0x080114f0   Data           4  user_db.o(.rti_fn.6)
    __rt_init_rti_end                        0x080114f4   Data           4  components.o(.rti_fn.6.end)
    Region$$Table$$Base                      0x080114f8   Number         0  anon$$obj.o(Region$$Table)
    Region$$Table$$Limit                     0x08011518   Number         0  anon$$obj.o(Region$$Table)
    __stdout                                 0x20000000   Data           4  stdout.o(.data)
    __microlib_freelist                      0x20000004   Data           4  mvars.o(.data)
    __microlib_freelist_initialised          0x20000008   Data           4  mvars.o(.data)
    AT_Cmd_table                             0x2000000c   Data         256  at_function.o(.data.AT_Cmd_table)
    AT_Device                                0x2000010c   Data          24  at_task.o(.data.AT_Device)
    AT_URC_table                             0x20000124   Data         128  at_function.o(.data.AT_URC_table)
    MyRTC_Time                               0x200001a4   Data          12  myrtc.o(.data.MyRTC_Time)
    SystemCoreClock                          0x200001b0   Data           4  system_stm32f10x.o(.data.SystemCoreClock)
    Unix_Time                                0x200001b4   Data           4  myrtc.o(.data.Unix_Time)
    u1_ring_buf_t                            0x20000244   Data          12  uart.o(.data.u1_ring_buf_t)
    u3_ring_buf_t                            0x20000250   Data          12  uart.o(.data.u3_ring_buf_t)
    uart1_rx_buf                             0x20000260   Data        2048  uart.o(.data.uart1_rx_buf)
    uart2_rx_buf                             0x20000a60   Data         256  uart.o(.data.uart2_rx_buf)
    uart3_rx_buf                             0x20000b60   Data         256  uart.o(.data.uart3_rx_buf)
    uart_devices                             0x20000c60   Data         180  uart.o(.data.uart_devices)
    _SEGGER_RTT                              0x20000d44   Data         168  segger_rtt.o(.bss._SEGGER_RTT)
    adc_light_intensity                      0x20001e20   Data           4  adc.o(.bss.adc_light_intensity)
    adc_thread                               0x20001e24   Data         128  adc.o(.bss.adc_thread)
    adc_thread_stack                         0x20001ea4   Data         512  adc.o(.bss.adc_thread_stack)
    at_thread                                0x200028a4   Data         128  at_task.o(.bss.at_thread)
    at_thread_stack                          0x20002924   Data       10240  at_task.o(.bss.at_thread_stack)
    boot_count                               0x20005124   Data           2  user_db.o(.bss.boot_count)
    kvdb                                     0x200051bc   Data         876  user_db.o(.bss.kvdb)
    main_thread                              0x20005740   Data         128  components.o(.bss.main_thread)
    ntpTime                                  0x200057c0   Data          44  at_function.o(.bss.ntpTime)
    on_ic_read_cnt                           0x200057ec   Data           4  fal_flash_stm32f1_port.o(.bss.on_ic_read_cnt)
    on_ic_write_cnt                          0x200057f0   Data           4  fal_flash_stm32f1_port.o(.bss.on_ic_write_cnt)
    pxMBPortCBTimerExpired                   0x200057fc   Data           4  mb.o(.bss.pxMBPortCBTimerExpired)
    rt_current_priority                      0x20005800   Data           1  scheduler.o(.bss.rt_current_priority)
    rt_current_thread                        0x20005804   Data           4  scheduler.o(.bss.rt_current_thread)
    rt_interrupt_from_thread                 0x2000580c   Data           4  cpuport.o(.bss.rt_interrupt_from_thread)
    rt_interrupt_nest                        0x20005810   Data           1  irq.o(.bss.rt_interrupt_nest)
    rt_interrupt_to_thread                   0x20005814   Data           4  cpuport.o(.bss.rt_interrupt_to_thread)
    rt_thread_defunct                        0x2000591c   Data           8  scheduler.o(.bss.rt_thread_defunct)
    rt_thread_priority_table                 0x20005924   Data         256  scheduler.o(.bss.rt_thread_priority_table)
    rt_thread_ready_priority_group           0x20005a24   Data           4  scheduler.o(.bss.rt_thread_ready_priority_group)
    rt_thread_switch_interrupt_flag          0x20005aa8   Data           4  cpuport.o(.bss.rt_thread_switch_interrupt_flag)
    u1_ring_buf                              0x20005c94   Data        1024  uart.o(.bss.u1_ring_buf)
    u3_ring_buf                              0x20006094   Data        1024  uart.o(.bss.u3_ring_buf)
    uart1_tx_buf                             0x20006498   Data         256  uart.o(.bss.uart1_tx_buf)
    uart2_tx_buf                             0x20006598   Data         256  uart.o(.bss.uart2_tx_buf)
    uart3_tx_buf                             0x20006698   Data         256  uart.o(.bss.uart3_tx_buf)
    __heap_base                              0x20006798   Data           0  startup_stm32f103xe.o(HEAP)
    __heap_limit                             0x20007798   Data           0  startup_stm32f103xe.o(HEAP)
    __initial_sp                             0x20007f98   Data           0  startup_stm32f103xe.o(STACK)



==============================================================================

Memory Map of the image

  Image Entry point : 0x08000131

  Load Region LR_IROM1 (Base: 0x08000000, Size: 0x00012230, Max: 0x00080000, ABSOLUTE, COMPRESSED[0x00011620])

    Execution Region ER_IROM1 (Exec base: 0x08000000, Load base: 0x08000000, Size: 0x00011518, Max: 0x00080000, ABSOLUTE)

    Exec Addr    Load Addr    Size         Type   Attr      Idx    E Section Name        Object

    0x08000000   0x08000000   0x00000130   Data   RO           20    RESET               startup_stm32f103xe.o
    0x08000130   0x08000130   0x00000000   Code   RO         3273  * .ARM.Collect$$$$00000000  mc_w.l(entry.o)
    0x08000130   0x08000130   0x00000004   Code   RO         3437    .ARM.Collect$$$$00000001  mc_w.l(entry2.o)
    0x08000134   0x08000134   0x00000004   Code   RO         3440    .ARM.Collect$$$$00000004  mc_w.l(entry5.o)
    0x08000138   0x08000138   0x00000000   Code   RO         3442    .ARM.Collect$$$$00000008  mc_w.l(entry7b.o)
    0x08000138   0x08000138   0x00000000   Code   RO         3444    .ARM.Collect$$$$0000000A  mc_w.l(entry8b.o)
    0x08000138   0x08000138   0x00000008   Code   RO         3445    .ARM.Collect$$$$0000000B  mc_w.l(entry9a.o)
    0x08000140   0x08000140   0x00000000   Code   RO         3447    .ARM.Collect$$$$0000000D  mc_w.l(entry10a.o)
    0x08000140   0x08000140   0x00000000   Code   RO         3449    .ARM.Collect$$$$0000000F  mc_w.l(entry11a.o)
    0x08000140   0x08000140   0x00000004   Code   RO         3438    .ARM.Collect$$$$00002712  mc_w.l(entry2.o)
    0x08000144   0x08000144   0x00000024   Code   RO           21    .text               startup_stm32f103xe.o
    0x08000168   0x08000168   0x000000f4   Code   RO         2831    .text               context_rvds.o
    0x0800025c   0x0800025c   0x0000000c   Code   RO         3276    .text               mc_w.l(tolower.o)
    0x08000268   0x08000268   0x000000a8   Code   RO         3282    .text               mc_w.l(mktime.o)
    0x08000310   0x08000310   0x00000040   Code   RO         3287    .text               mc_w.l(memmovea.o)
    0x08000350   0x08000350   0x00000024   Code   RO         3289    .text               mc_w.l(memseta.o)
    0x08000374   0x08000374   0x00000018   Code   RO         3291    .text               mc_w.l(strcat.o)
    0x0800038c   0x0800038c   0x00000024   Code   RO         3293    .text               mc_w.l(strstr.o)
    0x080003b0   0x080003b0   0x00000018   Code   RO         3295    .text               mc_w.l(strncpy.o)
    0x080003c8   0x080003c8   0x00000014   Code   RO         3297    .text               mc_w.l(strchr.o)
    0x080003dc   0x080003dc   0x0000000e   Code   RO         3299    .text               mc_w.l(strlen.o)
    0x080003ea   0x080003ea   0x0000001c   Code   RO         3301    .text               mc_w.l(strcmp.o)
    0x08000406   0x08000406   0x0000001a   Code   RO         3303    .text               mc_w.l(memcmp.o)
    0x08000420   0x08000420   0x00000012   Code   RO         3305    .text               mc_w.l(strcpy.o)
    0x08000432   0x08000432   0x0000001e   Code   RO         3307    .text               mc_w.l(strncmp.o)
    0x08000450   0x08000450   0x00000038   Code   RO         3371    .text               mc_w.l(sscanf.o)
    0x08000488   0x08000488   0x000000b0   Code   RO         3373    .text               mf_w.l(fadd.o)
    0x08000538   0x08000538   0x00000064   Code   RO         3375    .text               mf_w.l(fmul.o)
    0x0800059c   0x0800059c   0x0000007c   Code   RO         3377    .text               mf_w.l(fdiv.o)
    0x08000618   0x08000618   0x0000014e   Code   RO         3379    .text               mf_w.l(dadd.o)
    0x08000766   0x08000766   0x000000e4   Code   RO         3381    .text               mf_w.l(dmul.o)
    0x0800084a   0x0800084a   0x000000de   Code   RO         3383    .text               mf_w.l(ddiv.o)
    0x08000928   0x08000928   0x0000001c   Code   RO         3385    .text               mf_w.l(fcmple.o)
    0x08000944   0x08000944   0x0000001c   Code   RO         3387    .text               mf_w.l(fcmpge.o)
    0x08000960   0x08000960   0x00000036   Code   RO         3391    .text               mf_w.l(dcmplt.o)
    0x08000996   0x08000996   0x00000036   Code   RO         3395    .text               mf_w.l(dcmpgt.o)
    0x080009cc   0x080009cc   0x00000038   Code   RO         3397    .text               mf_w.l(dcmpeq.o)
    0x08000a04   0x08000a04   0x00000012   Code   RO         3399    .text               mf_w.l(fflti.o)
    0x08000a16   0x08000a16   0x0000000a   Code   RO         3401    .text               mf_w.l(ffltui.o)
    0x08000a20   0x08000a20   0x0000001a   Code   RO         3405    .text               mf_w.l(dfltui.o)
    0x08000a3a   0x08000a3a   0x00000032   Code   RO         3407    .text               mf_w.l(ffixi.o)
    0x08000a6c   0x08000a6c   0x0000003e   Code   RO         3409    .text               mf_w.l(dfixi.o)
    0x08000aaa   0x08000aaa   0x00000038   Code   RO         3415    .text               mf_w.l(d2f.o)
    0x08000ae2   0x08000ae2   0x0000002c   Code   RO         3461    .text               mc_w.l(uidiv.o)
    0x08000b0e   0x08000b0e   0x00000062   Code   RO         3463    .text               mc_w.l(uldiv.o)
    0x08000b70   0x08000b70   0x0000001e   Code   RO         3465    .text               mc_w.l(llshl.o)
    0x08000b8e   0x08000b8e   0x00000020   Code   RO         3467    .text               mc_w.l(llushr.o)
    0x08000bae   0x08000bae   0x00000024   Code   RO         3469    .text               mc_w.l(llsshr.o)
    0x08000bd2   0x08000bd2   0x00000002   PAD
    0x08000bd4   0x08000bd4   0x0000000c   Code   RO         3471    .text               mc_w.l(localtime_w.o)
    0x08000be0   0x08000be0   0x0000008c   Code   RO         3474    .text               mc_w.l(localtime_i.o)
    0x08000c6c   0x08000c6c   0x00000156   Code   RO         3486    .text               mc_w.l(_scanf_longlong.o)
    0x08000dc2   0x08000dc2   0x0000014c   Code   RO         3488    .text               mc_w.l(_scanf_int.o)
    0x08000f0e   0x08000f0e   0x000000e0   Code   RO         3490    .text               mc_w.l(_scanf_str.o)
    0x08000fee   0x08000fee   0x00000002   PAD
    0x08000ff0   0x08000ff0   0x00000360   Code   RO         3492    .text               mc_w.l(scanf_fp.o)
    0x08001350   0x08001350   0x00000028   Code   RO         3496    .text               mc_w.l(scanf_char.o)
    0x08001378   0x08001378   0x00000040   Code   RO         3498    .text               mc_w.l(_sgetc.o)
    0x080013b8   0x080013b8   0x000000a8   Code   RO         3500    .text               mc_w.l(strtod.o)
    0x08001460   0x08001460   0x00000000   Code   RO         3502    .text               mc_w.l(iusefp.o)
    0x08001460   0x08001460   0x0000006e   Code   RO         3503    .text               mf_w.l(fepilogue.o)
    0x080014ce   0x080014ce   0x000000ba   Code   RO         3505    .text               mf_w.l(depilogue.o)
    0x08001588   0x08001588   0x00000030   Code   RO         3507    .text               mf_w.l(dfixul.o)
    0x080015b8   0x080015b8   0x00000030   Code   RO         3511    .text               mf_w.l(cdrcmple.o)
    0x080015e8   0x080015e8   0x00000030   Code   RO         3517    .text               mc_w.l(init.o)
    0x08001618   0x08001618   0x0000000a   Code   RO         3519    .text               mc_w.l(isspace_c.o)
    0x08001622   0x08001622   0x0000001c   Code   RO         3521    .text               mc_w.l(_chval.o)
    0x0800163e   0x0800163e   0x00000002   PAD
    0x08001640   0x08001640   0x0000032c   Code   RO         3523    .text               mc_w.l(_scanf.o)
    0x0800196c   0x0800196c   0x00000018   Code   RO         3527    .text               mf_w.l(dfltul.o)
    0x08001984   0x08001984   0x00000028   Code   RO         3529    .text               mc_w.l(ctype_c.o)
    0x080019ac   0x080019ac   0x00000056   Code   RO         3540    .text               mc_w.l(__dczerorl2.o)
    0x08001a02   0x08001a02   0x00000002   PAD
    0x08001a04   0x08001a04   0x0000000a   Code   RO         2888    .text.$Sub$$main    components.o
    0x08001a0e   0x08001a0e   0x00000002   PAD
    0x08001a10   0x08001a10   0x0000002c   Code   RO           51    .text.ADC_Cmd       stm32f10x_adc.o
    0x08001a3c   0x08001a3c   0x000000a4   Code   RO         1509    .text.ADC_Config    adc.o
    0x08001ae0   0x08001ae0   0x00000030   Code   RO         1515    .text.ADC_ConvertToLightIntensity  adc.o
    0x08001b10   0x08001b10   0x0000002c   Code   RO           53    .text.ADC_DMACmd    stm32f10x_adc.o
    0x08001b3c   0x08001b3c   0x00000068   Code   RO         1507    .text.ADC_DMA_Config  adc.o
    0x08001ba4   0x08001ba4   0x0000002c   Code   RO         1505    .text.ADC_GPIO_Config  adc.o
    0x08001bd0   0x08001bd0   0x0000002e   Code   RO           63    .text.ADC_GetCalibrationStatus  stm32f10x_adc.o
    0x08001bfe   0x08001bfe   0x00000002   PAD
    0x08001c00   0x08001c00   0x00000084   Code   RO         1511    .text.ADC_GetFilteredValue  adc.o
    0x08001c84   0x08001c84   0x0000002e   Code   RO           59    .text.ADC_GetResetCalibrationStatus  stm32f10x_adc.o
    0x08001cb2   0x08001cb2   0x00000002   PAD
    0x08001cb4   0x08001cb4   0x0000009a   Code   RO           47    .text.ADC_Init      stm32f10x_adc.o
    0x08001d4e   0x08001d4e   0x00000002   PAD
    0x08001d50   0x08001d50   0x00000010   Code   RO         1519    .text.ADC_LightSensor_Init  adc.o
    0x08001d60   0x08001d60   0x0000017c   Code   RO           73    .text.ADC_RegularChannelConfig  stm32f10x_adc.o
    0x08001edc   0x08001edc   0x00000012   Code   RO           57    .text.ADC_ResetCalibration  stm32f10x_adc.o
    0x08001eee   0x08001eee   0x00000002   PAD
    0x08001ef0   0x08001ef0   0x0000002c   Code   RO           65    .text.ADC_SoftwareStartConvCmd  stm32f10x_adc.o
    0x08001f1c   0x08001f1c   0x00000012   Code   RO           61    .text.ADC_StartCalibration  stm32f10x_adc.o
    0x08001f2e   0x08001f2e   0x00000002   PAD
    0x08001f30   0x08001f30   0x00000026   Code   RO         1517    .text.ADC_TASK      adc.o
    0x08001f56   0x08001f56   0x00000002   PAD
    0x08001f58   0x08001f58   0x00000058   Code   RO         1521    .text.ADC_Task_Init  adc.o
    0x08001fb0   0x08001fb0   0x000001ae   Code   RO         2072    .text.AT_Cmd_Register  at_function.o
    0x0800215e   0x0800215e   0x00000002   PAD
    0x08002160   0x08002160   0x0000001e   Code   RO         2082    .text.AT_HW_INIT_TASK  at_function.o
    0x0800217e   0x0800217e   0x00000002   PAD
    0x08002180   0x08002180   0x0000012c   Code   RO         2090    .text.AT_IDLE_TASK  at_function.o
    0x080022ac   0x080022ac   0x00000092   Code   RO         2088    .text.AT_INIT_TASK  at_function.o
    0x0800233e   0x0800233e   0x00000002   PAD
    0x08002340   0x08002340   0x00000176   Code   RO         2092    .text.AT_PARSE_TASK  at_function.o
    0x080024b6   0x080024b6   0x00000002   PAD
    0x080024b8   0x080024b8   0x00000192   Code   RO         2068    .text.AT_SendCmd    at_function.o
    0x0800264a   0x0800264a   0x00000002   PAD
    0x0800264c   0x0800264c   0x0000001c   Code   RO         1482    .text.AT_Thread_Entry  at_task.o
    0x08002668   0x08002668   0x000000c0   Code   RO         1488    .text.AT_Thread_Init  at_task.o
    0x08002728   0x08002728   0x00000052   Code   RO         2094    .text.AT_UPDATA_TASK  at_function.o
    0x0800277a   0x0800277a   0x00000002   PAD
    0x0800277c   0x0800277c   0x00000094   Code   RO         2084    .text.AT_poll       at_function.o
    0x08002810   0x08002810   0x00000268   Code   RO         2133    .text.BASE64_Decode  base64.o
    0x08002a78   0x08002a78   0x000001f8   Code   RO         2131    .text.BASE64_Encode  base64.o
    0x08002c70   0x08002c70   0x00000010   Code   RO          124    .text.BKP_DeInit    stm32f10x_bkp.o
    0x08002c80   0x08002c80   0x00000026   Code   RO          138    .text.BKP_ReadBackupRegister  stm32f10x_bkp.o
    0x08002ca6   0x08002ca6   0x00000002   PAD
    0x08002ca8   0x08002ca8   0x0000002e   Code   RO          136    .text.BKP_WriteBackupRegister  stm32f10x_bkp.o
    0x08002cd6   0x08002cd6   0x00000002   PAD
    0x08002cd8   0x08002cd8   0x00000004   Code   RO         1585    .text.BusFault_Handler  stm32f10x_it.o
    0x08002cdc   0x08002cdc   0x0000002e   Code   RO          326    .text.DMA_ClearFlag  stm32f10x_dma.o
    0x08002d0a   0x08002d0a   0x00000002   PAD
    0x08002d0c   0x08002d0c   0x0000002e   Code   RO          316    .text.DMA_Cmd       stm32f10x_dma.o
    0x08002d3a   0x08002d3a   0x00000002   PAD
    0x08002d3c   0x08002d3c   0x000001b8   Code   RO          310    .text.DMA_DeInit    stm32f10x_dma.o
    0x08002ef4   0x08002ef4   0x0000000e   Code   RO          322    .text.DMA_GetCurrDataCounter  stm32f10x_dma.o
    0x08002f02   0x08002f02   0x00000002   PAD
    0x08002f04   0x08002f04   0x00000054   Code   RO          324    .text.DMA_GetFlagStatus  stm32f10x_dma.o
    0x08002f58   0x08002f58   0x0000006c   Code   RO          312    .text.DMA_Init      stm32f10x_dma.o
    0x08002fc4   0x08002fc4   0x00000014   Code   RO          320    .text.DMA_SetCurrDataCounter  stm32f10x_dma.o
    0x08002fd8   0x08002fd8   0x00000002   Code   RO         1591    .text.DebugMon_Handler  stm32f10x_it.o
    0x08002fda   0x08002fda   0x00000002   PAD
    0x08002fdc   0x08002fdc   0x0000006a   Code   RO          376    .text.FLASH_ErasePage  stm32f10x_flash.o
    0x08003046   0x08003046   0x00000002   PAD
    0x08003048   0x08003048   0x00000068   Code   RO          416    .text.FLASH_GetBank1Status  stm32f10x_flash.o
    0x080030b0   0x080030b0   0x00000012   Code   RO          372    .text.FLASH_Lock    stm32f10x_flash.o
    0x080030c2   0x080030c2   0x00000002   PAD
    0x080030c4   0x080030c4   0x000000a0   Code   RO          390    .text.FLASH_ProgramWord  stm32f10x_flash.o
    0x08003164   0x08003164   0x0000001e   Code   RO          368    .text.FLASH_Unlock  stm32f10x_flash.o
    0x08003182   0x08003182   0x00000002   PAD
    0x08003184   0x08003184   0x0000005e   Code   RO          378    .text.FLASH_WaitForLastOperation  stm32f10x_flash.o
    0x080031e2   0x080031e2   0x00000002   PAD
    0x080031e4   0x080031e4   0x00000186   Code   RO          474    .text.GPIO_Init     stm32f10x_gpio.o
    0x0800336a   0x0800336a   0x00000002   PAD
    0x0800336c   0x0800336c   0x000001fa   Code   RO         2076    .text.Get_NTP_Time  at_function.o
    0x08003566   0x08003566   0x00000002   PAD
    0x08003568   0x08003568   0x00000084   Code   RO         1513    .text.KalmanFilter  adc.o
    0x080035ec   0x080035ec   0x00000018   Code   RO         2066    .text.MQTTDISCONNECTED_CallBack  at_function.o
    0x08003604   0x08003604   0x00000004   Code   RO         1583    .text.MemManage_Handler  stm32f10x_it.o
    0x08003608   0x08003608   0x000000f8   Code   RO         1294    .text.MyGPIO_Init   gpio.o
    0x08003700   0x08003700   0x000000b0   Code   RO         1151    .text.MyRTC_Init    myrtc.o
    0x080037b0   0x080037b0   0x0000009a   Code   RO         1155    .text.MyRTC_ReadTime  myrtc.o
    0x0800384a   0x0800384a   0x00000002   PAD
    0x0800384c   0x0800384c   0x00000044   Code   RO         1153    .text.MyRTC_SetTime  myrtc.o
    0x08003890   0x08003890   0x000002a2   Code   RO         1218    .text.My_UART_Init  uart.o
    0x08003b32   0x08003b32   0x00000002   PAD
    0x08003b34   0x08003b34   0x00000002   Code   RO         1581    .text.NMI_Handler   stm32f10x_it.o
    0x08003b36   0x08003b36   0x00000002   PAD
    0x08003b38   0x08003b38   0x000000a6   Code   RO           30    .text.NVIC_Init     misc.o
    0x08003bde   0x08003bde   0x00000002   PAD
    0x08003be0   0x08003be0   0x0000001c   Code   RO           28    .text.NVIC_PriorityGroupConfig  misc.o
    0x08003bfc   0x08003bfc   0x00000206   Code   RO         2169    .text.OTA_UrlEncode  onenet.o
    0x08003e02   0x08003e02   0x00000002   PAD
    0x08003e04   0x08003e04   0x000001e6   Code   RO         2167    .text.OneNET_Authorization  onenet.o
    0x08003fea   0x08003fea   0x00000002   PAD
    0x08003fec   0x08003fec   0x00000016   Code   RO          607    .text.PWR_BackupAccessCmd  stm32f10x_pwr.o
    0x08004002   0x08004002   0x00000002   PAD
    0x08004004   0x08004004   0x00000038   Code   RO          672    .text.RCC_AHBPeriphClockCmd  stm32f10x_rcc.o
    0x0800403c   0x0800403c   0x00000038   Code   RO          676    .text.RCC_APB1PeriphClockCmd  stm32f10x_rcc.o
    0x08004074   0x08004074   0x00000038   Code   RO          680    .text.RCC_APB1PeriphResetCmd  stm32f10x_rcc.o
    0x080040ac   0x080040ac   0x00000038   Code   RO          674    .text.RCC_APB2PeriphClockCmd  stm32f10x_rcc.o
    0x080040e4   0x080040e4   0x00000038   Code   RO          678    .text.RCC_APB2PeriphResetCmd  stm32f10x_rcc.o
    0x0800411c   0x0800411c   0x00000018   Code   RO          682    .text.RCC_BackupResetCmd  stm32f10x_rcc.o
    0x08004134   0x08004134   0x00000172   Code   RO          670    .text.RCC_GetClocksFreq  stm32f10x_rcc.o
    0x080042a6   0x080042a6   0x00000002   PAD
    0x080042a8   0x080042a8   0x00000082   Code   RO          636    .text.RCC_GetFlagStatus  stm32f10x_rcc.o
    0x0800432a   0x0800432a   0x00000002   PAD
    0x0800432c   0x0800432c   0x00000018   Code   RO          664    .text.RCC_LSICmd    stm32f10x_rcc.o
    0x08004344   0x08004344   0x00000018   Code   RO          668    .text.RCC_RTCCLKCmd  stm32f10x_rcc.o
    0x0800435c   0x0800435c   0x00000018   Code   RO          666    .text.RCC_RTCCLKConfig  stm32f10x_rcc.o
    0x08004374   0x08004374   0x00000012   Code   RO          705    .text.RTC_EnterConfigMode  stm32f10x_rtc.o
    0x08004386   0x08004386   0x00000002   PAD
    0x08004388   0x08004388   0x00000012   Code   RO          707    .text.RTC_ExitConfigMode  stm32f10x_rtc.o
    0x0800439a   0x0800439a   0x00000002   PAD
    0x0800439c   0x0800439c   0x0000002c   Code   RO          709    .text.RTC_GetCounter  stm32f10x_rtc.o
    0x080043c8   0x080043c8   0x0000002c   Code   RO          711    .text.RTC_SetCounter  stm32f10x_rtc.o
    0x080043f4   0x080043f4   0x0000002e   Code   RO          713    .text.RTC_SetPrescaler  stm32f10x_rtc.o
    0x08004422   0x08004422   0x00000002   PAD
    0x08004424   0x08004424   0x00000018   Code   RO          719    .text.RTC_WaitForLastTask  stm32f10x_rtc.o
    0x0800443c   0x0800443c   0x00000028   Code   RO          721    .text.RTC_WaitForSynchro  stm32f10x_rtc.o
    0x08004464   0x08004464   0x00000030   Code   RO         2421    .text.Read_KV_Data  user_db.o
    0x08004494   0x08004494   0x0000004e   Code   RO         1624    .text.SEGGER_RTT_Write  segger_rtt.o
    0x080044e2   0x080044e2   0x00000002   PAD
    0x080044e4   0x080044e4   0x000000b0   Code   RO         1620    .text.SEGGER_RTT_WriteNoLock  segger_rtt.o
    0x08004594   0x08004594   0x0000002a   Code   RO         1694    .text.SEGGER_RTT_printf  segger_rtt_printf.o
    0x080045be   0x080045be   0x00000002   PAD
    0x080045c0   0x080045c0   0x00000490   Code   RO         1686    .text.SEGGER_RTT_vprintf  segger_rtt_printf.o
    0x08004a50   0x08004a50   0x00000002   Code   RO         1589    .text.SVC_Handler   stm32f10x_it.o
    0x08004a52   0x08004a52   0x00000002   PAD
    0x08004a54   0x08004a54   0x00000030   Code   RO         2423    .text.Save_KV_Data  user_db.o
    0x08004a84   0x08004a84   0x00000008   Code   RO            4    .text.SetSysClock   system_stm32f10x.o
    0x08004a8c   0x08004a8c   0x00000122   Code   RO            8    .text.SetSysClockTo72  system_stm32f10x.o
    0x08004bae   0x08004bae   0x00000002   PAD
    0x08004bb0   0x08004bb0   0x00000052   Code   RO         3253    .text.SysTick_Config  board.o
    0x08004c02   0x08004c02   0x00000002   PAD
    0x08004c04   0x08004c04   0x00000010   Code   RO         3249    .text.SysTick_Handler  board.o
    0x08004c14   0x08004c14   0x00000066   Code   RO            2    .text.SystemInit    system_stm32f10x.o
    0x08004c7a   0x08004c7a   0x00000002   PAD
    0x08004c7c   0x08004c7c   0x00000026   Code   RO         1555    .text.TIM1_UP_IRQHandler  tim.o
    0x08004ca2   0x08004ca2   0x00000002   PAD
    0x08004ca4   0x08004ca4   0x00000022   Code   RO         1557    .text.TIM2_IRQHandler  tim.o
    0x08004cc6   0x08004cc6   0x00000002   PAD
    0x08004cc8   0x08004cc8   0x00000026   Code   RO         1559    .text.TIM3_IRQHandler  tim.o
    0x08004cee   0x08004cee   0x00000002   PAD
    0x08004cf0   0x08004cf0   0x00000026   Code   RO         1561    .text.TIM4_IRQHandler  tim.o
    0x08004d16   0x08004d16   0x00000002   PAD
    0x08004d18   0x08004d18   0x00000016   Code   RO         1038    .text.TIM_ClearITPendingBit  stm32f10x_tim.o
    0x08004d2e   0x08004d2e   0x00000002   PAD
    0x08004d30   0x08004d30   0x0000005a   Code   RO         1036    .text.TIM_GetITStatus  stm32f10x_tim.o
    0x08004d8a   0x08004d8a   0x00000002   PAD
    0x08004d8c   0x08004d8c   0x00000014   Code   RO         1244    .text.UART4_IRQHandler  uart.o
    0x08004da0   0x08004da0   0x00000086   Code   RO         1246    .text.UART5_IRQHandler  uart.o
    0x08004e26   0x08004e26   0x00000002   PAD
    0x08004e28   0x08004e28   0x00000138   Code   RO         1232    .text.UART_DMA_Transmit  uart.o
    0x08004f60   0x08004f60   0x00000012   Code   RO         1238    .text.USART1_IRQHandler  uart.o
    0x08004f72   0x08004f72   0x00000002   PAD
    0x08004f74   0x08004f74   0x00000014   Code   RO         1240    .text.USART2_IRQHandler  uart.o
    0x08004f88   0x08004f88   0x00000014   Code   RO         1242    .text.USART3_IRQHandler  uart.o
    0x08004f9c   0x08004f9c   0x00000044   Code   RO         1103    .text.USART_ClearITPendingBit  stm32f10x_usart.o
    0x08004fe0   0x08004fe0   0x0000002c   Code   RO         1057    .text.USART_Cmd     stm32f10x_usart.o
    0x0800500c   0x0800500c   0x00000034   Code   RO         1061    .text.USART_DMACmd  stm32f10x_usart.o
    0x08005040   0x08005040   0x000000d0   Code   RO         1047    .text.USART_DeInit  stm32f10x_usart.o
    0x08005110   0x08005110   0x000000b0   Code   RO         1101    .text.USART_GetITStatus  stm32f10x_usart.o
    0x080051c0   0x080051c0   0x000000f6   Code   RO         1236    .text.USART_IRQHandler  uart.o
    0x080052b6   0x080052b6   0x00000002   PAD
    0x080052b8   0x080052b8   0x00000092   Code   RO         1059    .text.USART_ITConfig  stm32f10x_usart.o
    0x0800534a   0x0800534a   0x00000002   PAD
    0x0800534c   0x0800534c   0x0000015c   Code   RO         1049    .text.USART_Init    stm32f10x_usart.o
    0x080054a8   0x080054a8   0x00000010   Code   RO         1075    .text.USART_ReceiveData  stm32f10x_usart.o
    0x080054b8   0x080054b8   0x00000004   Code   RO         1587    .text.UsageFault_Handler  stm32f10x_it.o
    0x080054bc   0x080054bc   0x0000009c   Code   RO         1602    .text._DoInit       segger_rtt.o
    0x08005558   0x08005558   0x0000003e   Code   RO         1614    .text._GetAvailWriteSpace  segger_rtt.o
    0x08005596   0x08005596   0x00000002   PAD
    0x08005598   0x08005598   0x000001cc   Code   RO         1690    .text._PrintInt     segger_rtt_printf.o
    0x08005764   0x08005764   0x000001ac   Code   RO         1692    .text._PrintUnsigned  segger_rtt_printf.o
    0x08005910   0x08005910   0x00000076   Code   RO         1688    .text._StoreChar    segger_rtt_printf.o
    0x08005986   0x08005986   0x00000002   PAD
    0x08005988   0x08005988   0x000000e0   Code   RO         1618    .text._WriteBlocking  segger_rtt.o
    0x08005a68   0x08005a68   0x00000084   Code   RO         1616    .text._WriteNoCheck  segger_rtt.o
    0x08005aec   0x08005aec   0x00000042   Code   RO         3257    .text.__NVIC_SetPriority  board.o
    0x08005b2e   0x08005b2e   0x00000002   PAD
    0x08005b30   0x08005b30   0x0000007e   Code   RO         3069    .text.__rt_ffs      kservice.o
    0x08005bae   0x08005bae   0x00000002   PAD
    0x08005bb0   0x08005bb0   0x000000b8   Code   RO         2398    .text._fdb_continue_ff_addr  fdb_utils.o
    0x08005c68   0x08005c68   0x00000024   Code   RO         2185    .text._fdb_db_path  fdb.o
    0x08005c8c   0x08005c8c   0x00000052   Code   RO         2404    .text._fdb_flash_erase  fdb_utils.o
    0x08005cde   0x08005cde   0x00000002   PAD
    0x08005ce0   0x08005ce0   0x00000056   Code   RO         2396    .text._fdb_flash_read  fdb_utils.o
    0x08005d36   0x08005d36   0x00000002   PAD
    0x08005d38   0x08005d38   0x00000060   Code   RO         2392    .text._fdb_flash_write  fdb_utils.o
    0x08005d98   0x08005d98   0x00000048   Code   RO         2388    .text._fdb_get_status  fdb_utils.o
    0x08005de0   0x08005de0   0x0000028a   Code   RO         2181    .text._fdb_init_ex  fdb.o
    0x0800606a   0x0800606a   0x00000002   PAD
    0x0800606c   0x0800606c   0x000000ea   Code   RO         2183    .text._fdb_init_finish  fdb.o
    0x08006156   0x08006156   0x00000002   PAD
    0x08006158   0x08006158   0x000000f8   Code   RO         2243    .text._fdb_kv_load  fdb_kvdb.o
    0x08006250   0x08006250   0x00000078   Code   RO         2394    .text._fdb_read_status  fdb_utils.o
    0x080062c8   0x080062c8   0x0000004e   Code   RO         2386    .text._fdb_set_status  fdb_utils.o
    0x08006316   0x08006316   0x00000002   PAD
    0x08006318   0x08006318   0x000000f2   Code   RO         2390    .text._fdb_write_status  fdb_utils.o
    0x0800640a   0x0800640a   0x00000002   PAD
    0x0800640c   0x0800640c   0x000000c4   Code   RO         3163    .text._rt_thread_init  thread.o
    0x080064d0   0x080064d0   0x00000068   Code   RO         3206    .text._rt_timer_init  timer.o
    0x08006538   0x08006538   0x00000030   Code   RO         3210    .text._rt_timer_remove  timer.o
    0x08006568   0x08006568   0x00000026   Code   RO         3157    .text._thread_cleanup_execute  thread.o
    0x0800658e   0x0800658e   0x00000002   PAD
    0x08006590   0x08006590   0x0000005a   Code   RO         2583    .text.add_item_to_array  cjson.o
    0x080065ea   0x080065ea   0x00000002   PAD
    0x080065ec   0x080065ec   0x000000a8   Code   RO         2587    .text.add_item_to_object  cjson.o
    0x08006694   0x08006694   0x00000096   Code   RO         2299    .text.align_write   fdb_kvdb.o
    0x0800672a   0x0800672a   0x00000002   PAD
    0x0800672c   0x0800672c   0x00000114   Code   RO         2277    .text.alloc_kv      fdb_kvdb.o
    0x08006840   0x08006840   0x0000006a   Code   RO         2281    .text.alloc_kv_cb   fdb_kvdb.o
    0x080068aa   0x080068aa   0x00000002   PAD
    0x080068ac   0x080068ac   0x00000066   Code   RO         2086    .text.at_device_register  at_function.o
    0x08006912   0x08006912   0x00000002   PAD
    0x08006914   0x08006914   0x0000007c   Code   RO         1252    .text.binary_strstr  uart.o
    0x08006990   0x08006990   0x0000007c   Code   RO         2549    .text.buffer_skip_whitespace  cjson.o
    0x08006a0c   0x08006a0c   0x00000028   Code   RO         2585    .text.cJSON_AddItemToObject  cjson.o
    0x08006a34   0x08006a34   0x0000004c   Code   RO         2613    .text.cJSON_AddNumberToObject  cjson.o
    0x08006a80   0x08006a80   0x00000048   Code   RO         2617    .text.cJSON_AddStringToObject  cjson.o
    0x08006ac8   0x08006ac8   0x00000086   Code   RO         2615    .text.cJSON_CreateNumber  cjson.o
    0x08006b4e   0x08006b4e   0x00000002   PAD
    0x08006b50   0x08006b50   0x00000026   Code   RO         2627    .text.cJSON_CreateObject  cjson.o
    0x08006b76   0x08006b76   0x00000002   PAD
    0x08006b78   0x08006b78   0x00000054   Code   RO         2619    .text.cJSON_CreateString  cjson.o
    0x08006bcc   0x08006bcc   0x00000098   Code   RO         2539    .text.cJSON_Delete  cjson.o
    0x08006c64   0x08006c64   0x00000010   Code   RO         2529    .text.cJSON_GetErrorPtr  cjson.o
    0x08006c74   0x08006c74   0x00000016   Code   RO         2573    .text.cJSON_GetObjectItem  cjson.o
    0x08006c8a   0x08006c8a   0x00000002   PAD
    0x08006c8c   0x08006c8c   0x00000016   Code   RO         2577    .text.cJSON_GetObjectItemCaseSensitive  cjson.o
    0x08006ca2   0x08006ca2   0x00000002   PAD
    0x08006ca4   0x08006ca4   0x00000026   Code   RO         2545    .text.cJSON_New_Item  cjson.o
    0x08006cca   0x08006cca   0x00000002   PAD
    0x08006ccc   0x08006ccc   0x00000014   Code   RO         2553    .text.cJSON_Parse   cjson.o
    0x08006ce0   0x08006ce0   0x0000012a   Code   RO         2543    .text.cJSON_ParseWithOpts  cjson.o
    0x08006e0a   0x08006e0a   0x00000002   PAD
    0x08006e0c   0x08006e0c   0x0000001a   Code   RO         2559    .text.cJSON_PrintUnformatted  cjson.o
    0x08006e26   0x08006e26   0x00000002   PAD
    0x08006e28   0x08006e28   0x00000050   Code   RO         2659    .text.cJSON_strdup  cjson.o
    0x08006e78   0x08006e78   0x00000088   Code   RO         2735    .text.case_insensitive_strcmp  cjson.o
    0x08006f00   0x08006f00   0x0000000a   Code   RO         2663    .text.cast_away_const  cjson.o
    0x08006f0a   0x08006f0a   0x00000002   PAD
    0x08006f0c   0x08006f0c   0x00000038   Code   RO         2303    .text.check_and_recovery_gc_cb  fdb_kvdb.o
    0x08006f44   0x08006f44   0x00000174   Code   RO         2305    .text.check_and_recovery_kv_cb  fdb_kvdb.o
    0x080070b8   0x080070b8   0x000000f8   Code   RO         2498    .text.check_and_update_part_cache  fal_partition.o
    0x080071b0   0x080071b0   0x00000046   Code   RO         2241    .text.check_oldest_addr_cb  fdb_kvdb.o
    0x080071f6   0x080071f6   0x00000002   PAD
    0x080071f8   0x080071f8   0x000000a8   Code   RO         2301    .text.check_sec_hdr_cb  fdb_kvdb.o
    0x080072a0   0x080072a0   0x000002fe   Code   RO         2227    .text.create_kv_blob  fdb_kvdb.o
    0x0800759e   0x0800759e   0x00000002   PAD
    0x080075a0   0x080075a0   0x00000072   Code   RO         1159    .text.create_rtc_time_thread  myrtc.o
    0x08007612   0x08007612   0x00000002   PAD
    0x08007614   0x08007614   0x000001b2   Code   RO         2215    .text.del_kv        fdb_kvdb.o
    0x080077c6   0x080077c6   0x00000002   PAD
    0x080077c8   0x080077c8   0x00000052   Code   RO         3071    .text.divide        kservice.o
    0x0800781a   0x0800781a   0x00000002   PAD
    0x0800781c   0x0800781c   0x000001ee   Code   RO         2285    .text.do_gc         fdb_kvdb.o
    0x08007a0a   0x08007a0a   0x00000002   PAD
    0x08007a0c   0x08007a0c   0x00000030   Code   RO         1135    .text.dwt_init      sys.o
    0x08007a3c   0x08007a3c   0x0000013e   Code   RO         2723    .text.ensure        cjson.o
    0x08007b7a   0x08007b7a   0x00000002   PAD
    0x08007b7c   0x08007b7c   0x00000082   Code   RO         2481    .text.erase         fal_flash_stm32f1_port.o
    0x08007bfe   0x08007bfe   0x00000002   PAD
    0x08007c00   0x08007c00   0x000000a8   Code   RO         2461    .text.fal_flash_device_find  fal_flash.o
    0x08007ca8   0x08007ca8   0x0000010c   Code   RO         2459    .text.fal_flash_init  fal_flash.o
    0x08007db4   0x08007db4   0x000000c2   Code   RO         2446    .text.fal_init      fal.o
    0x08007e76   0x08007e76   0x00000002   PAD
    0x08007e78   0x08007e78   0x0000012c   Code   RO         2512    .text.fal_partition_erase  fal_partition.o
    0x08007fa4   0x08007fa4   0x00000092   Code   RO         2500    .text.fal_partition_find  fal_partition.o
    0x08008036   0x08008036   0x00000002   PAD
    0x08008038   0x08008038   0x00000072   Code   RO         2496    .text.fal_partition_init  fal_partition.o
    0x080080aa   0x080080aa   0x00000002   PAD
    0x080080ac   0x080080ac   0x00000156   Code   RO         2506    .text.fal_partition_read  fal_partition.o
    0x08008202   0x08008202   0x00000002   PAD
    0x08008204   0x08008204   0x00000156   Code   RO         2510    .text.fal_partition_write  fal_partition.o
    0x0800835a   0x0800835a   0x00000002   PAD
    0x0800835c   0x0800835c   0x000001c4   Code   RO         2494    .text.fal_show_part_table  fal_partition.o
    0x08008520   0x08008520   0x0000001a   Code   RO         2400    .text.fdb_blob_make  fdb_utils.o
    0x0800853a   0x0800853a   0x00000002   PAD
    0x0800853c   0x0800853c   0x0000004a   Code   RO         2384    .text.fdb_calc_crc32  fdb_utils.o
    0x08008586   0x08008586   0x00000002   PAD
    0x08008588   0x08008588   0x000000a8   Code   RO         2205    .text.fdb_kv_get_blob  fdb_kvdb.o
    0x08008630   0x08008630   0x000000a4   Code   RO         2217    .text.fdb_kv_set_blob  fdb_kvdb.o
    0x080086d4   0x080086d4   0x00000134   Code   RO         2223    .text.fdb_kv_set_default  fdb_kvdb.o
    0x08008808   0x08008808   0x0000017e   Code   RO         2235    .text.fdb_kvdb_control  fdb_kvdb.o
    0x08008986   0x08008986   0x00000002   PAD
    0x08008988   0x08008988   0x0000026c   Code   RO         2237    .text.fdb_kvdb_init  fdb_kvdb.o
    0x08008bf4   0x08008bf4   0x00000002   Code   RO         2473    .text.feed_dog      fal_flash_stm32f1_port.o
    0x08008bf6   0x08008bf6   0x00000002   PAD
    0x08008bf8   0x08008bf8   0x00000078   Code   RO         2201    .text.find_kv       fdb_kvdb.o
    0x08008c70   0x08008c70   0x0000006e   Code   RO         2267    .text.find_kv_cb    fdb_kvdb.o
    0x08008cde   0x08008cde   0x00000002   PAD
    0x08008ce0   0x08008ce0   0x00000038   Code   RO         2263    .text.find_kv_no_cache  fdb_kvdb.o
    0x08008d18   0x08008d18   0x00000104   Code   RO         2309    .text.find_next_kv_addr  fdb_kvdb.o
    0x08008e1c   0x08008e1c   0x00000098   Code   RO         2508    .text.flash_device_find_by_part  fal_partition.o
    0x08008eb4   0x08008eb4   0x0000012e   Code   RO         2225    .text.format_sector  fdb_kvdb.o
    0x08008fe2   0x08008fe2   0x00000002   PAD
    0x08008fe4   0x08008fe4   0x00000012   Code   RO         1254    .text.fputc         uart.o
    0x08008ff6   0x08008ff6   0x00000002   PAD
    0x08008ff8   0x08008ff8   0x0000008e   Code   RO         2144    .text.ft            hmac_sha1.o
    0x08009086   0x08009086   0x00000002   PAD
    0x08009088   0x08009088   0x00000032   Code   RO         2283    .text.gc_check_cb   fdb_kvdb.o
    0x080090ba   0x080090ba   0x00000002   PAD
    0x080090bc   0x080090bc   0x00000012   Code   RO         2307    .text.gc_collect    fdb_kvdb.o
    0x080090ce   0x080090ce   0x00000002   PAD
    0x080090d0   0x080090d0   0x000000ba   Code   RO         2273    .text.gc_collect_by_free_size  fdb_kvdb.o
    0x0800918a   0x0800918a   0x00000002   PAD
    0x0800918c   0x0800918c   0x00000004   Code   RO         2721    .text.get_decimal_point  cjson.o
    0x08009190   0x08009190   0x00000072   Code   RO         2207    .text.get_kv        fdb_kvdb.o
    0x08009202   0x08009202   0x00000002   PAD
    0x08009204   0x08009204   0x000000fa   Code   RO         2261    .text.get_kv_from_cache  fdb_kvdb.o
    0x080092fe   0x080092fe   0x00000002   PAD
    0x08009300   0x08009300   0x000000c0   Code   RO         2253    .text.get_next_kv_addr  fdb_kvdb.o
    0x080093c0   0x080093c0   0x0000006a   Code   RO         2257    .text.get_next_sector_addr  fdb_kvdb.o
    0x0800942a   0x0800942a   0x00000002   PAD
    0x0800942c   0x0800942c   0x0000009c   Code   RO         2575    .text.get_object_item  cjson.o
    0x080094c8   0x080094c8   0x00000056   Code   RO         2269    .text.get_sector_from_cache  fdb_kvdb.o
    0x0800951e   0x0800951e   0x00000002   PAD
    0x08009520   0x08009520   0x00000238   Code   RO         2154    .text.hmac_sha1     hmac_sha1.o
    0x08009758   0x08009758   0x00000004   Code   RO         2475    .text.init          fal_flash_stm32f1_port.o
    0x0800975c   0x0800975c   0x00000060   Code   RO         2146    .text.k             hmac_sha1.o
    0x080097bc   0x080097bc   0x000000aa   Code   RO         2231    .text.kv_iterator   fdb_kvdb.o
    0x08009866   0x08009866   0x00000002   PAD
    0x08009868   0x08009868   0x00000010   Code   RO         2417    .text.lock          user_db.o
    0x08009878   0x08009878   0x00000174   Code   RO         2114    .text.lot_Add_Number  lot_function.o
    0x080099ec   0x080099ec   0x0000007c   Code   RO         2120    .text.lot_clean     lot_function.o
    0x08009a68   0x08009a68   0x00000100   Code   RO         2110    .text.lot_create_root  lot_function.o
    0x08009b68   0x08009b68   0x000000c8   Code   RO         2118    .text.lot_generate_str  lot_function.o
    0x08009c30   0x08009c30   0x000000ba   Code   RO         1570    .text.main          main.o
    0x08009cea   0x08009cea   0x00000002   PAD
    0x08009cec   0x08009cec   0x00000012   Code   RO         2892    .text.main_thread_entry  components.o
    0x08009cfe   0x08009cfe   0x00000002   PAD
    0x08009d00   0x08009d00   0x00000208   Code   RO         2287    .text.move_kv       fdb_kvdb.o
    0x08009f08   0x08009f08   0x0000008a   Code   RO         2078    .text.mqtt_pub      at_function.o
    0x08009f92   0x08009f92   0x00000002   PAD
    0x08009f94   0x08009f94   0x00000028   Code   RO         1256    .text.my_uart_init  uart.o
    0x08009fbc   0x08009fbc   0x000000f0   Code   RO         2275    .text.new_kv        fdb_kvdb.o
    0x0800a0ac   0x0800a0ac   0x00000030   Code   RO         2271    .text.new_kv_ex     fdb_kvdb.o
    0x0800a0dc   0x0800a0dc   0x0000017c   Code   RO         2713    .text.parse_array   cjson.o
    0x0800a258   0x0800a258   0x000000be   Code   RO         2719    .text.parse_hex4    cjson.o
    0x0800a316   0x0800a316   0x00000002   PAD
    0x0800a318   0x0800a318   0x000001a6   Code   RO         2711    .text.parse_number  cjson.o
    0x0800a4be   0x0800a4be   0x00000002   PAD
    0x0800a4c0   0x0800a4c0   0x000001e0   Code   RO         2715    .text.parse_object  cjson.o
    0x0800a6a0   0x0800a6a0   0x00000256   Code   RO         2709    .text.parse_string  cjson.o
    0x0800a8f6   0x0800a8f6   0x00000002   PAD
    0x0800a8f8   0x0800a8f8   0x000001bc   Code   RO         2547    .text.parse_value   cjson.o
    0x0800aab4   0x0800aab4   0x00000100   Code   RO         2557    .text.print         cjson.o
    0x0800abb4   0x0800abb4   0x0000010e   Code   RO         2729    .text.print_array   cjson.o
    0x0800acc2   0x0800acc2   0x00000002   PAD
    0x0800acc4   0x0800acc4   0x00000130   Code   RO         2725    .text.print_number  cjson.o
    0x0800adf4   0x0800adf4   0x00000264   Code   RO         3057    .text.print_number  kservice.o
    0x0800b058   0x0800b058   0x00000246   Code   RO         2731    .text.print_object  cjson.o
    0x0800b29e   0x0800b29e   0x00000002   PAD
    0x0800b2a0   0x0800b2a0   0x00000016   Code   RO         2727    .text.print_string  cjson.o
    0x0800b2b6   0x0800b2b6   0x00000002   PAD
    0x0800b2b8   0x0800b2b8   0x00000216   Code   RO         2733    .text.print_string_ptr  cjson.o
    0x0800b4ce   0x0800b4ce   0x00000002   PAD
    0x0800b4d0   0x0800b4d0   0x00000164   Code   RO         2563    .text.print_value   cjson.o
    0x0800b634   0x0800b634   0x00000010   Code   RO         1894    .text.prvvTIMERExpiredISR  porttimer.o
    0x0800b644   0x0800b644   0x0000006c   Code   RO         2477    .text.read          fal_flash_stm32f1_port.o
    0x0800b6b0   0x0800b6b0   0x0000027c   Code   RO         2255    .text.read_kv       fdb_kvdb.o
    0x0800b92c   0x0800b92c   0x000002d0   Code   RO         2251    .text.read_sector_info  fdb_kvdb.o
    0x0800bbfc   0x0800bbfc   0x00000020   Code   RO         1222    .text.ring_reset    uart.o
    0x0800bc1c   0x0800bc1c   0x000000ea   Code   RO         1226    .text.ringbuf_get   uart.o
    0x0800bd06   0x0800bd06   0x00000002   PAD
    0x0800bd08   0x0800bd08   0x00000146   Code   RO         1224    .text.ringbuf_put   uart.o
    0x0800be4e   0x0800be4e   0x00000002   PAD
    0x0800be50   0x0800be50   0x00000044   Code   RO         2150    .text.rotl          hmac_sha1.o
    0x0800be94   0x0800be94   0x0000004c   Code   RO         2894    .text.rt_application_init  components.o
    0x0800bee0   0x0800bee0   0x00000034   Code   RO         2884    .text.rt_components_board_init  components.o
    0x0800bf14   0x0800bf14   0x00000034   Code   RO         2886    .text.rt_components_init  components.o
    0x0800bf48   0x0800bf48   0x00000022   Code   RO         3136    .text.rt_enter_critical  scheduler.o
    0x0800bf6a   0x0800bf6a   0x00000002   PAD
    0x0800bf6c   0x0800bf6c   0x00000056   Code   RO         3138    .text.rt_exit_critical  scheduler.o
    0x0800bfc2   0x0800bfc2   0x00000002   PAD
    0x0800bfc4   0x0800bfc4   0x0000002a   Code   RO         3251    .text.rt_hw_board_init  board.o
    0x0800bfee   0x0800bfee   0x00000002   PAD
    0x0800bff0   0x0800bff0   0x00000064   Code   RO         3255    .text.rt_hw_console_output  board.o
    0x0800c054   0x0800c054   0x00000168   Code   RO         2840    .text.rt_hw_hard_fault_exception  cpuport.o
    0x0800c1bc   0x0800c1bc   0x0000007c   Code   RO         2836    .text.rt_hw_stack_init  cpuport.o
    0x0800c238   0x0800c238   0x00000022   Code   RO         3007    .text.rt_interrupt_enter  irq.o
    0x0800c25a   0x0800c25a   0x00000002   PAD
    0x0800c25c   0x0800c25c   0x00000022   Code   RO         3009    .text.rt_interrupt_leave  irq.o
    0x0800c27e   0x0800c27e   0x00000002   PAD
    0x0800c280   0x0800c280   0x0000004c   Code   RO         3051    .text.rt_kprintf    kservice.o
    0x0800c2cc   0x0800c2cc   0x00000010   Code   RO         3120    .text.rt_list_init  scheduler.o
    0x0800c2dc   0x0800c2dc   0x00000010   Code   RO         3195    .text.rt_list_init  thread.o
    0x0800c2ec   0x0800c2ec   0x00000010   Code   RO         3222    .text.rt_list_init  timer.o
    0x0800c2fc   0x0800c2fc   0x00000026   Code   RO         3098    .text.rt_list_insert_after  object.o
    0x0800c322   0x0800c322   0x00000002   PAD
    0x0800c324   0x0800c324   0x00000026   Code   RO         3159    .text.rt_list_insert_after  thread.o
    0x0800c34a   0x0800c34a   0x00000002   PAD
    0x0800c34c   0x0800c34c   0x00000026   Code   RO         3214    .text.rt_list_insert_after  timer.o
    0x0800c372   0x0800c372   0x00000002   PAD
    0x0800c374   0x0800c374   0x00000026   Code   RO         3128    .text.rt_list_insert_before  scheduler.o
    0x0800c39a   0x0800c39a   0x00000002   PAD
    0x0800c39c   0x0800c39c   0x00000026   Code   RO         3177    .text.rt_list_insert_before  thread.o
    0x0800c3c2   0x0800c3c2   0x00000002   PAD
    0x0800c3c4   0x0800c3c4   0x00000014   Code   RO         3134    .text.rt_list_isempty  scheduler.o
    0x0800c3d8   0x0800c3d8   0x00000014   Code   RO         3224    .text.rt_list_isempty  timer.o
    0x0800c3ec   0x0800c3ec   0x00000020   Code   RO         3102    .text.rt_list_remove  object.o
    0x0800c40c   0x0800c40c   0x00000020   Code   RO         3132    .text.rt_list_remove  scheduler.o
    0x0800c42c   0x0800c42c   0x00000020   Code   RO         3175    .text.rt_list_remove  thread.o
    0x0800c44c   0x0800c44c   0x00000020   Code   RO         3226    .text.rt_list_remove  timer.o
    0x0800c46c   0x0800c46c   0x000000d4   Code   RO         3029    .text.rt_memcpy     kservice.o
    0x0800c540   0x0800c540   0x00000082   Code   RO         3031    .text.rt_memmove    kservice.o
    0x0800c5c2   0x0800c5c2   0x00000002   PAD
    0x0800c5c4   0x0800c5c4   0x000000b2   Code   RO         3027    .text.rt_memset     kservice.o
    0x0800c676   0x0800c676   0x00000002   PAD
    0x0800c678   0x0800c678   0x00000024   Code   RO         3100    .text.rt_object_detach  object.o
    0x0800c69c   0x0800c69c   0x00000054   Code   RO         3090    .text.rt_object_get_information  object.o
    0x0800c6f0   0x0800c6f0   0x00000080   Code   RO         3096    .text.rt_object_init  object.o
    0x0800c770   0x0800c770   0x00000022   Code   RO         3104    .text.rt_object_is_systemobject  object.o
    0x0800c792   0x0800c792   0x00000002   PAD
    0x0800c794   0x0800c794   0x000000ae   Code   RO         3124    .text.rt_schedule   scheduler.o
    0x0800c842   0x0800c842   0x00000002   PAD
    0x0800c844   0x0800c844   0x00000050   Code   RO         3126    .text.rt_schedule_insert_thread  scheduler.o
    0x0800c894   0x0800c894   0x0000004c   Code   RO         3130    .text.rt_schedule_remove_thread  scheduler.o
    0x0800c8e0   0x0800c8e0   0x0000004a   Code   RO         3049    .text.rt_show_version  kservice.o
    0x0800c92a   0x0800c92a   0x00000002   PAD
    0x0800c92c   0x0800c92c   0x00000026   Code   RO         3037    .text.rt_strlen     kservice.o
    0x0800c952   0x0800c952   0x00000002   PAD
    0x0800c954   0x0800c954   0x0000005c   Code   RO         3041    .text.rt_strncpy    kservice.o
    0x0800c9b0   0x0800c9b0   0x0000006a   Code   RO         3118    .text.rt_system_scheduler_init  scheduler.o
    0x0800ca1a   0x0800ca1a   0x00000002   PAD
    0x0800ca1c   0x0800ca1c   0x00000040   Code   RO         3122    .text.rt_system_scheduler_start  scheduler.o
    0x0800ca5c   0x0800ca5c   0x00000030   Code   RO         3232    .text.rt_system_timer_init  timer.o
    0x0800ca8c   0x0800ca8c   0x00000002   Code   RO         3234    .text.rt_system_timer_thread_init  timer.o
    0x0800ca8e   0x0800ca8e   0x00000002   PAD
    0x0800ca90   0x0800ca90   0x00000068   Code   RO         3155    .text.rt_thread_exit  thread.o
    0x0800caf8   0x0800caf8   0x0000000e   Code   RO         2914    .text.rt_thread_idle_entry  idle.o
    0x0800cb06   0x0800cb06   0x00000002   PAD
    0x0800cb08   0x0800cb08   0x00000002   Code   RO         2910    .text.rt_thread_idle_excute  idle.o
    0x0800cb0a   0x0800cb0a   0x00000002   PAD
    0x0800cb0c   0x0800cb0c   0x00000046   Code   RO         2912    .text.rt_thread_idle_init  idle.o
    0x0800cb52   0x0800cb52   0x00000002   PAD
    0x0800cb54   0x0800cb54   0x00000058   Code   RO         3161    .text.rt_thread_init  thread.o
    0x0800cbac   0x0800cbac   0x00000018   Code   RO         3187    .text.rt_thread_mdelay  thread.o
    0x0800cbc4   0x0800cbc4   0x0000004c   Code   RO         3169    .text.rt_thread_resume  thread.o
    0x0800cc10   0x0800cc10   0x0000000c   Code   RO         3165    .text.rt_thread_self  thread.o
    0x0800cc1c   0x0800cc1c   0x00000054   Code   RO         3179    .text.rt_thread_sleep  thread.o
    0x0800cc70   0x0800cc70   0x0000003e   Code   RO         3167    .text.rt_thread_startup  thread.o
    0x0800ccae   0x0800ccae   0x00000002   PAD
    0x0800ccb0   0x0800ccb0   0x00000054   Code   RO         3181    .text.rt_thread_suspend  thread.o
    0x0800cd04   0x0800cd04   0x00000028   Code   RO         3191    .text.rt_thread_timeout  thread.o
    0x0800cd2c   0x0800cd2c   0x00000074   Code   RO         3173    .text.rt_thread_yield  thread.o
    0x0800cda0   0x0800cda0   0x00000062   Code   RO         2866    .text.rt_tick_from_millisecond  clock.o
    0x0800ce02   0x0800ce02   0x00000002   PAD
    0x0800ce04   0x0800ce04   0x0000000c   Code   RO         2860    .text.rt_tick_get   clock.o
    0x0800ce10   0x0800ce10   0x0000003c   Code   RO         2864    .text.rt_tick_increase  clock.o
    0x0800ce4c   0x0800ce4c   0x000000d6   Code   RO         3220    .text.rt_timer_check  timer.o
    0x0800cf22   0x0800cf22   0x00000002   PAD
    0x0800cf24   0x0800cf24   0x0000007a   Code   RO         3218    .text.rt_timer_control  timer.o
    0x0800cf9e   0x0800cf9e   0x00000002   PAD
    0x0800cfa0   0x0800cfa0   0x0000002e   Code   RO         3208    .text.rt_timer_detach  timer.o
    0x0800cfce   0x0800cfce   0x00000002   PAD
    0x0800cfd0   0x0800cfd0   0x0000003e   Code   RO         3204    .text.rt_timer_init  timer.o
    0x0800d00e   0x0800d00e   0x00000002   PAD
    0x0800d010   0x0800d010   0x0000014a   Code   RO         3212    .text.rt_timer_start  timer.o
    0x0800d15a   0x0800d15a   0x00000002   PAD
    0x0800d15c   0x0800d15c   0x00000040   Code   RO         3216    .text.rt_timer_stop  timer.o
    0x0800d19c   0x0800d19c   0x000005c8   Code   RO         3053    .text.rt_vsnprintf  kservice.o
    0x0800d764   0x0800d764   0x00000018   Code   RO         1161    .text.rtc_time_thread_entry  myrtc.o
    0x0800d77c   0x0800d77c   0x00000004   Code   RO         2880    .text.rti_board_end  components.o
    0x0800d780   0x0800d780   0x00000004   Code   RO         2878    .text.rti_board_start  components.o
    0x0800d784   0x0800d784   0x00000004   Code   RO         2882    .text.rti_end       components.o
    0x0800d788   0x0800d788   0x00000004   Code   RO         2876    .text.rti_start     components.o
    0x0800d78c   0x0800d78c   0x0000002a   Code   RO         2890    .text.rtthread_startup  components.o
    0x0800d7b6   0x0800d7b6   0x00000002   PAD
    0x0800d7b8   0x0800d7b8   0x000000a2   Code   RO         2239    .text.sector_iterator  fdb_kvdb.o
    0x0800d85a   0x0800d85a   0x00000002   PAD
    0x0800d85c   0x0800d85c   0x00000054   Code   RO         2279    .text.sector_statistics_cb  fdb_kvdb.o
    0x0800d8b0   0x0800d8b0   0x00000044   Code   RO         2080    .text.set_ack       at_function.o
    0x0800d8f4   0x0800d8f4   0x00000122   Code   RO         2219    .text.set_kv        fdb_kvdb.o
    0x0800da16   0x0800da16   0x00000002   PAD
    0x0800da18   0x0800da18   0x0000031c   Code   RO         2152    .text.sha1          hmac_sha1.o
    0x0800dd34   0x0800dd34   0x00000038   Code   RO         3055    .text.skip_atoi     kservice.o
    0x0800dd6c   0x0800dd6c   0x00000066   Code   RO         2551    .text.skip_utf8_bom  cjson.o
    0x0800ddd2   0x0800ddd2   0x00000002   PAD
    0x0800ddd4   0x0800ddd4   0x00000016   Code   RO         2671    .text.suffix_object  cjson.o
    0x0800ddea   0x0800ddea   0x00000002   PAD
    0x0800ddec   0x0800ddec   0x000000fa   Code   RO         3245    .text.sys_clock_set  board.o
    0x0800dee6   0x0800dee6   0x00000002   PAD
    0x0800dee8   0x0800dee8   0x00000096   Code   RO         3247    .text.sys_stm32_clock_init  board.o
    0x0800df7e   0x0800df7e   0x00000002   PAD
    0x0800df80   0x0800df80   0x00000026   Code   RO         1484    .text.timeout1      at_task.o
    0x0800dfa6   0x0800dfa6   0x00000002   PAD
    0x0800dfa8   0x0800dfa8   0x00000026   Code   RO         1486    .text.timeout2      at_task.o
    0x0800dfce   0x0800dfce   0x00000002   PAD
    0x0800dfd0   0x0800dfd0   0x00000028   Code   RO         1234    .text.uartbuf_clear  uart.o
    0x0800dff8   0x0800dff8   0x0000000a   Code   RO         2419    .text.unlock        user_db.o
    0x0800e002   0x0800e002   0x00000002   PAD
    0x0800e004   0x0800e004   0x000001ae   Code   RO         2265    .text.update_kv_cache  fdb_kvdb.o
    0x0800e1b2   0x0800e1b2   0x00000002   PAD
    0x0800e1b4   0x0800e1b4   0x0000003a   Code   RO         2707    .text.update_offset  cjson.o
    0x0800e1ee   0x0800e1ee   0x00000002   PAD
    0x0800e1f0   0x0800e1f0   0x000000c0   Code   RO         2289    .text.update_sec_status  fdb_kvdb.o
    0x0800e2b0   0x0800e2b0   0x00000104   Code   RO         2295    .text.update_sector_cache  fdb_kvdb.o
    0x0800e3b4   0x0800e3b4   0x00000036   Code   RO         2291    .text.update_sector_empty_addr_cache  fdb_kvdb.o
    0x0800e3ea   0x0800e3ea   0x00000002   PAD
    0x0800e3ec   0x0800e3ec   0x0000002a   Code   RO         2293    .text.update_sector_status_store_cache  fdb_kvdb.o
    0x0800e416   0x0800e416   0x00000002   PAD
    0x0800e418   0x0800e418   0x0000019e   Code   RO         2070    .text.user_cmd_register  at_function.o
    0x0800e5b6   0x0800e5b6   0x00000002   PAD
    0x0800e5b8   0x0800e5b8   0x000000a4   Code   RO         2415    .text.user_db_init  user_db.o
    0x0800e65c   0x0800e65c   0x000001ca   Code   RO         2717    .text.utf16_literal_to_utf8  cjson.o
    0x0800e826   0x0800e826   0x00000002   PAD
    0x0800e828   0x0800e828   0x000000a4   Code   RO         2479    .text.write         fal_flash_stm32f1_port.o
    0x0800e8cc   0x0800e8cc   0x0000006c   Code   RO         2297    .text.write_kv_hdr  fdb_kvdb.o
    0x0800e938   0x0800e938   0x00000020   Code   RO         3316    i.__0printf         mc_w.l(printfa.o)
    0x0800e958   0x0800e958   0x00000034   Code   RO         3317    i.__0snprintf       mc_w.l(printfa.o)
    0x0800e98c   0x0800e98c   0x00000028   Code   RO         3318    i.__0sprintf        mc_w.l(printfa.o)
    0x0800e9b4   0x0800e9b4   0x00000034   Code   RO         3321    i.__0vsnprintf      mc_w.l(printfa.o)
    0x0800e9e8   0x0800e9e8   0x0000005c   Code   RO         3347    i.__free$realloc    mc_w.l(mallocr.o)
    0x0800ea44   0x0800ea44   0x00000050   Code   RO         3348    i.__malloc$realloc  mc_w.l(mallocr.o)
    0x0800ea94   0x0800ea94   0x0000000e   Code   RO         3534    i.__scatterload_copy  mc_w.l(handlers.o)
    0x0800eaa2   0x0800eaa2   0x00000002   Code   RO         3535    i.__scatterload_null  mc_w.l(handlers.o)
    0x0800eaa4   0x0800eaa4   0x0000000e   Code   RO         3536    i.__scatterload_zeroinit  mc_w.l(handlers.o)
    0x0800eab2   0x0800eab2   0x00000002   PAD
    0x0800eab4   0x0800eab4   0x00000184   Code   RO         3323    i._fp_digits        mc_w.l(printfa.o)
    0x0800ec38   0x0800ec38   0x0000000e   Code   RO         3494    i._is_digit         mc_w.l(scanf_fp.o)
    0x0800ec46   0x0800ec46   0x00000002   PAD
    0x0800ec48   0x0800ec48   0x000006dc   Code   RO         3324    i._printf_core      mc_w.l(printfa.o)
    0x0800f324   0x0800f324   0x00000024   Code   RO         3325    i._printf_post_padding  mc_w.l(printfa.o)
    0x0800f348   0x0800f348   0x0000002e   Code   RO         3326    i._printf_pre_padding  mc_w.l(printfa.o)
    0x0800f376   0x0800f376   0x00000016   Code   RO         3327    i._snputc           mc_w.l(printfa.o)
    0x0800f38c   0x0800f38c   0x0000000a   Code   RO         3328    i._sputc            mc_w.l(printfa.o)
    0x0800f396   0x0800f396   0x00000002   PAD
    0x0800f398   0x0800f398   0x00000050   Code   RO         3349    i.internal_alloc    mc_w.l(mallocr.o)
    0x0800f3e8   0x0800f3e8   0x0000006c   Code   RO         3350    i.realloc           mc_w.l(mallocr.o)
    0x0800f454   0x0800f454   0x0000001e   Code   RO         3270    i.strtod            m_ws.l(strtod.o)
    0x0800f472   0x0800f472   0x0000000c   Data   RO         3283    .constdata          mc_w.l(mktime.o)
    0x0800f47e   0x0800f47e   0x0000000c   Data   RO         3475    .constdata          mc_w.l(localtime_i.o)
    0x0800f48a   0x0800f48a   0x00000040   Data   RO         3530    .constdata          mc_w.l(ctype_c.o)
    0x0800f4ca   0x0800f4ca   0x00000002   PAD
    0x0800f4cc   0x0800f4cc   0x00000030   Data   RO         2101    .rodata..L__const.Get_NTP_Time.months  at_function.o
    0x0800f4fc   0x0800f4fc   0x0000001c   Data   RO         2102    .rodata..L__const.Get_NTP_Time.weekdays  at_function.o
    0x0800f518   0x0800f518   0x00000004   Data   RO          695    .rodata.ADCPrescTable  stm32f10x_rcc.o
    0x0800f51c   0x0800f51c   0x00000010   Data   RO          694    .rodata.APBAHBPrescTable  stm32f10x_rcc.o
    0x0800f52c   0x0800f52c   0x00000011   Data   RO         1675    .rodata._DoInit._aInitStr  segger_rtt.o
    0x0800f53d   0x0800f53d   0x00000010   Data   RO         1697    .rodata._PrintUnsigned._aV2C  segger_rtt_printf.o
    0x0800f54d   0x0800f54d   0x00000100   Data   RO         3076    .rodata.__lowest_bit_bitmap  kservice.o
    0x0800f64d   0x0800f64d   0x00000080   Data   RO         2136    .rodata.base64_dec_map  base64.o
    0x0800f6cd   0x0800f6cd   0x00000040   Data   RO         2135    .rodata.base64_enc_map  base64.o
    0x0800f70d   0x0800f70d   0x00000003   PAD
    0x0800f710   0x0800f710   0x00000400   Data   RO         2406    .rodata.crc32_table  fdb_utils.o
    0x0800fb10   0x0800fb10   0x00000004   Data   RO         2464    .rodata.device_table  fal_flash.o
    0x0800fb14   0x0800fb14   0x00000000   Data   RO         2520    .rodata.partition_table_def  fal_partition.o
    0x0800fb14   0x0800fb14   0x00000011   Data   RO         3078    .rodata.print_number.large_digits  kservice.o
    0x0800fb25   0x0800fb25   0x00000011   Data   RO         3077    .rodata.print_number.small_digits  kservice.o
    0x0800fb36   0x0800fb36   0x00000002   PAD
    0x0800fb38   0x0800fb38   0x00000038   Data   RO         2485    .rodata.stm32_onchip_flash  fal_flash_stm32f1_port.o
    0x0800fb70   0x0800fb70   0x0000007f   Data   RO         1165    .rodata.str1.1      myrtc.o
    0x0800fbef   0x0800fbef   0x0000002b   Data   RO         1269    .rodata.str1.1      uart.o
    0x0800fc1a   0x0800fc1a   0x0000003a   Data   RO         1302    .rodata.str1.1      gpio.o
    0x0800fc54   0x0800fc54   0x00000018   Data   RO         1493    .rodata.str1.1      at_task.o
    0x0800fc6c   0x0800fc6c   0x00000004   Data   RO         1526    .rodata.str1.1      adc.o
    0x0800fc70   0x0800fc70   0x00000058   Data   RO         1572    .rodata.str1.1      main.o
    0x0800fcc8   0x0800fcc8   0x00000009   Data   RO         1676    .rodata.str1.1      segger_rtt.o
    0x0800fcd1   0x0800fcd1   0x00000007   Data   RO         1696    .rodata.str1.1      segger_rtt_printf.o
    0x0800fcd8   0x0800fcd8   0x000003b3   Data   RO         2096    .rodata.str1.1      at_function.o
    0x0801008b   0x0801008b   0x000001f1   Data   RO         2122    .rodata.str1.1      lot_function.o
    0x0801027c   0x0801027c   0x000000d7   Data   RO         2171    .rodata.str1.1      onenet.o
    0x08010353   0x08010353   0x00000204   Data   RO         2189    .rodata.str1.1      fdb.o
    0x08010557   0x08010557   0x0000060b   Data   RO         2311    .rodata.str1.1      fdb_kvdb.o
    0x08010b62   0x08010b62   0x0000005b   Data   RO         2407    .rodata.str1.1      fdb_utils.o
    0x08010bbd   0x08010bbd   0x00000157   Data   RO         2437    .rodata.str1.1      user_db.o
    0x08010d14   0x08010d14   0x000000a3   Data   RO         2451    .rodata.str1.1      fal.o
    0x08010db7   0x08010db7   0x0000007d   Data   RO         2465    .rodata.str1.1      fal_flash.o
    0x08010e34   0x08010e34   0x000004ce   Data   RO         2516    .rodata.str1.1      fal_partition.o
    0x08011302   0x08011302   0x00000032   Data   RO         2739    .rodata.str1.1      cjson.o
    0x08011334   0x08011334   0x00000114   Data   RO         2847    .rodata.str1.1      cpuport.o
    0x08011448   0x08011448   0x00000006   Data   RO         2919    .rodata.str1.1      idle.o
    0x0801144e   0x0801144e   0x00000081   Data   RO         3074    .rodata.str1.1      kservice.o
    0x080114cf   0x080114cf   0x00000001   PAD
    0x080114d0   0x080114d0   0x00000004   Data   RO         2896    .rti_fn.0           components.o
    0x080114d4   0x080114d4   0x00000004   Data   RO         2897    .rti_fn.0.end       components.o
    0x080114d8   0x080114d8   0x00000004   Data   RO         2898    .rti_fn.1.end       components.o
    0x080114dc   0x080114dc   0x00000004   Data   RO         1143    .rti_fn.6           sys.o
    0x080114e0   0x080114e0   0x00000004   Data   RO         1166    .rti_fn.6           myrtc.o
    0x080114e4   0x080114e4   0x00000004   Data   RO         1271    .rti_fn.6           uart.o
    0x080114e8   0x080114e8   0x00000004   Data   RO         1497    .rti_fn.6           at_task.o
    0x080114ec   0x080114ec   0x00000004   Data   RO         1528    .rti_fn.6           adc.o
    0x080114f0   0x080114f0   0x00000004   Data   RO         2438    .rti_fn.6           user_db.o
    0x080114f4   0x080114f4   0x00000004   Data   RO         2899    .rti_fn.6.end       components.o
    0x080114f8   0x080114f8   0x00000020   Data   RO         3533    Region$$Table       anon$$obj.o


    Execution Region RW_IRAM1 (Exec base: 0x20000000, Load base: 0x08011518, Size: 0x00007f98, Max: 0x00010000, ABSOLUTE, COMPRESSED[0x00000108])

    Exec Addr    Load Addr    Size         Type   Attr      Idx    E Section Name        Object

    0x20000000   COMPRESSED   0x00000004   Data   RW         3451    .data               mc_w.l(stdout.o)
    0x20000004   COMPRESSED   0x00000004   Data   RW         3477    .data               mc_w.l(mvars.o)
    0x20000008   COMPRESSED   0x00000004   Data   RW         3478    .data               mc_w.l(mvars.o)
    0x2000000c   COMPRESSED   0x00000100   Data   RW         2097    .data.AT_Cmd_table  at_function.o
    0x2000010c   COMPRESSED   0x00000018   Data   RW         1491    .data.AT_Device     at_task.o
    0x20000124   COMPRESSED   0x00000080   Data   RW         2098    .data.AT_URC_table  at_function.o
    0x200001a4   COMPRESSED   0x0000000c   Data   RW         1163    .data.MyRTC_Time    myrtc.o
    0x200001b0   COMPRESSED   0x00000004   Data   RW           10    .data.SystemCoreClock  system_stm32f10x.o
    0x200001b4   COMPRESSED   0x00000004   Data   RW         1164    .data.Unix_Time     myrtc.o
    0x200001b8   COMPRESSED   0x0000000c   Data   RW         2436    .data.default_kv_table  user_db.o
    0x200001c4   COMPRESSED   0x0000000c   Data   RW         2740    .data.global_hooks  cjson.o
    0x200001d0   COMPRESSED   0x00000004   Data   RW         1529    .data.kalman_error_estimate  adc.o
    0x200001d4   COMPRESSED   0x00000070   Data   RW         3110    .data.rt_object_container  object.o
    0x20000244   COMPRESSED   0x0000000c   Data   RW         1259    .data.u1_ring_buf_t  uart.o
    0x20000250   COMPRESSED   0x0000000c   Data   RW         1261    .data.u3_ring_buf_t  uart.o
    0x2000025c   COMPRESSED   0x00000004   PAD
    0x20000260   COMPRESSED   0x00000800   Data   RW         1262    .data.uart1_rx_buf  uart.o
    0x20000a60   COMPRESSED   0x00000100   Data   RW         1263    .data.uart2_rx_buf  uart.o
    0x20000b60   COMPRESSED   0x00000100   Data   RW         1264    .data.uart3_rx_buf  uart.o
    0x20000c60   COMPRESSED   0x000000b4   Data   RW         1268    .data.uart_devices  uart.o
    0x20000d14   COMPRESSED   0x00000004   PAD
    0x20000d18        -       0x0000002c   Zero   RW         3472    .bss                mc_w.l(localtime_w.o)
    0x20000d44        -       0x000000a8   Zero   RW         1672    .bss._SEGGER_RTT    segger_rtt.o
    0x20000dec        -       0x00000010   Zero   RW         1678    .bss._acDownBuffer  segger_rtt.o
    0x20000dfc        -       0x00001000   Zero   RW         1677    .bss._acUpBuffer    segger_rtt.o
    0x20001dfc        -       0x00000001   Zero   RW         2190    .bss._fdb_init_finish.log_is_show  fdb.o
    0x20001dfd   COMPRESSED   0x00000001   PAD
    0x20001dfe        -       0x00000020   Zero   RW         1524    .bss.adc_buffer     adc.o
    0x20001e1e   COMPRESSED   0x00000002   PAD
    0x20001e20        -       0x00000004   Zero   RW         1523    .bss.adc_light_intensity  adc.o
    0x20001e24        -       0x00000080   Zero   RW         1525    .bss.adc_thread     adc.o
    0x20001ea4        -       0x00000200   Zero   RW         1527    .bss.adc_thread_stack  adc.o
    0x200020a4        -       0x00000800   Zero   RW         1490    .bss.at_msg_buf     at_task.o
    0x200028a4        -       0x00000080   Zero   RW         1492    .bss.at_thread      at_task.o
    0x20002924        -       0x00002800   Zero   RW         1494    .bss.at_thread_stack  at_task.o
    0x20005124        -       0x00000002   Zero   RW         2435    .bss.boot_count     user_db.o
    0x20005126   COMPRESSED   0x00000002   PAD
    0x20005128        -       0x00000004   Zero   RW         2486    .bss.ef_err_port_cnt  fal_flash_stm32f1_port.o
    0x2000512c        -       0x00000008   Zero   RW         2737    .bss.global_error   cjson.o
    0x20005134        -       0x00000080   Zero   RW         2918    .bss.idle           idle.o
    0x200051b4        -       0x00000001   Zero   RW         2450    .bss.init_ok        fal.o
    0x200051b5        -       0x00000001   Zero   RW         2463    .bss.init_ok        fal_flash.o
    0x200051b6        -       0x00000001   Zero   RW         2519    .bss.init_ok        fal_partition.o
    0x200051b7   COMPRESSED   0x00000001   PAD
    0x200051b8        -       0x00000004   Zero   RW         1530    .bss.kalman_estimate  adc.o
    0x200051bc        -       0x0000036c   Zero   RW         2433    .bss.kvdb           user_db.o
    0x20005528        -       0x00000004   Zero   RW         1270    .bss.log_cnt        uart.o
    0x2000552c        -       0x00000004   Zero   RW         1303    .bss.log_cnt        gpio.o
    0x20005530        -       0x00000004   Zero   RW         1573    .bss.log_cnt        main.o
    0x20005534        -       0x00000004   Zero   RW         2099    .bss.log_cnt        at_function.o
    0x20005538        -       0x00000004   Zero   RW         2123    .bss.log_cnt        lot_function.o
    0x2000553c   COMPRESSED   0x00000004   PAD
    0x20005540        -       0x00000200   Zero   RW         2902    .bss.main_stack     components.o
    0x20005740        -       0x00000080   Zero   RW         2900    .bss.main_thread    components.o
    0x200057c0        -       0x0000002c   Zero   RW         2100    .bss.ntpTime        at_function.o
    0x200057ec        -       0x00000004   Zero   RW         2483    .bss.on_ic_read_cnt  fal_flash_stm32f1_port.o
    0x200057f0        -       0x00000004   Zero   RW         2484    .bss.on_ic_write_cnt  fal_flash_stm32f1_port.o
    0x200057f4        -       0x00000000   Zero   RW         2521    .bss.part_flash_cache  fal_partition.o
    0x200057f4        -       0x00000004   Zero   RW         2518    .bss.partition_table  fal_partition.o
    0x200057f8        -       0x00000004   Zero   RW         2517    .bss.partition_table_len  fal_partition.o
    0x200057fc        -       0x00000004   Zero   RW         1764    .bss.pxMBPortCBTimerExpired  mb.o
    0x20005800        -       0x00000001   Zero   RW         3145    .bss.rt_current_priority  scheduler.o
    0x20005801   COMPRESSED   0x00000003   PAD
    0x20005804        -       0x00000004   Zero   RW         3142    .bss.rt_current_thread  scheduler.o
    0x20005808        -       0x00000004   Zero   RW         2846    .bss.rt_exception_hook  cpuport.o
    0x2000580c        -       0x00000004   Zero   RW         2848    .bss.rt_interrupt_from_thread  cpuport.o
    0x20005810        -       0x00000001   Zero   RW         3013    .bss.rt_interrupt_nest  irq.o
    0x20005811   COMPRESSED   0x00000003   PAD
    0x20005814        -       0x00000004   Zero   RW         2849    .bss.rt_interrupt_to_thread  cpuport.o
    0x20005818        -       0x00000100   Zero   RW         3075    .bss.rt_kprintf.rt_log_buf  kservice.o
    0x20005918        -       0x00000002   Zero   RW         3143    .bss.rt_scheduler_lock_nest  scheduler.o
    0x2000591a   COMPRESSED   0x00000002   PAD
    0x2000591c        -       0x00000008   Zero   RW         3147    .bss.rt_thread_defunct  scheduler.o
    0x20005924        -       0x00000100   Zero   RW         3144    .bss.rt_thread_priority_table  scheduler.o
    0x20005a24        -       0x00000004   Zero   RW         3146    .bss.rt_thread_ready_priority_group  scheduler.o
    0x20005a28        -       0x00000080   Zero   RW         2920    .bss.rt_thread_stack  idle.o
    0x20005aa8        -       0x00000004   Zero   RW         2850    .bss.rt_thread_switch_interrupt_flag  cpuport.o
    0x20005aac        -       0x00000004   Zero   RW         2868    .bss.rt_tick        clock.o
    0x20005ab0        -       0x00000008   Zero   RW         3237    .bss.rt_timer_list  timer.o
    0x20005ab8        -       0x00000004   Zero   RW         3236    .bss.rt_timer_start.random_nr  timer.o
    0x20005abc        -       0x00000080   Zero   RW         1167    .bss.rtc_thread     myrtc.o
    0x20005b3c        -       0x00000100   Zero   RW         1168    .bss.rtc_thread_stack  myrtc.o
    0x20005c3c        -       0x0000002c   Zero   RW         1495    .bss.timer1         at_task.o
    0x20005c68        -       0x0000002c   Zero   RW         1496    .bss.timer2         at_task.o
    0x20005c94        -       0x00000400   Zero   RW         1258    .bss.u1_ring_buf    uart.o
    0x20006094        -       0x00000400   Zero   RW         1260    .bss.u3_ring_buf    uart.o
    0x20006494   COMPRESSED   0x00000004   PAD
    0x20006498        -       0x00000100   Zero   RW         1265    .bss.uart1_tx_buf   uart.o
    0x20006598        -       0x00000100   Zero   RW         1266    .bss.uart2_tx_buf   uart.o
    0x20006698        -       0x00000100   Zero   RW         1267    .bss.uart3_tx_buf   uart.o
    0x20006798        -       0x00001000   Zero   RW           19    HEAP                startup_stm32f103xe.o
    0x20007798        -       0x00000800   Zero   RW           18    STACK               startup_stm32f103xe.o


==============================================================================

Image component sizes


      Code (inc. data)   RO Data    RW Data    ZI Data      Debug   Object Name

       766          0          8          4        680       5645   adc.o
      3164         10       1023        384         48      10245   at_function.o
       296          0         28         24      12504       4190   at_task.o
      1120          0        192          0          0       2259   base64.o
       706          0          0          0          0       4960   board.o
      7602        144         50         12          8      29405   cjson.o
       170          0          0          0          4       2446   clock.o
       266          0         16          0        640       3210   components.o
       244         28          0          0          0        792   context_rvds.o
       484          0        276          0         16       2924   cpuport.o
       194          0        163          0          1       1073   fal.o
       436          0        129          0          1       1868   fal_flash.o
       408          0         56          0         12       2465   fal_flash_stm32f1_port.o
      2096          0       1230          0          9       5208   fal_partition.o
       920          0        516          0          1       3103   fdb.o
     10588         12       1547          0          0      25170   fdb_kvdb.o
      1060          0       1115          0          0       4934   fdb_utils.o
       248          0         58          0          4       3660   gpio.o
      1670          0          0          0          0       4206   hmac_sha1.o
        86          0          6          0        256       2225   idle.o
        68          0          0          0          1       1020   irq.o
      3156        168        419          0        256      10115   kservice.o
       952          0        497          0          4       3183   lot_function.o
       186          0         88          0          4        740   main.o
         0          0          0          0          4       4575   mb.o
       194          0          0          0          0       2858   misc.o
       536          0        131         16        384       3927   myrtc.o
       352          0          0        112          0       4308   object.o
      1004         32        215          0          0       2172   onenet.o
        16          0          0          0          0       2019   porttimer.o
       726          0          0          0        275       4196   scheduler.o
       828          0         26          0       4280      13298   segger_rtt.o
      2216        182         23          0          0       3957   segger_rtt_printf.o
        36          8        304          0       6144        776   startup_stm32f103xe.o
       794          0          0          0          0       8435   stm32f10x_adc.o
       100          0          0          0          0       4306   stm32f10x_bkp.o
       758          0          0          0          0       3527   stm32f10x_dma.o
       512          0          0          0          0       6758   stm32f10x_flash.o
       390          0          0          0          0       5359   stm32f10x_gpio.o
        18          0          0          0          0        729   stm32f10x_it.o
        22          0          0          0          0       2647   stm32f10x_pwr.o
       876          0         20          0          0       6687   stm32f10x_rcc.o
       234          0          0          0          0       3118   stm32f10x_rtc.o
       112          0          0          0          0      20062   stm32f10x_tim.o
      1058          0          0          0          0       7170   stm32f10x_usart.o
        48          0          4          0          0       2167   sys.o
       400          0          0          4          0       2664   system_stm32f10x.o
      1048          0          0          0          0       6611   thread.o
       148          0          0          0          0       5076   tim.o
      1146          6          0          0         12       5300   timer.o
      2258          0         47       2764       2820      11401   uart.o
       286          0        347         12        878       6971   user_db.o

    ----------------------------------------------------------------------
     53324        590       8572       3336      29272     286120   Object Totals
         0          0         32          0          0          0   (incl. Generated)
       322          0          6          4         26          0   (incl. Padding)

    ----------------------------------------------------------------------

      Code (inc. data)   RO Data    RW Data    ZI Data      Debug   Library Member Name

        30          0          0          0          0         80   strtod.o
        86          0          0          0          0          0   __dczerorl2.o
        28          0          0          0          0         68   _chval.o
       812          4          0          0          0        112   _scanf.o
       332          0          0          0          0         96   _scanf_int.o
       342          0          0          0          0        100   _scanf_longlong.o
       224          0          0          0          0         96   _scanf_str.o
        64          0          0          0          0         84   _sgetc.o
        40          6         64          0          0         68   ctype_c.o
         0          0          0          0          0          0   entry.o
         0          0          0          0          0          0   entry10a.o
         0          0          0          0          0          0   entry11a.o
         8          4          0          0          0          0   entry2.o
         4          0          0          0          0          0   entry5.o
         0          0          0          0          0          0   entry7b.o
         0          0          0          0          0          0   entry8b.o
         8          4          0          0          0          0   entry9a.o
        30          0          0          0          0          0   handlers.o
        48         10          0          0          0         68   init.o
        10          0          0          0          0         68   isspace_c.o
         0          0          0          0          0          0   iusefp.o
        30          0          0          0          0         68   llshl.o
        36          0          0          0          0         68   llsshr.o
        32          0          0          0          0         68   llushr.o
       140          6         12          0          0         76   localtime_i.o
        12          6          0          0         44         68   localtime_w.o
       360         30          0          0          0        356   mallocr.o
        26          0          0          0          0         80   memcmp.o
        64          0          0          0          0         76   memmovea.o
        36          0          0          0          0        108   memseta.o
       168         18         12          0          0         80   mktime.o
         0          0          0          8          0          0   mvars.o
      2434        106          0          0          0        840   printfa.o
        40          8          0          0          0         84   scanf_char.o
       878         12          0          0          0        216   scanf_fp.o
        56          8          0          0          0         84   sscanf.o
         0          0          0          4          0          0   stdout.o
        24          0          0          0          0         68   strcat.o
        20          0          0          0          0         68   strchr.o
        28          0          0          0          0         76   strcmp.o
        18          0          0          0          0         68   strcpy.o
        14          0          0          0          0         68   strlen.o
        30          0          0          0          0         80   strncmp.o
        24          0          0          0          0         76   strncpy.o
        36          0          0          0          0         80   strstr.o
       168         12          0          0          0        124   strtod.o
        12          0          0          0          0         68   tolower.o
        44          0          0          0          0         80   uidiv.o
        98          0          0          0          0         92   uldiv.o
        48          0          0          0          0         68   cdrcmple.o
        56          0          0          0          0         88   d2f.o
       334          0          0          0          0        148   dadd.o
        56          0          0          0          0         80   dcmpeq.o
        54          0          0          0          0         80   dcmpgt.o
        54          0          0          0          0         80   dcmplt.o
       222          0          0          0          0        100   ddiv.o
       186          0          0          0          0        176   depilogue.o
        62          0          0          0          0         80   dfixi.o
        48          0          0          0          0         68   dfixul.o
        26          0          0          0          0         76   dfltui.o
        24          0          0          0          0         76   dfltul.o
       228          0          0          0          0         96   dmul.o
       176          0          0          0          0        140   fadd.o
        28          0          0          0          0         68   fcmpge.o
        28          0          0          0          0         68   fcmple.o
       124          0          0          0          0         88   fdiv.o
       110          0          0          0          0        168   fepilogue.o
        50          0          0          0          0         68   ffixi.o
        18          0          0          0          0         68   fflti.o
        10          0          0          0          0         68   ffltui.o
       100          0          0          0          0         76   fmul.o

    ----------------------------------------------------------------------
      8950        234         90         12         44       6088   Library Totals
        14          0          2          0          0          0   (incl. Padding)

    ----------------------------------------------------------------------

      Code (inc. data)   RO Data    RW Data    ZI Data      Debug   Library Name

        30          0          0          0          0         80   m_ws.l
      6864        234         88         12         44       3980   mc_w.l
      2042          0          0          0          0       2028   mf_w.l

    ----------------------------------------------------------------------
      8950        234         90         12         44       6088   Library Totals

    ----------------------------------------------------------------------

==============================================================================


      Code (inc. data)   RO Data    RW Data    ZI Data      Debug   

     62274        824       8662       3348      29316     287892   Grand Totals
     62274        824       8662        264      29316     287892   ELF Image Totals (compressed)
     62274        824       8662        264          0          0   ROM Totals

==============================================================================

    Total RO  Size (Code + RO Data)                70936 (  69.27kB)
    Total RW  Size (RW Data + ZI Data)             32664 (  31.90kB)
    Total ROM Size (Code + RO Data + RW Data)      71200 (  69.53kB)

==============================================================================

