Component: ARM Compiler 5.06 update 7 (build 960) Tool: armlink [4d3601]

==============================================================================

Section Cross References

    system_stm32f10x.o(i.SetSysClock) refers to system_stm32f10x.o(i.SetSysClockTo72) for SetSysClockTo72
    system_stm32f10x.o(i.SystemCoreClockUpdate) refers to system_stm32f10x.o(.data) for SystemCoreClock
    system_stm32f10x.o(i.SystemInit) refers to system_stm32f10x.o(i.SetSysClock) for SetSysClock
    startup_stm32f10x_hd.o(RESET) refers to startup_stm32f10x_hd.o(STACK) for __initial_sp
    startup_stm32f10x_hd.o(RESET) refers to startup_stm32f10x_hd.o(.text) for Reset_Handler
    startup_stm32f10x_hd.o(RESET) refers to stm32f10x_it.o(i.NMI_Handler) for NMI_Handler
    startup_stm32f10x_hd.o(RESET) refers to context_rvds.o(.text) for HardFault_Handler
    startup_stm32f10x_hd.o(RESET) refers to stm32f10x_it.o(i.MemManage_Handler) for MemManage_Handler
    startup_stm32f10x_hd.o(RESET) refers to stm32f10x_it.o(i.BusFault_Handler) for BusFault_Handler
    startup_stm32f10x_hd.o(RESET) refers to stm32f10x_it.o(i.UsageFault_Handler) for UsageFault_Handler
    startup_stm32f10x_hd.o(RESET) refers to stm32f10x_it.o(i.SVC_Handler) for SVC_Handler
    startup_stm32f10x_hd.o(RESET) refers to stm32f10x_it.o(i.DebugMon_Handler) for DebugMon_Handler
    startup_stm32f10x_hd.o(RESET) refers to board.o(i.SysTick_Handler) for SysTick_Handler
    startup_stm32f10x_hd.o(RESET) refers to porttimer.o(i.TIM2_IRQHandler) for TIM2_IRQHandler
    startup_stm32f10x_hd.o(RESET) refers to tim.o(i.TIM3_IRQHandler) for TIM3_IRQHandler
    startup_stm32f10x_hd.o(RESET) refers to uart1.o(i.USART1_IRQHandler) for USART1_IRQHandler
    startup_stm32f10x_hd.o(RESET) refers to uart2.o(i.USART2_IRQHandler) for USART2_IRQHandler
    startup_stm32f10x_hd.o(RESET) refers to uart3.o(i.USART3_IRQHandler) for USART3_IRQHandler
    startup_stm32f10x_hd.o(RESET) refers to uart4.o(i.UART4_IRQHandler) for UART4_IRQHandler
    startup_stm32f10x_hd.o(RESET) refers to uart5.o(i.UART5_IRQHandler) for UART5_IRQHandler
    startup_stm32f10x_hd.o(.text) refers to system_stm32f10x.o(i.SystemInit) for SystemInit
    startup_stm32f10x_hd.o(.text) refers to entry.o(.ARM.Collect$$$$00000000) for __main
    stm32f10x_adc.o(i.ADC_DeInit) refers to stm32f10x_rcc.o(i.RCC_APB2PeriphResetCmd) for RCC_APB2PeriphResetCmd
    stm32f10x_bkp.o(i.BKP_DeInit) refers to stm32f10x_rcc.o(i.RCC_BackupResetCmd) for RCC_BackupResetCmd
    stm32f10x_can.o(i.CAN_DeInit) refers to stm32f10x_rcc.o(i.RCC_APB1PeriphResetCmd) for RCC_APB1PeriphResetCmd
    stm32f10x_can.o(i.CAN_GetITStatus) refers to stm32f10x_can.o(i.CheckITStatus) for CheckITStatus
    stm32f10x_cec.o(i.CEC_DeInit) refers to stm32f10x_rcc.o(i.RCC_APB1PeriphResetCmd) for RCC_APB1PeriphResetCmd
    stm32f10x_dac.o(i.DAC_DeInit) refers to stm32f10x_rcc.o(i.RCC_APB1PeriphResetCmd) for RCC_APB1PeriphResetCmd
    stm32f10x_flash.o(i.FLASH_EnableWriteProtection) refers to stm32f10x_flash.o(i.FLASH_WaitForLastOperation) for FLASH_WaitForLastOperation
    stm32f10x_flash.o(i.FLASH_EraseAllBank1Pages) refers to stm32f10x_flash.o(i.FLASH_WaitForLastBank1Operation) for FLASH_WaitForLastBank1Operation
    stm32f10x_flash.o(i.FLASH_EraseAllPages) refers to stm32f10x_flash.o(i.FLASH_WaitForLastOperation) for FLASH_WaitForLastOperation
    stm32f10x_flash.o(i.FLASH_EraseOptionBytes) refers to stm32f10x_flash.o(i.FLASH_GetReadOutProtectionStatus) for FLASH_GetReadOutProtectionStatus
    stm32f10x_flash.o(i.FLASH_EraseOptionBytes) refers to stm32f10x_flash.o(i.FLASH_WaitForLastOperation) for FLASH_WaitForLastOperation
    stm32f10x_flash.o(i.FLASH_ErasePage) refers to stm32f10x_flash.o(i.FLASH_WaitForLastOperation) for FLASH_WaitForLastOperation
    stm32f10x_flash.o(i.FLASH_ProgramHalfWord) refers to stm32f10x_flash.o(i.FLASH_WaitForLastOperation) for FLASH_WaitForLastOperation
    stm32f10x_flash.o(i.FLASH_ProgramOptionByteData) refers to stm32f10x_flash.o(i.FLASH_WaitForLastOperation) for FLASH_WaitForLastOperation
    stm32f10x_flash.o(i.FLASH_ProgramWord) refers to stm32f10x_flash.o(i.FLASH_WaitForLastOperation) for FLASH_WaitForLastOperation
    stm32f10x_flash.o(i.FLASH_ReadOutProtection) refers to stm32f10x_flash.o(i.FLASH_WaitForLastOperation) for FLASH_WaitForLastOperation
    stm32f10x_flash.o(i.FLASH_UserOptionByteConfig) refers to stm32f10x_flash.o(i.FLASH_WaitForLastOperation) for FLASH_WaitForLastOperation
    stm32f10x_flash.o(i.FLASH_WaitForLastBank1Operation) refers to stm32f10x_flash.o(i.FLASH_GetBank1Status) for FLASH_GetBank1Status
    stm32f10x_flash.o(i.FLASH_WaitForLastOperation) refers to stm32f10x_flash.o(i.FLASH_GetBank1Status) for FLASH_GetBank1Status
    stm32f10x_gpio.o(i.GPIO_AFIODeInit) refers to stm32f10x_rcc.o(i.RCC_APB2PeriphResetCmd) for RCC_APB2PeriphResetCmd
    stm32f10x_gpio.o(i.GPIO_DeInit) refers to stm32f10x_rcc.o(i.RCC_APB2PeriphResetCmd) for RCC_APB2PeriphResetCmd
[...]
    u1_tx_stack                              0x2000039c   Data        1024  uart1.o(.bss)
    .bss                                     0x2000079c   Section     1408  uart2.o(.bss)
    UART2_PANNEL                             0x2000089c   Data         128  uart2.o(.bss)
    UART2_PANNEL_STACK                       0x2000091c   Data        1024  uart2.o(.bss)
    .bss                                     0x20000d1c   Section      256  uart3.o(.bss)
    .bss                                     0x20000e1c   Section      256  uart4.o(.bss)
    .bss                                     0x20000f1c   Section      256  uart5.o(.bss)
    .bss                                     0x2000101c   Section     4280  segger_rtt.o(.bss)
    _acUpBuffer                              0x200010c4   Data        4096  segger_rtt.o(.bss)
    _acDownBuffer                            0x200020c4   Data          16  segger_rtt.o(.bss)
    .bss                                     0x200020d4   Section       24  fal_partition.o(.bss)
    part_flash_cache                         0x200020d4   Data          24  fal_partition.o(.bss)
    .bss                                     0x200020ec   Section       32  mbfuncother.o(.bss)
    ucMBSlaveID                              0x200020ec   Data          32  mbfuncother.o(.bss)
    .bss                                     0x2000210c   Section      426  mb.o(.bss)
    .bss                                     0x200022b6   Section      256  mbrtu.o(.bss)
    .bss                                     0x200023b8   Section     3132  slave_mb_app.o(.bss)
    MODBUS_RX_PANNEL                         0x200023b8   Data         128  slave_mb_app.o(.bss)
    MODBUS_PANNEL                            0x20002838   Data         128  slave_mb_app.o(.bss)
    .bss                                     0x20002ff4   Section      200  ymodem.o(.bss)
    ymd_buf                                  0x20002ff4   Data         200  ymodem.o(.bss)
    .bss                                     0x200030bc   Section     1160  ymodem_ota.o(.bss)
    stack_ymd                                0x200030bc   Data         768  ymodem_ota.o(.bss)
    ymd_th                                   0x200033bc   Data         128  ymodem_ota.o(.bss)
    ymodem_qp                                0x2000343c   Data         204  ymodem_ota.o(.bss)
    .bss                                     0x20003548   Section      640  components.o(.bss)
    main_stack                               0x20003548   Data         512  components.o(.bss)
    .bss                                     0x200037c8   Section      256  idle.o(.bss)
    idle                                     0x200037c8   Data         128  idle.o(.bss)
    rt_thread_stack                          0x20003848   Data         128  idle.o(.bss)
    .bss                                     0x200038c8   Section      256  kservice.o(.bss)
    rt_log_buf                               0x200038c8   Data         256  kservice.o(.bss)
    .bss                                     0x200039c8   Section      256  scheduler.o(.bss)
    STACK                                    0x20003ac8   Section     1024  startup_stm32f10x_hd.o(STACK)

    Global Symbols

    Symbol Name                              Value     Ov Type        Size  Object(Section)

    BuildAttributes$$THM_ISAv4$P$D$K$B$S$PE$A:L22UL41UL21$X:L11$S22US41US21$IEEE1$IW$USESV6$~STKCKD$USESV7$~SHL$OTIME$ROPI$EBA8$MICROLIB$REQ8$PRES8$EABIv2 0x00000000   Number         0  anon$$obj.o ABSOLUTE
    __ARM_use_no_argv                        0x00000000   Number         0  main.o ABSOLUTE
    _printf_a                                0x00000000   Number         0  stubs.o ABSOLUTE
    _printf_c                                0x00000000   Number         0  stubs.o ABSOLUTE
    _printf_charcount                        0x00000000   Number         0  stubs.o ABSOLUTE
    _printf_d                                0x00000000   Number         0  stubs.o ABSOLUTE
    _printf_e                                0x00000000   Number         0  stubs.o ABSOLUTE
    _printf_f                                0x00000000   Number         0  stubs.o ABSOLUTE
    _printf_flags                            0x00000000   Number         0  stubs.o ABSOLUTE
    _printf_fp_dec                           0x00000000   Number         0  stubs.o ABSOLUTE
    _printf_fp_hex                           0x00000000   Number         0  stubs.o ABSOLUTE
    _printf_g                                0x00000000   Number         0  stubs.o ABSOLUTE
    _printf_i                                0x00000000   Number         0  stubs.o ABSOLUTE
    _printf_int_dec                          0x00000000   Number         0  stubs.o ABSOLUTE
    _printf_l                                0x00000000   Number         0  stubs.o ABSOLUTE
    _printf_lc                               0x00000000   Number         0  stubs.o ABSOLUTE
    _printf_ll                               0x00000000   Number         0  stubs.o ABSOLUTE
    _printf_lld                              0x00000000   Number         0  stubs.o ABSOLUTE
    _printf_lli                              0x00000000   Number         0  stubs.o ABSOLUTE
    _printf_llo                              0x00000000   Number         0  stubs.o ABSOLUTE
    _printf_llu                              0x00000000   Number         0  stubs.o ABSOLUTE
    _printf_llx                              0x00000000   Number         0  stubs.o ABSOLUTE
    _printf_longlong_dec                     0x00000000   Number         0  stubs.o ABSOLUTE
    _printf_longlong_hex                     0x00000000   Number         0  stubs.o ABSOLUTE
    _printf_longlong_oct                     0x00000000   Number         0  stubs.o ABSOLUTE
    _printf_ls                               0x00000000   Number         0  stubs.o ABSOLUTE
    _printf_mbtowc                           0x00000000   Number         0  stubs.o ABSOLUTE
    _printf_n                                0x00000000   Number         0  stubs.o ABSOLUTE
    _printf_o                                0x00000000   Number         0  stubs.o ABSOLUTE
    _printf_p                                0x00000000   Number         0  stubs.o ABSOLUTE
    _printf_percent                          0x00000000   Number         0  stubs.o ABSOLUTE
    _printf_pre_padding                      0x00000000   Number         0  stubs.o ABSOLUTE
    _printf_return_value                     0x00000000   Number         0  stubs.o ABSOLUTE
    _printf_s                                0x00000000   Number         0  stubs.o ABSOLUTE
    _printf_sizespec                         0x00000000   Number         0  stubs.o ABSOLUTE
    _printf_str                              0x00000000   Number         0  stubs.o ABSOLUTE
    _printf_truncate_signed                  0x00000000   Number         0  stubs.o ABSOLUTE
    _printf_truncate_unsigned                0x00000000   Number         0  stubs.o ABSOLUTE
    _printf_u                                0x00000000   Number         0  stubs.o ABSOLUTE
    _printf_wc                               0x00000000   Number         0  stubs.o ABSOLUTE
    _printf_wctomb                           0x00000000   Number         0  stubs.o ABSOLUTE
    _printf_widthprec                        0x00000000   Number         0  stubs.o ABSOLUTE
    _printf_x                                0x00000000   Number         0  stubs.o ABSOLUTE
    __arm_fini_                               - Undefined Weak Reference
    __cpp_initialize__aeabi_                  - Undefined Weak Reference
    __cxa_finalize                            - Undefined Weak Reference
    _clock_init                               - Undefined Weak Reference
    _microlib_exit                            - Undefined Weak Reference
    __Vectors_Size                           0x00000130   Number         0  startup_stm32f10x_hd.o ABSOLUTE
    __Vectors                                0x08000000   Data           4  startup_stm32f10x_hd.o(RESET)
    __Vectors_End                            0x08000130   Data           0  startup_stm32f10x_hd.o(RESET)
    __main                                   0x08000131   Thumb Code     0  entry.o(.ARM.Collect$$$$00000000)
    _main_stk                                0x08000131   Thumb Code     0  entry2.o(.ARM.Collect$$$$00000001)
    _main_scatterload                        0x08000135   Thumb Code     0  entry5.o(.ARM.Collect$$$$00000004)
    __main_after_scatterload                 0x08000139   Thumb Code     0  entry5.o(.ARM.Collect$$$$00000004)
    _main_clock                              0x08000139   Thumb Code     0  entry7b.o(.ARM.Collect$$$$00000008)
    _main_cpp_init                           0x08000139   Thumb Code     0  entry8b.o(.ARM.Collect$$$$0000000A)
    _main_init                               0x08000139   Thumb Code     0  entry9a.o(.ARM.Collect$$$$0000000B)
    __rt_lib_shutdown_fini                   0x08000141   Thumb Code     0  entry12b.o(.ARM.Collect$$$$0000000E)
    __rt_final_cpp                           0x08000145   Thumb Code     0  entry10a.o(.ARM.Collect$$$$0000000F)
    __rt_final_exit                          0x08000145   Thumb Code     0  entry11a.o(.ARM.Collect$$$$00000011)
    Reset_Handler                            0x08000149   Thumb Code     8  startup_stm32f10x_hd.o(.text)
    ADC1_2_IRQHandler                        0x08000163   Thumb Code     0  startup_stm32f10x_hd.o(.text)
    ADC3_IRQHandler                          0x08000163   Thumb Code     0  startup_stm32f10x_hd.o(.text)
    CAN1_RX1_IRQHandler                      0x08000163   Thumb Code     0  startup_stm32f10x_hd.o(.text)
    CAN1_SCE_IRQHandler                      0x08000163   Thumb Code     0  startup_stm32f10x_hd.o(.text)
    DMA1_Channel1_IRQHandler                 0x08000163   Thumb Code     0  startup_stm32f10x_hd.o(.text)
    DMA1_Channel2_IRQHandler                 0x08000163   Thumb Code     0  startup_stm32f10x_hd.o(.text)
    DMA1_Channel3_IRQHandler                 0x08000163   Thumb Code     0  startup_stm32f10x_hd.o(.text)
    DMA1_Channel4_IRQHandler                 0x08000163   Thumb Code     0  startup_stm32f10x_hd.o(.text)
    DMA1_Channel5_IRQHandler                 0x08000163   Thumb Code     0  startup_stm32f10x_hd.o(.text)
    DMA1_Channel6_IRQHandler                 0x08000163   Thumb Code     0  startup_stm32f10x_hd.o(.text)
    DMA1_Channel7_IRQHandler                 0x08000163   Thumb Code     0  startup_stm32f10x_hd.o(.text)
    DMA2_Channel1_IRQHandler                 0x08000163   Thumb Code     0  startup_stm32f10x_hd.o(.text)
    DMA2_Channel2_IRQHandler                 0x08000163   Thumb Code     0  startup_stm32f10x_hd.o(.text)
    DMA2_Channel3_IRQHandler                 0x08000163   Thumb Code     0  startup_stm32f10x_hd.o(.text)
    DMA2_Channel4_5_IRQHandler               0x08000163   Thumb Code     0  startup_stm32f10x_hd.o(.text)
    EXTI0_IRQHandler                         0x08000163   Thumb Code     0  startup_stm32f10x_hd.o(.text)
    EXTI15_10_IRQHandler                     0x08000163   Thumb Code     0  startup_stm32f10x_hd.o(.text)
    EXTI1_IRQHandler                         0x08000163   Thumb Code     0  startup_stm32f10x_hd.o(.text)
    EXTI2_IRQHandler                         0x08000163   Thumb Code     0  startup_stm32f10x_hd.o(.text)
    EXTI3_IRQHandler                         0x08000163   Thumb Code     0  startup_stm32f10x_hd.o(.text)
    EXTI4_IRQHandler                         0x08000163   Thumb Code     0  startup_stm32f10x_hd.o(.text)
    EXTI9_5_IRQHandler                       0x08000163   Thumb Code     0  startup_stm32f10x_hd.o(.text)
    FLASH_IRQHandler                         0x08000163   Thumb Code     0  startup_stm32f10x_hd.o(.text)
    FSMC_IRQHandler                          0x08000163   Thumb Code     0  startup_stm32f10x_hd.o(.text)
    I2C1_ER_IRQHandler                       0x08000163   Thumb Code     0  startup_stm32f10x_hd.o(.text)
    I2C1_EV_IRQHandler                       0x08000163   Thumb Code     0  startup_stm32f10x_hd.o(.text)
    I2C2_ER_IRQHandler                       0x08000163   Thumb Code     0  startup_stm32f10x_hd.o(.text)
    I2C2_EV_IRQHandler                       0x08000163   Thumb Code     0  startup_stm32f10x_hd.o(.text)
    PVD_IRQHandler                           0x08000163   Thumb Code     0  startup_stm32f10x_hd.o(.text)
    RCC_IRQHandler                           0x08000163   Thumb Code     0  startup_stm32f10x_hd.o(.text)
    RTCAlarm_IRQHandler                      0x08000163   Thumb Code     0  startup_stm32f10x_hd.o(.text)
    RTC_IRQHandler                           0x08000163   Thumb Code     0  startup_stm32f10x_hd.o(.text)
    SDIO_IRQHandler                          0x08000163   Thumb Code     0  startup_stm32f10x_hd.o(.text)
    SPI1_IRQHandler                          0x08000163   Thumb Code     0  startup_stm32f10x_hd.o(.text)
    SPI2_IRQHandler                          0x08000163   Thumb Code     0  startup_stm32f10x_hd.o(.text)
    SPI3_IRQHandler                          0x08000163   Thumb Code     0  startup_stm32f10x_hd.o(.text)
    TAMPER_IRQHandler                        0x08000163   Thumb Code     0  startup_stm32f10x_hd.o(.text)
    TIM1_BRK_IRQHandler                      0x08000163   Thumb Code     0  startup_stm32f10x_hd.o(.text)
    TIM1_CC_IRQHandler                       0x08000163   Thumb Code     0  startup_stm32f10x_hd.o(.text)
    TIM1_TRG_COM_IRQHandler                  0x08000163   Thumb Code     0  startup_stm32f10x_hd.o(.text)
    TIM1_UP_IRQHandler                       0x08000163   Thumb Code     0  startup_stm32f10x_hd.o(.text)
    TIM4_IRQHandler                          0x08000163   Thumb Code     0  startup_stm32f10x_hd.o(.text)
    TIM5_IRQHandler                          0x08000163   Thumb Code     0  startup_stm32f10x_hd.o(.text)
    TIM6_IRQHandler                          0x08000163   Thumb Code     0  startup_stm32f10x_hd.o(.text)
    TIM7_IRQHandler                          0x08000163   Thumb Code     0  startup_stm32f10x_hd.o(.text)
    TIM8_BRK_IRQHandler                      0x08000163   Thumb Code     0  startup_stm32f10x_hd.o(.text)
    TIM8_CC_IRQHandler                       0x08000163   Thumb Code     0  startup_stm32f10x_hd.o(.text)
    TIM8_TRG_COM_IRQHandler                  0x08000163   Thumb Code     0  startup_stm32f10x_hd.o(.text)
    TIM8_UP_IRQHandler                       0x08000163   Thumb Code     0  startup_stm32f10x_hd.o(.text)
    USBWakeUp_IRQHandler                     0x08000163   Thumb Code     0  startup_stm32f10x_hd.o(.text)
    USB_HP_CAN1_TX_IRQHandler                0x08000163   Thumb Code     0  startup_stm32f10x_hd.o(.text)
    USB_LP_CAN1_RX0_IRQHandler               0x08000163   Thumb Code     0  startup_stm32f10x_hd.o(.text)
    WWDG_IRQHandler                          0x08000163   Thumb Code     0  startup_stm32f10x_hd.o(.text)
    rt_hw_interrupt_disable                  0x0800016d   Thumb Code     8  context_rvds.o(.text)
    rt_hw_interrupt_enable                   0x08000175   Thumb Code     6  context_rvds.o(.text)
    rt_hw_context_switch                     0x0800017b   Thumb Code    32  context_rvds.o(.text)
    rt_hw_context_switch_interrupt           0x0800017b   Thumb Code     0  context_rvds.o(.text)
    PendSV_Handler                           0x0800019b   Thumb Code    60  context_rvds.o(.text)
    rt_hw_context_switch_to                  0x080001d7   Thumb Code    56  context_rvds.o(.text)
    rt_hw_interrupt_thread_switch            0x0800020f   Thumb Code     2  context_rvds.o(.text)
    HardFault_Handler                        0x08000211   Thumb Code    52  context_rvds.o(.text)
    mktime                                   0x08000261   Thumb Code   150  mktime.o(.text)
    __aeabi_memcpy                           0x08000309   Thumb Code    36  memcpya.o(.text)
    __aeabi_memcpy4                          0x08000309   Thumb Code     0  memcpya.o(.text)
    __aeabi_memcpy8                          0x08000309   Thumb Code     0  memcpya.o(.text)
    __aeabi_memset                           0x0800032d   Thumb Code    14  memseta.o(.text)
    __aeabi_memset4                          0x0800032d   Thumb Code     0  memseta.o(.text)
    __aeabi_memset8                          0x0800032d   Thumb Code     0  memseta.o(.text)
    __aeabi_memclr                           0x0800033b   Thumb Code     4  memseta.o(.text)
    __aeabi_memclr4                          0x0800033b   Thumb Code     0  memseta.o(.text)
    __aeabi_memclr8                          0x0800033b   Thumb Code     0  memseta.o(.text)
    _memset$wrapper                          0x0800033f   Thumb Code    18  memseta.o(.text)
    strcmp                                   0x08000351   Thumb Code    28  strcmp.o(.text)
    atol                                     0x0800036d   Thumb Code    26  atol.o(.text)
    __aeabi_fmul                             0x08000387   Thumb Code   100  fmul.o(.text)
    __aeabi_f2iz                             0x080003eb   Thumb Code    50  ffixi.o(.text)
    __aeabi_d2f                              0x0800041d   Thumb Code    56  d2f.o(.text)
    __aeabi_cfcmpeq                          0x08000455   Thumb Code     0  cfcmple.o(.text)
    __aeabi_cfcmple                          0x08000455   Thumb Code    20  cfcmple.o(.text)
    __aeabi_uidiv                            0x08000469   Thumb Code     0  uidiv.o(.text)
    __aeabi_uidivmod                         0x08000469   Thumb Code    44  uidiv.o(.text)
    __aeabi_uldivmod                         0x08000495   Thumb Code    98  uldiv.o(.text)
    _localtime                               0x080004f9   Thumb Code   134  localtime_i.o(.text)
    strtol                                   0x08000585   Thumb Code   112  strtol.o(.text)
    __I$use$fp                               0x080005f5   Thumb Code     0  iusefp.o(.text)
    _float_round                             0x080005f5   Thumb Code    18  fepilogue.o(.text)
    _float_epilogue                          0x08000607   Thumb Code    92  fepilogue.o(.text)
    __aeabi_dadd                             0x08000663   Thumb Code   322  dadd.o(.text)
    __aeabi_dsub                             0x080007a5   Thumb Code     6  dadd.o(.text)
    __aeabi_drsub                            0x080007ab   Thumb Code     6  dadd.o(.text)
    __aeabi_dmul                             0x080007b1   Thumb Code   228  dmul.o(.text)
    __aeabi_ddiv                             0x08000895   Thumb Code   222  ddiv.o(.text)
    __aeabi_d2ulz                            0x08000973   Thumb Code    48  dfixul.o(.text)
    __aeabi_cdrcmple                         0x080009a5   Thumb Code    48  cdrcmple.o(.text)
    __scatterload                            0x080009d5   Thumb Code    28  init.o(.text)
    __scatterload_rt2                        0x080009d5   Thumb Code     0  init.o(.text)
    __aeabi_llsl                             0x080009f9   Thumb Code    30  llshl.o(.text)
    __semihosting_library_function           0x080009f9   Thumb Code     0  semi.o(.text)
    _ll_shift_l                              0x080009f9   Thumb Code     0  llshl.o(.text)
    __aeabi_llsr                             0x08000a17   Thumb Code    32  llushr.o(.text)
    _ll_ushift_r                             0x08000a17   Thumb Code     0  llushr.o(.text)
    __aeabi_lasr                             0x08000a37   Thumb Code    36  llsshr.o(.text)
    _ll_sshift_r                             0x08000a37   Thumb Code     0  llsshr.o(.text)
    __rt_ctype_table                         0x08000a5d   Thumb Code     4  ctype_o.o(.text)
    _strtoul                                 0x08000a65   Thumb Code   158  _strtoul.o(.text)
    __I$use$semihosting$fputc                0x08000b03   Thumb Code     0  iusesemip.o(.text)
    _double_round                            0x08000b03   Thumb Code    30  depilogue.o(.text)
    _double_epilogue                         0x08000b21   Thumb Code   156  depilogue.o(.text)
    _chval                                   0x08000bbd   Thumb Code    28  _chval.o(.text)
    __decompress                             0x08000bd9   Thumb Code     0  __dczerorl2.o(.text)
    __decompress1                            0x08000bd9   Thumb Code    86  __dczerorl2.o(.text)
    main                                     0x08000c2f   Thumb Code    10  components.o(i.$Sub$$main)
    BKP_DeInit                               0x08000c39   Thumb Code    16  stm32f10x_bkp.o(i.BKP_DeInit)
    BKP_ReadBackupRegister                   0x08000c49   Thumb Code    24  stm32f10x_bkp.o(i.BKP_ReadBackupRegister)
    BKP_WriteBackupRegister                  0x08000c65   Thumb Code    22  stm32f10x_bkp.o(i.BKP_WriteBackupRegister)
    BusFault_Handler                         0x08000c81   Thumb Code     4  stm32f10x_it.o(i.BusFault_Handler)
    DMA_Cmd                                  0x08000cb1   Thumb Code    24  stm32f10x_dma.o(i.DMA_Cmd)
    DMA_GetCurrDataCounter                   0x08000cc9   Thumb Code     8  stm32f10x_dma.o(i.DMA_GetCurrDataCounter)
    DMA_Init                                 0x08000cd1   Thumb Code    60  stm32f10x_dma.o(i.DMA_Init)
    DMA_SetCurrDataCounter                   0x08000d0d   Thumb Code     4  stm32f10x_dma.o(i.DMA_SetCurrDataCounter)
    DebugMon_Handler                         0x08000d11   Thumb Code     2  stm32f10x_it.o(i.DebugMon_Handler)
    GPIO_Init                                0x08000d13   Thumb Code   278  stm32f10x_gpio.o(i.GPIO_Init)
    GPIO_PinRemapConfig                      0x08000e29   Thumb Code   138  stm32f10x_gpio.o(i.GPIO_PinRemapConfig)
    MODBUS_INIT                              0x08000eb9   Thumb Code   118  slave_mb_app.o(i.MODBUS_INIT)
    MODBUS_RX_TASK                           0x08000f6d   Thumb Code    42  slave_mb_app.o(i.MODBUS_RX_TASK)
    MODBUS_TASK                              0x08000f9d   Thumb Code    32  slave_mb_app.o(i.MODBUS_TASK)
    MemManage_Handler                        0x08000fbd   Thumb Code     4  stm32f10x_it.o(i.MemManage_Handler)
    MyRTC_Init                               0x08000fc1   Thumb Code   148  myrtc.o(i.MyRTC_Init)
    MyRTC_SetTime                            0x08001055   Thumb Code    70  myrtc.o(i.MyRTC_SetTime)
    NMI_Handler                              0x080010a1   Thumb Code     2  stm32f10x_it.o(i.NMI_Handler)
    NVIC_Init                                0x080010a5   Thumb Code   100  misc.o(i.NVIC_Init)
    PWR_BackupAccessCmd                      0x08001115   Thumb Code     6  stm32f10x_pwr.o(i.PWR_BackupAccessCmd)
    RCC_AHBPeriphClockCmd                    0x08001121   Thumb Code    26  stm32f10x_rcc.o(i.RCC_AHBPeriphClockCmd)
    RCC_APB1PeriphClockCmd                   0x08001141   Thumb Code    26  stm32f10x_rcc.o(i.RCC_APB1PeriphClockCmd)
    RCC_APB1PeriphResetCmd                   0x08001161   Thumb Code    26  stm32f10x_rcc.o(i.RCC_APB1PeriphResetCmd)
    RCC_APB2PeriphClockCmd                   0x08001181   Thumb Code    26  stm32f10x_rcc.o(i.RCC_APB2PeriphClockCmd)
    RCC_APB2PeriphResetCmd                   0x080011a1   Thumb Code    26  stm32f10x_rcc.o(i.RCC_APB2PeriphResetCmd)
    RCC_BackupResetCmd                       0x080011c1   Thumb Code     6  stm32f10x_rcc.o(i.RCC_BackupResetCmd)
    RCC_GetClocksFreq                        0x080011cd   Thumb Code   192  stm32f10x_rcc.o(i.RCC_GetClocksFreq)
    RCC_GetFlagStatus                        0x080012a1   Thumb Code    56  stm32f10x_rcc.o(i.RCC_GetFlagStatus)
    RCC_LSICmd                               0x080012dd   Thumb Code     6  stm32f10x_rcc.o(i.RCC_LSICmd)
    RCC_RTCCLKCmd                            0x080012e9   Thumb Code     6  stm32f10x_rcc.o(i.RCC_RTCCLKCmd)
    RCC_RTCCLKConfig                         0x080012f5   Thumb Code    12  stm32f10x_rcc.o(i.RCC_RTCCLKConfig)
    RTC_EnterConfigMode                      0x08001305   Thumb Code    14  stm32f10x_rtc.o(i.RTC_EnterConfigMode)
    RTC_ExitConfigMode                       0x08001319   Thumb Code    16  stm32f10x_rtc.o(i.RTC_ExitConfigMode)
    RTC_SetCounter                           0x0800132d   Thumb Code    24  stm32f10x_rtc.o(i.RTC_SetCounter)
    RTC_SetPrescaler                         0x08001349   Thumb Code    26  stm32f10x_rtc.o(i.RTC_SetPrescaler)
    RTC_WaitForLastTask                      0x08001369   Thumb Code    16  stm32f10x_rtc.o(i.RTC_WaitForLastTask)
    RTC_WaitForSynchro                       0x0800137d   Thumb Code    30  stm32f10x_rtc.o(i.RTC_WaitForSynchro)
    SEGGER_RTT_Write                         0x080013a1   Thumb Code    70  segger_rtt.o(i.SEGGER_RTT_Write)
    SEGGER_RTT_WriteNoLock                   0x080013ed   Thumb Code   126  segger_rtt.o(i.SEGGER_RTT_WriteNoLock)
    SEGGER_RTT_printf                        0x08001471   Thumb Code    34  segger_rtt_printf.o(i.SEGGER_RTT_printf)
    SEGGER_RTT_vprintf                       0x08001495   Thumb Code   700  segger_rtt_printf.o(i.SEGGER_RTT_vprintf)
    SVC_Handler                              0x0800175d   Thumb Code     2  stm32f10x_it.o(i.SVC_Handler)
    SysTick_Handler                          0x08001849   Thumb Code    16  board.o(i.SysTick_Handler)
    SystemInit                               0x08001859   Thumb Code    78  system_stm32f10x.o(i.SystemInit)
    TIM2_IRQHandler                          0x080018b9   Thumb Code    26  porttimer.o(i.TIM2_IRQHandler)
    TIM3_IRQHandler                          0x080018d5   Thumb Code    22  tim.o(i.TIM3_IRQHandler)
    TIM_ClearITPendingBit                    0x080018f1   Thumb Code     6  stm32f10x_tim.o(i.TIM_ClearITPendingBit)
    TIM_Cmd                                  0x080018f7   Thumb Code    24  stm32f10x_tim.o(i.TIM_Cmd)
    TIM_DeInit                               0x08001911   Thumb Code   424  stm32f10x_tim.o(i.TIM_DeInit)
    TIM_GetITStatus                          0x08001af9   Thumb Code    34  stm32f10x_tim.o(i.TIM_GetITStatus)
    TIM_ITConfig                             0x08001b1b   Thumb Code    18  stm32f10x_tim.o(i.TIM_ITConfig)
    TIM_InternalClockConfig                  0x08001b2d   Thumb Code    12  stm32f10x_tim.o(i.TIM_InternalClockConfig)
    TIM_SetCounter                           0x08001b39   Thumb Code     4  stm32f10x_tim.o(i.TIM_SetCounter)
    TIM_TimeBaseInit                         0x08001b3d   Thumb Code   122  stm32f10x_tim.o(i.TIM_TimeBaseInit)
    UART3_Init                               0x08001c49   Thumb Code   216  uart3.o(i.UART3_Init)
    UART4_DMA_Init                           0x08001d61   Thumb Code    90  uart4.o(i.UART4_DMA_Init)
    UART4_IRQHandler                         0x08001dc9   Thumb Code   106  uart4.o(i.UART4_IRQHandler)
    UART4_Init                               0x08001e49   Thumb Code   216  uart4.o(i.UART4_Init)
    UART5_IRQHandler                         0x08001f61   Thumb Code   156  uart5.o(i.UART5_IRQHandler)
    UART5_Init                               0x08002011   Thumb Code   262  uart5.o(i.UART5_Init)
    USART1_IRQHandler                        0x08002165   Thumb Code   112  uart1.o(i.USART1_IRQHandler)
    USART2_IRQHandler                        0x080021ed   Thumb Code   104  uart2.o(i.USART2_IRQHandler)
    USART3_IRQHandler                        0x08002265   Thumb Code   106  uart3.o(i.USART3_IRQHandler)
    USART_ClearFlag                          0x080022e5   Thumb Code    18  stm32f10x_usart.o(i.USART_ClearFlag)
    USART_ClearITPendingBit                  0x080022f7   Thumb Code    30  stm32f10x_usart.o(i.USART_ClearITPendingBit)
    USART_Cmd                                0x08002315   Thumb Code    24  stm32f10x_usart.o(i.USART_Cmd)
    USART_DMACmd                             0x0800232d   Thumb Code    18  stm32f10x_usart.o(i.USART_DMACmd)
    USART_GetFlagStatus                      0x0800233f   Thumb Code    26  stm32f10x_usart.o(i.USART_GetFlagStatus)
    USART_GetITStatus                        0x08002359   Thumb Code    84  stm32f10x_usart.o(i.USART_GetITStatus)
    USART_ITConfig                           0x080023ad   Thumb Code    74  stm32f10x_usart.o(i.USART_ITConfig)
    USART_Init                               0x080023f9   Thumb Code   210  stm32f10x_usart.o(i.USART_Init)
    USART_ReceiveData                        0x080024d1   Thumb Code    10  stm32f10x_usart.o(i.USART_ReceiveData)
    USART_SendData                           0x080024db   Thumb Code     8  stm32f10x_usart.o(i.USART_SendData)
    UsageFault_Handler                       0x080024e3   Thumb Code     4  stm32f10x_it.o(i.UsageFault_Handler)
    __0printf                                0x08002861   Thumb Code    22  printfa.o(i.__0printf)
    __1printf                                0x08002861   Thumb Code     0  printfa.o(i.__0printf)
    __2printf                                0x08002861   Thumb Code     0  printfa.o(i.__0printf)
    __c89printf                              0x08002861   Thumb Code     0  printfa.o(i.__0printf)
    printf                                   0x08002861   Thumb Code     0  printfa.o(i.__0printf)
    __aeabi_errno_addr                       0x08002881   Thumb Code     4  errno.o(i.__aeabi_errno_addr)
    __rt_errno_addr                          0x08002881   Thumb Code     0  errno.o(i.__aeabi_errno_addr)
    __rt_ffs                                 0x08002889   Thumb Code    70  kservice.o(i.__rt_ffs)
    __scatterload_copy                       0x080028d5   Thumb Code    14  handlers.o(i.__scatterload_copy)
    __scatterload_null                       0x080028e3   Thumb Code     2  handlers.o(i.__scatterload_null)
    __scatterload_zeroinit                   0x080028e5   Thumb Code    14  handlers.o(i.__scatterload_zeroinit)
    eMBEnable                                0x080035e9   Thumb Code    32  mb.o(i.eMBEnable)
    eMBFuncReadCoils                         0x08003611   Thumb Code   166  mbfunccoils.o(i.eMBFuncReadCoils)
    eMBFuncReadDiscreteInputs                0x080036b7   Thumb Code   164  mbfuncdisc.o(i.eMBFuncReadDiscreteInputs)
    eMBFuncReadHoldingRegister               0x0800375b   Thumb Code   134  mbfuncholding.o(i.eMBFuncReadHoldingRegister)
    eMBFuncReadInputRegister                 0x080037e1   Thumb Code   140  mbfuncinput.o(i.eMBFuncReadInputRegister)
    eMBFuncReadWriteMultipleHoldingRegister  0x0800386d   Thumb Code   212  mbfuncholding.o(i.eMBFuncReadWriteMultipleHoldingRegister)
    eMBFuncReportSlaveID                     0x08003941   Thumb Code    30  mbfuncother.o(i.eMBFuncReportSlaveID)
    eMBFuncWriteCoil                         0x08003969   Thumb Code   108  mbfunccoils.o(i.eMBFuncWriteCoil)
    eMBFuncWriteHoldingRegister              0x080039d5   Thumb Code    62  mbfuncholding.o(i.eMBFuncWriteHoldingRegister)
    eMBFuncWriteMultipleCoils                0x08003a13   Thumb Code   142  mbfunccoils.o(i.eMBFuncWriteMultipleCoils)
    eMBFuncWriteMultipleHoldingRegister      0x08003aa1   Thumb Code   106  mbfuncholding.o(i.eMBFuncWriteMultipleHoldingRegister)
    eMBInit                                  0x08003b0d   Thumb Code   138  mb.o(i.eMBInit)
    eMBPoll                                  0x08003bd9   Thumb Code   274  mb.o(i.eMBPoll)
    eMBRTUInit                               0x08003d1d   Thumb Code    62  mbrtu.o(i.eMBRTUInit)
    eMBRTUReceive                            0x08003d61   Thumb Code    76  mbrtu.o(i.eMBRTUReceive)
    eMBRTUSend                               0x08003db5   Thumb Code   142  mbrtu.o(i.eMBRTUSend)
    eMBRTUStart                              0x08003e59   Thumb Code    14  mbrtu.o(i.eMBRTUStart)
    eMBRTUStop                               0x08003e6d   Thumb Code     2  mbrtu.o(i.eMBRTUStop)
    eMBRegCoilsCB                            0x08003e71   Thumb Code   300  slave_mb_app.o(i.eMBRegCoilsCB)
    eMBRegDiscreteCB                         0x08003fa5   Thumb Code   190  slave_mb_app.o(i.eMBRegDiscreteCB)
    eMBRegHoldingCB                          0x0800406d   Thumb Code   172  slave_mb_app.o(i.eMBRegHoldingCB)
    eMBRegInputCB                            0x08004121   Thumb Code   104  slave_mb_app.o(i.eMBRegInputCB)
    fal_partition_erase                      0x08004191   Thumb Code   152  fal_partition.o(i.fal_partition_erase)
    fal_partition_find                       0x080042c5   Thumb Code    50  fal_partition.o(i.fal_partition_find)
    fal_partition_write                      0x08004301   Thumb Code   162  fal_partition.o(i.fal_partition_write)
    fputc                                    0x0800445d   Thumb Code    18  fputc.o(i.fputc)
    $Super$$main                             0x0800446f   Thumb Code    26  main.o(i.main)
    main_thread_entry                        0x08004489   Thumb Code    14  components.o(i.main_thread_entry)
    prveMBError2Exception                    0x08004645   Thumb Code    34  mbutils.o(i.prveMBError2Exception)
    prvvUARTRxISR                            0x08004679   Thumb Code    14  portserial.o(i.prvvUARTRxISR)
    rt_application_init                      0x0800468d   Thumb Code    44  components.o(i.rt_application_init)
    rt_components_board_init                 0x080046cd   Thumb Code    20  components.o(i.rt_components_board_init)
    rt_components_init                       0x080046e9   Thumb Code    20  components.o(i.rt_components_init)
    rt_enter_critical                        0x08004705   Thumb Code    28  scheduler.o(i.rt_enter_critical)
    rt_exit_critical                         0x08004725   Thumb Code    60  scheduler.o(i.rt_exit_critical)
    rt_hw_board_init                         0x08004769   Thumb Code    94  board.o(i.rt_hw_board_init)
    rt_hw_console_output                     0x080047d5   Thumb Code    58  board.o(i.rt_hw_console_output)
    rt_hw_cpu_reset                          0x08004811   Thumb Code     8  cpuport.o(i.rt_hw_cpu_reset)
    rt_hw_hard_fault_exception               0x08004821   Thumb Code   190  cpuport.o(i.rt_hw_hard_fault_exception)
    rt_hw_stack_init                         0x08004a21   Thumb Code    70  cpuport.o(i.rt_hw_stack_init)
    rt_interrupt_enter                       0x08004a6d   Thumb Code    26  irq.o(i.rt_interrupt_enter)
    rt_interrupt_leave                       0x08004a8d   Thumb Code    26  irq.o(i.rt_interrupt_leave)
    rt_kprintf                               0x08004b41   Thumb Code    44  kservice.o(i.rt_kprintf)
    rt_memcpy                                0x08004bf1   Thumb Code   124  kservice.o(i.rt_memcpy)
    rt_memset                                0x08004c6d   Thumb Code    72  kservice.o(i.rt_memset)
    rt_mq_init                               0x08004cb5   Thumb Code   114  ipc.o(i.rt_mq_init)
    rt_mq_recv                               0x08004d27   Thumb Code   290  ipc.o(i.rt_mq_recv)
    rt_mq_send                               0x08004e49   Thumb Code    22  ipc.o(i.rt_mq_send)
    rt_mq_send_wait                          0x08004e5f   Thumb Code   300  ipc.o(i.rt_mq_send_wait)
    rt_object_detach                         0x08004f8b   Thumb Code    44  object.o(i.rt_object_detach)
    rt_object_get_information                0x08004fb9   Thumb Code    36  object.o(i.rt_object_get_information)
    rt_object_init                           0x08004fe1   Thumb Code    96  object.o(i.rt_object_init)
    rt_object_is_systemobject                0x08005041   Thumb Code    18  object.o(i.rt_object_is_systemobject)
    rt_schedule                              0x08005055   Thumb Code   106  scheduler.o(i.rt_schedule)
    rt_schedule_insert_thread                0x080050d9   Thumb Code    72  scheduler.o(i.rt_schedule_insert_thread)
    rt_schedule_remove_thread                0x08005129   Thumb Code    76  scheduler.o(i.rt_schedule_remove_thread)
    rt_show_version                          0x0800517d   Thumb Code    38  kservice.o(i.rt_show_version)
    rt_strlen                                0x0800522d   Thumb Code    18  kservice.o(i.rt_strlen)
    rt_strncpy                               0x0800523f   Thumb Code    52  kservice.o(i.rt_strncpy)
    rt_system_scheduler_init                 0x08005275   Thumb Code    52  scheduler.o(i.rt_system_scheduler_init)
    rt_system_scheduler_start                0x080052c1   Thumb Code    36  scheduler.o(i.rt_system_scheduler_start)
    rt_system_timer_init                     0x080052f1   Thumb Code    24  timer.o(i.rt_system_timer_init)
    rt_system_timer_thread_init              0x0800530d   Thumb Code     2  timer.o(i.rt_system_timer_thread_init)
    rt_thread_delay                          0x0800530f   Thumb Code    12  thread.o(i.rt_thread_delay)
    rt_thread_exit                           0x0800531d   Thumb Code    78  thread.o(i.rt_thread_exit)
    rt_thread_idle_excute                    0x0800537d   Thumb Code     2  idle.o(i.rt_thread_idle_excute)
    rt_thread_idle_init                      0x08005381   Thumb Code    38  idle.o(i.rt_thread_idle_init)
    rt_thread_init                           0x080053bd   Thumb Code    52  thread.o(i.rt_thread_init)
    rt_thread_mdelay                         0x080053f1   Thumb Code    20  thread.o(i.rt_thread_mdelay)
    rt_thread_resume                         0x08005405   Thumb Code    60  thread.o(i.rt_thread_resume)
    rt_thread_self                           0x08005441   Thumb Code     6  thread.o(i.rt_thread_self)
    rt_thread_sleep                          0x0800544d   Thumb Code    62  thread.o(i.rt_thread_sleep)
    rt_thread_startup                        0x08005491   Thumb Code    44  thread.o(i.rt_thread_startup)
    rt_thread_suspend                        0x080054bd   Thumb Code    68  thread.o(i.rt_thread_suspend)
    rt_thread_timeout                        0x08005501   Thumb Code    32  thread.o(i.rt_thread_timeout)
    rt_thread_yield                          0x08005521   Thumb Code    92  thread.o(i.rt_thread_yield)
    rt_tick_from_millisecond                 0x08005585   Thumb Code    56  clock.o(i.rt_tick_from_millisecond)
    rt_tick_get                              0x080055bd   Thumb Code     6  clock.o(i.rt_tick_get)
    rt_tick_increase                         0x080055c9   Thumb Code    42  clock.o(i.rt_tick_increase)
    rt_timer_check                           0x080055f9   Thumb Code   160  timer.o(i.rt_timer_check)
    rt_timer_control                         0x0800569d   Thumb Code    98  timer.o(i.rt_timer_control)
    rt_timer_detach                          0x080056ff   Thumb Code    40  timer.o(i.rt_timer_detach)
    rt_timer_init                            0x08005727   Thumb Code    46  timer.o(i.rt_timer_init)
    rt_timer_start                           0x08005755   Thumb Code   226  timer.o(i.rt_timer_start)
    rt_timer_stop                            0x08005841   Thumb Code    48  timer.o(i.rt_timer_stop)
    rt_vsnprintf                             0x08005871   Thumb Code   824  kservice.o(i.rt_vsnprintf)
    rtthread_startup                         0x08005bc1   Thumb Code    42  components.o(i.rtthread_startup)
    rym_recv_on_device                       0x08005beb   Thumb Code    42  ymodem.o(i.rym_recv_on_device)
    sys_clock_set                            0x08005c3d   Thumb Code   164  board.o(i.sys_clock_set)
    sys_stm32_clock_init                     0x08005ce9   Thumb Code    90  board.o(i.sys_stm32_clock_init)
    usMBCRC16                                0x08005d51   Thumb Code    48  mbcrc.o(i.usMBCRC16)
    vMBPortTimersDisable                     0x08005d89   Thumb Code    42  porttimer.o(i.vMBPortTimersDisable)
    vMBPortTimersEnable                      0x08005db3   Thumb Code    40  porttimer.o(i.vMBPortTimersEnable)
    xMBPortEventGet                          0x08005ddd   Thumb Code    26  portevent.o(i.xMBPortEventGet)
    xMBPortEventInit                         0x08005e01   Thumb Code    10  portevent.o(i.xMBPortEventInit)
    xMBPortEventPost                         0x08005e11   Thumb Code    16  portevent.o(i.xMBPortEventPost)
    xMBPortSerialInit                        0x08005e29   Thumb Code    26  portserial.o(i.xMBPortSerialInit)
    xMBPortSerialPutByte                     0x08005e45   Thumb Code    90  portserial.o(i.xMBPortSerialPutByte)
    xMBPortTimersInit                        0x08005eb5   Thumb Code   102  porttimer.o(i.xMBPortTimersInit)
    xMBRTUReceiveFSM                         0x08005f1d   Thumb Code    98  mbrtu.o(i.xMBRTUReceiveFSM)
    xMBRTUTimerT35Expired                    0x08005f8d   Thumb Code    60  mbrtu.o(i.xMBRTUTimerT35Expired)
    xMBUtilGetBits                           0x08005fcd   Thumb Code    42  mbutils.o(i.xMBUtilGetBits)
    xMBUtilSetBits                           0x08005ff7   Thumb Code    96  mbutils.o(i.xMBUtilSetBits)
    ymodem_init                              0x08006065   Thumb Code    44  ymodem_ota.o(i.ymodem_init)
    ymodem_ota                               0x080062bd   Thumb Code   182  ymodem_ota.o(i.ymodem_ota)
    ymodem_start                             0x080064d9   Thumb Code    22  ymodem_ota.o(i.ymodem_start)
    __lowest_bit_bitmap                      0x08006994   Data         256  kservice.o(.constdata)
    __ctype_table                            0x08006ace   Data         129  ctype_o.o(.constdata)
    __rt_init_rti_start                      0x08006cc4   Data           4  components.o(.rti_fn.0)
    __rt_init_rti_board_start                0x08006cc8   Data           4  components.o(.rti_fn.0.end)
    __rt_init_ota_app_vtor_reconfig          0x08006ccc   Data           4  ymodem_ota.o(.rti_fn.1)
    __rt_init_rti_board_end                  0x08006cd0   Data           4  components.o(.rti_fn.1.end)
    __rt_init_rti_end                        0x08006cd4   Data           4  components.o(.rti_fn.6.end)
    Region$$Table$$Base                      0x08006e58   Number         0  anon$$obj.o(Region$$Table)
    Region$$Table$$Limit                     0x08006e78   Number         0  anon$$obj.o(Region$$Table)
    SystemCoreClock                          0x20000000   Data           4  system_stm32f10x.o(.data)
    AHBPrescTable                            0x20000004   Data          16  system_stm32f10x.o(.data)
    UART1_Count                              0x2000002c   Data           1  uart1.o(.data)
    UART1_RxFlag                             0x2000002d   Data           1  uart1.o(.data)
    UART2_Count                              0x20000034   Data           1  uart2.o(.data)
    UART2_RxFlag                             0x20000035   Data           1  uart2.o(.data)
    UART3_Count                              0x2000003c   Data           1  uart3.o(.data)
    UART3_RxFlag                             0x2000003d   Data           1  uart3.o(.data)
    MyRTC_Time                               0x20000040   Data          12  myrtc.o(.data)
    Unix_Time                                0x2000004c   Data           4  myrtc.o(.data)
    UART4_Count                              0x20000054   Data           1  uart4.o(.data)
    UART4_RxFlag                             0x20000055   Data           1  uart4.o(.data)
    UART5_Count                              0x2000005c   Data           1  uart5.o(.data)
    UART5_RxFlag                             0x2000005d   Data           1  uart5.o(.data)
    ota                                      0x20000064   Data           8  main.o(.data)
    usSDiscInStart                           0x2000007c   Data           2  mb.o(.data)
    usSCoilStart                             0x2000007e   Data           2  mb.o(.data)
    usSRegInStart                            0x20000080   Data           2  mb.o(.data)
    usSRegHoldStart                          0x20000082   Data           2  mb.o(.data)
    pxMBFrameCBByteReceived                  0x2000009c   Data           4  mb.o(.data)
    pxMBFrameCBTransmitterEmpty              0x200000a0   Data           4  mb.o(.data)
    pxMBPortCBTimerExpired                   0x200000a4   Data           4  mb.o(.data)
    pxMBFrameCBReceiveFSMCur                 0x200000a8   Data           4  mb.o(.data)
    pxMBFrameCBTransmitFSMCur                0x200000ac   Data           4  mb.o(.data)
    dev                                      0x20000160   Data           8  ymodem_ota.o(.data)
    rt_interrupt_from_thread                 0x20000168   Data           4  cpuport.o(.data)
    rt_interrupt_to_thread                   0x2000016c   Data           4  cpuport.o(.data)
    rt_thread_switch_interrupt_flag          0x20000170   Data           4  cpuport.o(.data)
    rt_interrupt_nest                        0x2000017c   Data           1  irq.o(.data)
    rt_thread_ready_priority_group           0x200001f0   Data           4  scheduler.o(.data)
    rt_current_thread                        0x200001f8   Data           4  scheduler.o(.data)
    rt_current_priority                      0x200001fc   Data           1  scheduler.o(.data)
    rt_thread_defunct                        0x20000200   Data           8  scheduler.o(.data)
    __stdout                                 0x20000214   Data           4  stdout.o(.data)
    USART1_RxData                            0x2000021c   Data         256  uart1.o(.bss)
    u1_tx                                    0x2000031c   Data         128  uart1.o(.bss)
    USART2_RxData                            0x2000079c   Data         256  uart2.o(.bss)
    USART3_RxData                            0x20000d1c   Data         256  uart3.o(.bss)
    UART4_RxData                             0x20000e1c   Data         256  uart4.o(.bss)
    UART5_RxData                             0x20000f1c   Data         256  uart5.o(.bss)
    _SEGGER_RTT                              0x2000101c   Data         168  segger_rtt.o(.bss)
    ucSDiscInBuf                             0x2000210c   Data          13  mb.o(.bss)
    ucSCoilBuf                               0x20002119   Data          13  mb.o(.bss)
    usSRegInBuf                              0x20002126   Data         200  mb.o(.bss)
    usSRegHoldBuf                            0x200021ee   Data         200  mb.o(.bss)
    ucRTUBuf                                 0x200022b6   Data         256  mbrtu.o(.bss)
    MODBUS_RX_PANNEL_STACK                   0x20002438   Data        1024  slave_mb_app.o(.bss)
    MODBUS_PANNEL_STACK                      0x200028b8   Data        1024  slave_mb_app.o(.bss)
    modbus_rx_mq                             0x20002cb8   Data          60  slave_mb_app.o(.bss)
    MODBUS_Rx_MQ                             0x20002cf4   Data         768  slave_mb_app.o(.bss)
    ymodem_mq                                0x20003508   Data          60  ymodem_ota.o(.bss)
    main_thread                              0x20003748   Data         128  components.o(.bss)
    rt_thread_priority_table                 0x200039c8   Data         256  scheduler.o(.bss)
    __initial_sp                             0x20003ec8   Data           0  startup_stm32f10x_hd.o(STACK)



==============================================================================

Memory Map of the image

  Image Entry point : 0x08000131

  Load Region LR_IROM1 (Base: 0x08000000, Size: 0x00007094, Max: 0x00080000, ABSOLUTE, COMPRESSED[0x00006f20])

    Execution Region ER_IROM1 (Exec base: 0x08000000, Load base: 0x08000000, Size: 0x00006e78, Max: 0x00080000, ABSOLUTE)

    Exec Addr    Load Addr    Size         Type   Attr      Idx    E Section Name        Object

    0x08000000   0x08000000   0x00000130   Data   RO          132    RESET               startup_stm32f10x_hd.o
    0x08000130   0x08000130   0x00000000   Code   RO         7308  * .ARM.Collect$$$$00000000  mc_w.l(entry.o)
    0x08000130   0x08000130   0x00000004   Code   RO         7607    .ARM.Collect$$$$00000001  mc_w.l(entry2.o)
    0x08000134   0x08000134   0x00000004   Code   RO         7610    .ARM.Collect$$$$00000004  mc_w.l(entry5.o)
    0x08000138   0x08000138   0x00000000   Code   RO         7612    .ARM.Collect$$$$00000008  mc_w.l(entry7b.o)
    0x08000138   0x08000138   0x00000000   Code   RO         7614    .ARM.Collect$$$$0000000A  mc_w.l(entry8b.o)
    0x08000138   0x08000138   0x00000008   Code   RO         7615    .ARM.Collect$$$$0000000B  mc_w.l(entry9a.o)
    0x08000140   0x08000140   0x00000004   Code   RO         7622    .ARM.Collect$$$$0000000E  mc_w.l(entry12b.o)
    0x08000144   0x08000144   0x00000000   Code   RO         7617    .ARM.Collect$$$$0000000F  mc_w.l(entry10a.o)
    0x08000144   0x08000144   0x00000000   Code   RO         7619    .ARM.Collect$$$$00000011  mc_w.l(entry11a.o)
    0x08000144   0x08000144   0x00000004   Code   RO         7608    .ARM.Collect$$$$00002712  mc_w.l(entry2.o)
    0x08000148   0x08000148   0x00000024   Code   RO          133    .text               startup_stm32f10x_hd.o
    0x0800016c   0x0800016c   0x000000f4   Code   RO         6318    .text               context_rvds.o
    0x08000260   0x08000260   0x000000a8   Code   RO         7315    .text               mc_w.l(mktime.o)
    0x08000308   0x08000308   0x00000024   Code   RO         7318    .text               mc_w.l(memcpya.o)
    0x0800032c   0x0800032c   0x00000024   Code   RO         7320    .text               mc_w.l(memseta.o)
    0x08000350   0x08000350   0x0000001c   Code   RO         7326    .text               mc_w.l(strcmp.o)
    0x0800036c   0x0800036c   0x0000001a   Code   RO         7593    .text               mc_w.l(atol.o)
    0x08000386   0x08000386   0x00000064   Code   RO         7597    .text               mf_w.l(fmul.o)
    0x080003ea   0x080003ea   0x00000032   Code   RO         7599    .text               mf_w.l(ffixi.o)
    0x0800041c   0x0800041c   0x00000038   Code   RO         7601    .text               mf_w.l(d2f.o)
    0x08000454   0x08000454   0x00000014   Code   RO         7603    .text               mf_w.l(cfcmple.o)
    0x08000468   0x08000468   0x0000002c   Code   RO         7626    .text               mc_w.l(uidiv.o)
    0x08000494   0x08000494   0x00000062   Code   RO         7628    .text               mc_w.l(uldiv.o)
    0x080004f6   0x080004f6   0x00000002   PAD
    0x080004f8   0x080004f8   0x0000008c   Code   RO         7633    .text               mc_w.l(localtime_i.o)
    0x08000584   0x08000584   0x00000070   Code   RO         7643    .text               mc_w.l(strtol.o)
    0x080005f4   0x080005f4   0x00000000   Code   RO         7645    .text               mc_w.l(iusefp.o)
    0x080005f4   0x080005f4   0x0000006e   Code   RO         7646    .text               mf_w.l(fepilogue.o)
    0x08000662   0x08000662   0x0000014e   Code   RO         7648    .text               mf_w.l(dadd.o)
    0x080007b0   0x080007b0   0x000000e4   Code   RO         7650    .text               mf_w.l(dmul.o)
    0x08000894   0x08000894   0x000000de   Code   RO         7652    .text               mf_w.l(ddiv.o)
    0x08000972   0x08000972   0x00000030   Code   RO         7654    .text               mf_w.l(dfixul.o)
    0x080009a2   0x080009a2   0x00000002   PAD
    0x080009a4   0x080009a4   0x00000030   Code   RO         7656    .text               mf_w.l(cdrcmple.o)
    0x080009d4   0x080009d4   0x00000024   Code   RO         7658    .text               mc_w.l(init.o)
    0x080009f8   0x080009f8   0x00000000   Code   RO         7660    .text               mc_w.l(semi.o)
    0x080009f8   0x080009f8   0x0000001e   Code   RO         7661    .text               mc_w.l(llshl.o)
    0x08000a16   0x08000a16   0x00000020   Code   RO         7663    .text               mc_w.l(llushr.o)
    0x08000a36   0x08000a36   0x00000024   Code   RO         7665    .text               mc_w.l(llsshr.o)
    0x08000a5a   0x08000a5a   0x00000002   PAD
    0x08000a5c   0x08000a5c   0x00000008   Code   RO         7667    .text               mc_w.l(ctype_o.o)
    0x08000a64   0x08000a64   0x0000009e   Code   RO         7695    .text               mc_w.l(_strtoul.o)
    0x08000b02   0x08000b02   0x00000000   Code   RO         7697    .text               mc_w.l(iusesemip.o)
    0x08000b02   0x08000b02   0x000000ba   Code   RO         7698    .text               mf_w.l(depilogue.o)
    0x08000bbc   0x08000bbc   0x0000001c   Code   RO         7700    .text               mc_w.l(_chval.o)
    0x08000bd8   0x08000bd8   0x00000056   Code   RO         7710    .text               mc_w.l(__dczerorl2.o)
    0x08000c2e   0x08000c2e   0x0000000a   Code   RO         6399    i.$Sub$$main        components.o
    0x08000c38   0x08000c38   0x00000010   Code   RO          426    i.BKP_DeInit        stm32f10x_bkp.o
    0x08000c48   0x08000c48   0x0000001c   Code   RO          431    i.BKP_ReadBackupRegister  stm32f10x_bkp.o
    0x08000c64   0x08000c64   0x0000001c   Code   RO          435    i.BKP_WriteBackupRegister  stm32f10x_bkp.o
    0x08000c80   0x08000c80   0x00000004   Code   RO         3806    i.BusFault_Handler  stm32f10x_it.o
    0x08000c84   0x08000c84   0x0000002c   Code   RO         6147    i.CRC16             ymodem.o
    0x08000cb0   0x08000cb0   0x00000018   Code   RO          911    i.DMA_Cmd           stm32f10x_dma.o
    0x08000cc8   0x08000cc8   0x00000008   Code   RO          913    i.DMA_GetCurrDataCounter  stm32f10x_dma.o
    0x08000cd0   0x08000cd0   0x0000003c   Code   RO          917    i.DMA_Init          stm32f10x_dma.o
    0x08000d0c   0x08000d0c   0x00000004   Code   RO          918    i.DMA_SetCurrDataCounter  stm32f10x_dma.o
    0x08000d10   0x08000d10   0x00000002   Code   RO         3807    i.DebugMon_Handler  stm32f10x_it.o
    0x08000d12   0x08000d12   0x00000116   Code   RO         1347    i.GPIO_Init         stm32f10x_gpio.o
    0x08000e28   0x08000e28   0x00000090   Code   RO         1349    i.GPIO_PinRemapConfig  stm32f10x_gpio.o
    0x08000eb8   0x08000eb8   0x000000b4   Code   RO         5729    i.MODBUS_INIT       slave_mb_app.o
    0x08000f6c   0x08000f6c   0x00000030   Code   RO         5730    i.MODBUS_RX_TASK    slave_mb_app.o
    0x08000f9c   0x08000f9c   0x00000020   Code   RO         5731    i.MODBUS_TASK       slave_mb_app.o
    0x08000fbc   0x08000fbc   0x00000004   Code   RO         3808    i.MemManage_Handler  stm32f10x_it.o
    0x08000fc0   0x08000fc0   0x00000094   Code   RO         3502    i.MyRTC_Init        myrtc.o
    0x08001054   0x08001054   0x0000004c   Code   RO         3504    i.MyRTC_SetTime     myrtc.o
    0x080010a0   0x080010a0   0x00000002   Code   RO         3809    i.NMI_Handler       stm32f10x_it.o
    0x080010a2   0x080010a2   0x00000002   PAD
    0x080010a4   0x080010a4   0x00000070   Code   RO          137    i.NVIC_Init         misc.o
    0x08001114   0x08001114   0x0000000c   Code   RO         1710    i.PWR_BackupAccessCmd  stm32f10x_pwr.o
    0x08001120   0x08001120   0x00000020   Code   RO         1774    i.RCC_AHBPeriphClockCmd  stm32f10x_rcc.o
    0x08001140   0x08001140   0x00000020   Code   RO         1775    i.RCC_APB1PeriphClockCmd  stm32f10x_rcc.o
    0x08001160   0x08001160   0x00000020   Code   RO         1776    i.RCC_APB1PeriphResetCmd  stm32f10x_rcc.o
    0x08001180   0x08001180   0x00000020   Code   RO         1777    i.RCC_APB2PeriphClockCmd  stm32f10x_rcc.o
    0x080011a0   0x080011a0   0x00000020   Code   RO         1778    i.RCC_APB2PeriphResetCmd  stm32f10x_rcc.o
    0x080011c0   0x080011c0   0x0000000c   Code   RO         1780    i.RCC_BackupResetCmd  stm32f10x_rcc.o
    0x080011cc   0x080011cc   0x000000d4   Code   RO         1785    i.RCC_GetClocksFreq  stm32f10x_rcc.o
    0x080012a0   0x080012a0   0x0000003c   Code   RO         1786    i.RCC_GetFlagStatus  stm32f10x_rcc.o
    0x080012dc   0x080012dc   0x0000000c   Code   RO         1794    i.RCC_LSICmd        stm32f10x_rcc.o
    0x080012e8   0x080012e8   0x0000000c   Code   RO         1800    i.RCC_RTCCLKCmd     stm32f10x_rcc.o
    0x080012f4   0x080012f4   0x00000010   Code   RO         1801    i.RCC_RTCCLKConfig  stm32f10x_rcc.o
    0x08001304   0x08001304   0x00000014   Code   RO         1978    i.RTC_EnterConfigMode  stm32f10x_rtc.o
    0x08001318   0x08001318   0x00000014   Code   RO         1979    i.RTC_ExitConfigMode  stm32f10x_rtc.o
    0x0800132c   0x0800132c   0x0000001c   Code   RO         1986    i.RTC_SetCounter    stm32f10x_rtc.o
    0x08001348   0x08001348   0x00000020   Code   RO         1987    i.RTC_SetPrescaler  stm32f10x_rtc.o
    0x08001368   0x08001368   0x00000014   Code   RO         1988    i.RTC_WaitForLastTask  stm32f10x_rtc.o
    0x0800137c   0x0800137c   0x00000024   Code   RO         1989    i.RTC_WaitForSynchro  stm32f10x_rtc.o
    0x080013a0   0x080013a0   0x0000004c   Code   RO         3989    i.SEGGER_RTT_Write  segger_rtt.o
    0x080013ec   0x080013ec   0x00000084   Code   RO         3992    i.SEGGER_RTT_WriteNoLock  segger_rtt.o
    0x08001470   0x08001470   0x00000022   Code   RO         4198    i.SEGGER_RTT_printf  segger_rtt_printf.o
    0x08001492   0x08001492   0x00000002   PAD
    0x08001494   0x08001494   0x000002c8   Code   RO         4199    i.SEGGER_RTT_vprintf  segger_rtt_printf.o
    0x0800175c   0x0800175c   0x00000002   Code   RO         3810    i.SVC_Handler       stm32f10x_it.o
    0x0800175e   0x0800175e   0x00000008   Code   RO           17    i.SetSysClock       system_stm32f10x.o
    0x08001766   0x08001766   0x00000002   PAD
    0x08001768   0x08001768   0x000000e0   Code   RO           18    i.SetSysClockTo72   system_stm32f10x.o
    0x08001848   0x08001848   0x00000010   Code   RO         7268    i.SysTick_Handler   board.o
    0x08001858   0x08001858   0x00000060   Code   RO           20    i.SystemInit        system_stm32f10x.o
    0x080018b8   0x080018b8   0x0000001a   Code   RO         5694    i.TIM2_IRQHandler   porttimer.o
    0x080018d2   0x080018d2   0x00000002   PAD
    0x080018d4   0x080018d4   0x0000001c   Code   RO         3728    i.TIM3_IRQHandler   tim.o
    0x080018f0   0x080018f0   0x00000006   Code   RO         2416    i.TIM_ClearITPendingBit  stm32f10x_tim.o
    0x080018f6   0x080018f6   0x00000018   Code   RO         2421    i.TIM_Cmd           stm32f10x_tim.o
    0x0800190e   0x0800190e   0x00000002   PAD
    0x08001910   0x08001910   0x000001e8   Code   RO         2426    i.TIM_DeInit        stm32f10x_tim.o
    0x08001af8   0x08001af8   0x00000022   Code   RO         2442    i.TIM_GetITStatus   stm32f10x_tim.o
    0x08001b1a   0x08001b1a   0x00000012   Code   RO         2446    i.TIM_ITConfig      stm32f10x_tim.o
    0x08001b2c   0x08001b2c   0x0000000c   Code   RO         2448    i.TIM_InternalClockConfig  stm32f10x_tim.o
    0x08001b38   0x08001b38   0x00000004   Code   RO         2486    i.TIM_SetCounter    stm32f10x_tim.o
    0x08001b3c   0x08001b3c   0x000000a4   Code   RO         2492    i.TIM_TimeBaseInit  stm32f10x_tim.o
    0x08001be0   0x08001be0   0x00000068   Code   RO         3441    i.UART3_DMA_Init    uart3.o
    0x08001c48   0x08001c48   0x00000118   Code   RO         3442    i.UART3_Init        uart3.o
    0x08001d60   0x08001d60   0x00000068   Code   RO         3532    i.UART4_DMA_Init    uart4.o
    0x08001dc8   0x08001dc8   0x00000080   Code   RO         3533    i.UART4_IRQHandler  uart4.o
    0x08001e48   0x08001e48   0x00000118   Code   RO         3534    i.UART4_Init        uart4.o
    0x08001f60   0x08001f60   0x000000b0   Code   RO         3594    i.UART5_IRQHandler  uart5.o
    0x08002010   0x08002010   0x00000154   Code   RO         3595    i.UART5_Init        uart5.o
    0x08002164   0x08002164   0x00000088   Code   RO         3203    i.USART1_IRQHandler  uart1.o
    0x080021ec   0x080021ec   0x00000078   Code   RO         3373    i.USART2_IRQHandler  uart2.o
    0x08002264   0x08002264   0x00000080   Code   RO         3448    i.USART3_IRQHandler  uart3.o
    0x080022e4   0x080022e4   0x00000012   Code   RO         2956    i.USART_ClearFlag   stm32f10x_usart.o
    0x080022f6   0x080022f6   0x0000001e   Code   RO         2957    i.USART_ClearITPendingBit  stm32f10x_usart.o
    0x08002314   0x08002314   0x00000018   Code   RO         2960    i.USART_Cmd         stm32f10x_usart.o
    0x0800232c   0x0800232c   0x00000012   Code   RO         2961    i.USART_DMACmd      stm32f10x_usart.o
    0x0800233e   0x0800233e   0x0000001a   Code   RO         2963    i.USART_GetFlagStatus  stm32f10x_usart.o
    0x08002358   0x08002358   0x00000054   Code   RO         2964    i.USART_GetITStatus  stm32f10x_usart.o
    0x080023ac   0x080023ac   0x0000004a   Code   RO         2966    i.USART_ITConfig    stm32f10x_usart.o
    0x080023f6   0x080023f6   0x00000002   PAD
    0x080023f8   0x080023f8   0x000000d8   Code   RO         2967    i.USART_Init        stm32f10x_usart.o
    0x080024d0   0x080024d0   0x0000000a   Code   RO         2974    i.USART_ReceiveData  stm32f10x_usart.o
    0x080024da   0x080024da   0x00000008   Code   RO         2977    i.USART_SendData    stm32f10x_usart.o
    0x080024e2   0x080024e2   0x00000004   Code   RO         3811    i.UsageFault_Handler  stm32f10x_it.o
    0x080024e6   0x080024e6   0x00000002   PAD
    0x080024e8   0x080024e8   0x00000070   Code   RO         3996    i._DoInit           segger_rtt.o
    0x08002558   0x08002558   0x0000001c   Code   RO         3997    i._GetAvailWriteSpace  segger_rtt.o
    0x08002574   0x08002574   0x000000ec   Code   RO         4200    i._PrintInt         segger_rtt_printf.o
    0x08002660   0x08002660   0x000000ec   Code   RO         4201    i._PrintUnsigned    segger_rtt_printf.o
    0x0800274c   0x0800274c   0x00000044   Code   RO         4202    i._StoreChar        segger_rtt_printf.o
    0x08002790   0x08002790   0x00000076   Code   RO         3999    i._WriteBlocking    segger_rtt.o
    0x08002806   0x08002806   0x00000058   Code   RO         4000    i._WriteNoCheck     segger_rtt.o
    0x0800285e   0x0800285e   0x00000002   PAD
    0x08002860   0x08002860   0x00000020   Code   RO         7565    i.__0printf         mc_w.l(printfa.o)
    0x08002880   0x08002880   0x00000008   Code   RO         7636    i.__aeabi_errno_addr  mc_w.l(errno.o)
    0x08002888   0x08002888   0x0000004c   Code   RO         6745    i.__rt_ffs          kservice.o
    0x080028d4   0x080028d4   0x0000000e   Code   RO         7704    i.__scatterload_copy  mc_w.l(handlers.o)
    0x080028e2   0x080028e2   0x00000002   Code   RO         7705    i.__scatterload_null  mc_w.l(handlers.o)
    0x080028e4   0x080028e4   0x0000000e   Code   RO         7706    i.__scatterload_zeroinit  mc_w.l(handlers.o)
    0x080028f2   0x080028f2   0x00000002   PAD
    0x080028f4   0x080028f4   0x00000184   Code   RO         7572    i._fp_digits        mc_w.l(printfa.o)
    0x08002a78   0x08002a78   0x000006b4   Code   RO         7573    i._printf_core      mc_w.l(printfa.o)
    0x0800312c   0x0800312c   0x00000024   Code   RO         7574    i._printf_post_padding  mc_w.l(printfa.o)
    0x08003150   0x08003150   0x0000002e   Code   RO         7575    i._printf_pre_padding  mc_w.l(printfa.o)
    0x0800317e   0x0800317e   0x00000002   PAD
    0x08003180   0x08003180   0x00000084   Code   RO         7048    i._rt_thread_init   thread.o
    0x08003204   0x08003204   0x00000042   Code   RO         7168    i._rt_timer_init    timer.o
    0x08003246   0x08003246   0x0000001c   Code   RO         7169    i._rt_timer_remove  timer.o
    0x08003262   0x08003262   0x000000ea   Code   RO         6148    i._rym_do_fin       ymodem.o
    0x0800334c   0x0800334c   0x000000c8   Code   RO         6149    i._rym_do_handshake  ymodem.o
    0x08003414   0x08003414   0x0000005c   Code   RO         6150    i._rym_do_recv      ymodem.o
    0x08003470   0x08003470   0x000000a8   Code   RO         6151    i._rym_do_trans     ymodem.o
    0x08003518   0x08003518   0x00000024   Code   RO         6152    i._rym_putchar      ymodem.o
    0x0800353c   0x0800353c   0x00000090   Code   RO         6153    i._rym_trans_data   ymodem.o
    0x080035cc   0x080035cc   0x0000001c   Code   RO         7049    i._thread_cleanup_execute  thread.o
    0x080035e8   0x080035e8   0x00000028   Code   RO         5403    i.eMBEnable         mb.o
    0x08003610   0x08003610   0x000000a6   Code   RO         5468    i.eMBFuncReadCoils  mbfunccoils.o
    0x080036b6   0x080036b6   0x000000a4   Code   RO         5503    i.eMBFuncReadDiscreteInputs  mbfuncdisc.o
    0x0800375a   0x0800375a   0x00000086   Code   RO         5515    i.eMBFuncReadHoldingRegister  mbfuncholding.o
    0x080037e0   0x080037e0   0x0000008c   Code   RO         5545    i.eMBFuncReadInputRegister  mbfuncinput.o
    0x0800386c   0x0800386c   0x000000d4   Code   RO         5516    i.eMBFuncReadWriteMultipleHoldingRegister  mbfuncholding.o
    0x08003940   0x08003940   0x00000028   Code   RO         5356    i.eMBFuncReportSlaveID  mbfuncother.o
    0x08003968   0x08003968   0x0000006c   Code   RO         5469    i.eMBFuncWriteCoil  mbfunccoils.o
    0x080039d4   0x080039d4   0x0000003e   Code   RO         5517    i.eMBFuncWriteHoldingRegister  mbfuncholding.o
    0x08003a12   0x08003a12   0x0000008e   Code   RO         5470    i.eMBFuncWriteMultipleCoils  mbfunccoils.o
    0x08003aa0   0x08003aa0   0x0000006a   Code   RO         5518    i.eMBFuncWriteMultipleHoldingRegister  mbfuncholding.o
    0x08003b0a   0x08003b0a   0x00000002   PAD
    0x08003b0c   0x08003b0c   0x000000cc   Code   RO         5404    i.eMBInit           mb.o
    0x08003bd8   0x08003bd8   0x00000144   Code   RO         5405    i.eMBPoll           mb.o
    0x08003d1c   0x08003d1c   0x00000044   Code   RO         5557    i.eMBRTUInit        mbrtu.o
    0x08003d60   0x08003d60   0x00000054   Code   RO         5558    i.eMBRTUReceive     mbrtu.o
    0x08003db4   0x08003db4   0x000000a4   Code   RO         5559    i.eMBRTUSend        mbrtu.o
    0x08003e58   0x08003e58   0x00000014   Code   RO         5560    i.eMBRTUStart       mbrtu.o
    0x08003e6c   0x08003e6c   0x00000002   Code   RO         5561    i.eMBRTUStop        mbrtu.o
    0x08003e6e   0x08003e6e   0x00000002   PAD
    0x08003e70   0x08003e70   0x00000134   Code   RO         5732    i.eMBRegCoilsCB     slave_mb_app.o
    0x08003fa4   0x08003fa4   0x000000c8   Code   RO         5733    i.eMBRegDiscreteCB  slave_mb_app.o
    0x0800406c   0x0800406c   0x000000b4   Code   RO         5734    i.eMBRegHoldingCB   slave_mb_app.o
    0x08004120   0x08004120   0x00000070   Code   RO         5735    i.eMBRegInputCB     slave_mb_app.o
    0x08004190   0x08004190   0x00000134   Code   RO         4308    i.fal_partition_erase  fal_partition.o
    0x080042c4   0x080042c4   0x0000003c   Code   RO         4310    i.fal_partition_find  fal_partition.o
    0x08004300   0x08004300   0x00000140   Code   RO         4313    i.fal_partition_write  fal_partition.o
    0x08004440   0x08004440   0x0000001c   Code   RO         4316    i.flash_device_find_by_part  fal_partition.o
    0x0800445c   0x0800445c   0x00000012   Code   RO         7623    i.fputc             mc_w.l(fputc.o)
    0x0800446e   0x0800446e   0x0000001a   Code   RO         3746    i.main              main.o
    0x08004488   0x08004488   0x0000000e   Code   RO         6400    i.main_thread_entry  components.o
    0x08004496   0x08004496   0x00000002   PAD
    0x08004498   0x08004498   0x00000014   Code   RO         6204    i.ota_app_vtor_reconfig  ymodem_ota.o
    0x080044ac   0x080044ac   0x00000198   Code   RO         6747    i.print_number      kservice.o
    0x08004644   0x08004644   0x00000022   Code   RO         5377    i.prveMBError2Exception  mbutils.o
    0x08004666   0x08004666   0x00000002   PAD
    0x08004668   0x08004668   0x00000010   Code   RO         5695    i.prvvTIMERExpiredISR  porttimer.o
    0x08004678   0x08004678   0x00000014   Code   RO         5638    i.prvvUARTRxISR     portserial.o
    0x0800468c   0x0800468c   0x00000040   Code   RO         6401    i.rt_application_init  components.o
    0x080046cc   0x080046cc   0x0000001c   Code   RO         6402    i.rt_components_board_init  components.o
    0x080046e8   0x080046e8   0x0000001c   Code   RO         6403    i.rt_components_init  components.o
    0x08004704   0x08004704   0x00000020   Code   RO         6982    i.rt_enter_critical  scheduler.o
    0x08004724   0x08004724   0x00000044   Code   RO         6983    i.rt_exit_critical  scheduler.o
    0x08004768   0x08004768   0x0000006c   Code   RO         7269    i.rt_hw_board_init  board.o
    0x080047d4   0x080047d4   0x0000003a   Code   RO         7270    i.rt_hw_console_output  board.o
    0x0800480e   0x0800480e   0x00000002   PAD
    0x08004810   0x08004810   0x00000010   Code   RO         6322    i.rt_hw_cpu_reset   cpuport.o
    0x08004820   0x08004820   0x00000200   Code   RO         6325    i.rt_hw_hard_fault_exception  cpuport.o
    0x08004a20   0x08004a20   0x0000004c   Code   RO         6326    i.rt_hw_stack_init  cpuport.o
    0x08004a6c   0x08004a6c   0x00000020   Code   RO         6718    i.rt_interrupt_enter  irq.o
    0x08004a8c   0x08004a8c   0x00000020   Code   RO         6720    i.rt_interrupt_leave  irq.o
    0x08004aac   0x08004aac   0x00000014   Code   RO         6505    i.rt_ipc_list_resume  ipc.o
    0x08004ac0   0x08004ac0   0x0000006e   Code   RO         6507    i.rt_ipc_list_suspend  ipc.o
    0x08004b2e   0x08004b2e   0x00000010   Code   RO         6508    i.rt_ipc_object_init  ipc.o
    0x08004b3e   0x08004b3e   0x00000002   PAD
    0x08004b40   0x08004b40   0x00000030   Code   RO         6750    i.rt_kprintf        kservice.o
    0x08004b70   0x08004b70   0x00000006   Code   RO         6509    i.rt_list_init      ipc.o
    0x08004b76   0x08004b76   0x00000006   Code   RO         6984    i.rt_list_init      scheduler.o
    0x08004b7c   0x08004b7c   0x00000006   Code   RO         7170    i.rt_list_init      timer.o
    0x08004b82   0x08004b82   0x0000000e   Code   RO         7050    i.rt_list_insert_after  thread.o
    0x08004b90   0x08004b90   0x0000000e   Code   RO         7171    i.rt_list_insert_after  timer.o
    0x08004b9e   0x08004b9e   0x0000000e   Code   RO         6510    i.rt_list_insert_before  ipc.o
    0x08004bac   0x08004bac   0x00000010   Code   RO         6511    i.rt_list_isempty   ipc.o
    0x08004bbc   0x08004bbc   0x00000010   Code   RO         7172    i.rt_list_isempty   timer.o
    0x08004bcc   0x08004bcc   0x00000012   Code   RO         7051    i.rt_list_remove    thread.o
    0x08004bde   0x08004bde   0x00000012   Code   RO         7173    i.rt_list_remove    timer.o
    0x08004bf0   0x08004bf0   0x0000007c   Code   RO         6753    i.rt_memcpy         kservice.o
    0x08004c6c   0x08004c6c   0x00000048   Code   RO         6755    i.rt_memset         kservice.o
    0x08004cb4   0x08004cb4   0x00000072   Code   RO         6520    i.rt_mq_init        ipc.o
    0x08004d26   0x08004d26   0x00000122   Code   RO         6521    i.rt_mq_recv        ipc.o
    0x08004e48   0x08004e48   0x00000016   Code   RO         6522    i.rt_mq_send        ipc.o
    0x08004e5e   0x08004e5e   0x0000012c   Code   RO         6523    i.rt_mq_send_wait   ipc.o
    0x08004f8a   0x08004f8a   0x0000002c   Code   RO         6916    i.rt_object_detach  object.o
    0x08004fb6   0x08004fb6   0x00000002   PAD
    0x08004fb8   0x08004fb8   0x00000028   Code   RO         6918    i.rt_object_get_information  object.o
    0x08004fe0   0x08004fe0   0x00000060   Code   RO         6922    i.rt_object_init    object.o
    0x08005040   0x08005040   0x00000012   Code   RO         6923    i.rt_object_is_systemobject  object.o
    0x08005052   0x08005052   0x00000002   PAD
    0x08005054   0x08005054   0x00000084   Code   RO         6985    i.rt_schedule       scheduler.o
    0x080050d8   0x080050d8   0x00000050   Code   RO         6986    i.rt_schedule_insert_thread  scheduler.o
    0x08005128   0x08005128   0x00000054   Code   RO         6987    i.rt_schedule_remove_thread  scheduler.o
    0x0800517c   0x0800517c   0x000000b0   Code   RO         6757    i.rt_show_version   kservice.o
    0x0800522c   0x0800522c   0x00000012   Code   RO         6762    i.rt_strlen         kservice.o
    0x0800523e   0x0800523e   0x00000034   Code   RO         6764    i.rt_strncpy        kservice.o
    0x08005272   0x08005272   0x00000002   PAD
    0x08005274   0x08005274   0x0000004c   Code   RO         6988    i.rt_system_scheduler_init  scheduler.o
    0x080052c0   0x080052c0   0x00000030   Code   RO         6989    i.rt_system_scheduler_start  scheduler.o
    0x080052f0   0x080052f0   0x0000001c   Code   RO         7174    i.rt_system_timer_init  timer.o
    0x0800530c   0x0800530c   0x00000002   Code   RO         7175    i.rt_system_timer_thread_init  timer.o
    0x0800530e   0x0800530e   0x0000000c   Code   RO         7053    i.rt_thread_delay   thread.o
    0x0800531a   0x0800531a   0x00000002   PAD
    0x0800531c   0x0800531c   0x00000058   Code   RO         7056    i.rt_thread_exit    thread.o
    0x08005374   0x08005374   0x00000008   Code   RO         6468    i.rt_thread_idle_entry  idle.o
    0x0800537c   0x0800537c   0x00000002   Code   RO         6469    i.rt_thread_idle_excute  idle.o
    0x0800537e   0x0800537e   0x00000002   PAD
    0x08005380   0x08005380   0x0000003c   Code   RO         6471    i.rt_thread_idle_init  idle.o
    0x080053bc   0x080053bc   0x00000034   Code   RO         7058    i.rt_thread_init    thread.o
    0x080053f0   0x080053f0   0x00000014   Code   RO         7059    i.rt_thread_mdelay  thread.o
    0x08005404   0x08005404   0x0000003c   Code   RO         7060    i.rt_thread_resume  thread.o
    0x08005440   0x08005440   0x0000000c   Code   RO         7061    i.rt_thread_self    thread.o
    0x0800544c   0x0800544c   0x00000044   Code   RO         7062    i.rt_thread_sleep   thread.o
    0x08005490   0x08005490   0x0000002c   Code   RO         7063    i.rt_thread_startup  thread.o
    0x080054bc   0x080054bc   0x00000044   Code   RO         7064    i.rt_thread_suspend  thread.o
    0x08005500   0x08005500   0x00000020   Code   RO         7065    i.rt_thread_timeout  thread.o
    0x08005520   0x08005520   0x00000064   Code   RO         7066    i.rt_thread_yield   thread.o
    0x08005584   0x08005584   0x00000038   Code   RO         6362    i.rt_tick_from_millisecond  clock.o
    0x080055bc   0x080055bc   0x0000000c   Code   RO         6363    i.rt_tick_get       clock.o
    0x080055c8   0x080055c8   0x00000030   Code   RO         6364    i.rt_tick_increase  clock.o
    0x080055f8   0x080055f8   0x000000a4   Code   RO         7176    i.rt_timer_check    timer.o
    0x0800569c   0x0800569c   0x00000062   Code   RO         7177    i.rt_timer_control  timer.o
    0x080056fe   0x080056fe   0x00000028   Code   RO         7178    i.rt_timer_detach   timer.o
    0x08005726   0x08005726   0x0000002e   Code   RO         7179    i.rt_timer_init     timer.o
    0x08005754   0x08005754   0x000000ec   Code   RO         7182    i.rt_timer_start    timer.o
    0x08005840   0x08005840   0x00000030   Code   RO         7183    i.rt_timer_stop     timer.o
    0x08005870   0x08005870   0x00000340   Code   RO         6767    i.rt_vsnprintf      kservice.o
    0x08005bb0   0x08005bb0   0x00000004   Code   RO         6404    i.rti_board_end     components.o
    0x08005bb4   0x08005bb4   0x00000004   Code   RO         6405    i.rti_board_start   components.o
    0x08005bb8   0x08005bb8   0x00000004   Code   RO         6406    i.rti_end           components.o
    0x08005bbc   0x08005bbc   0x00000004   Code   RO         6407    i.rti_start         components.o
    0x08005bc0   0x08005bc0   0x0000002a   Code   RO         6408    i.rtthread_startup  components.o
    0x08005bea   0x08005bea   0x0000002a   Code   RO         6154    i.rym_recv_on_device  ymodem.o
    0x08005c14   0x08005c14   0x00000026   Code   RO         6769    i.skip_atoi         kservice.o
    0x08005c3a   0x08005c3a   0x00000002   PAD
    0x08005c3c   0x08005c3c   0x000000ac   Code   RO         7271    i.sys_clock_set     board.o
    0x08005ce8   0x08005ce8   0x00000068   Code   RO         7272    i.sys_stm32_clock_init  board.o
    0x08005d50   0x08005d50   0x00000038   Code   RO         5342    i.usMBCRC16         mbcrc.o
    0x08005d88   0x08005d88   0x0000002a   Code   RO         5696    i.vMBPortTimersDisable  porttimer.o
    0x08005db2   0x08005db2   0x00000028   Code   RO         5697    i.vMBPortTimersEnable  porttimer.o
    0x08005dda   0x08005dda   0x00000002   PAD
    0x08005ddc   0x08005ddc   0x00000024   Code   RO         5612    i.xMBPortEventGet   portevent.o
    0x08005e00   0x08005e00   0x00000010   Code   RO         5613    i.xMBPortEventInit  portevent.o
    0x08005e10   0x08005e10   0x00000018   Code   RO         5614    i.xMBPortEventPost  portevent.o
    0x08005e28   0x08005e28   0x0000001a   Code   RO         5639    i.xMBPortSerialInit  portserial.o
    0x08005e42   0x08005e42   0x00000002   PAD
    0x08005e44   0x08005e44   0x00000070   Code   RO         5640    i.xMBPortSerialPutByte  portserial.o
    0x08005eb4   0x08005eb4   0x00000066   Code   RO         5698    i.xMBPortTimersInit  porttimer.o
    0x08005f1a   0x08005f1a   0x00000002   PAD
    0x08005f1c   0x08005f1c   0x00000070   Code   RO         5562    i.xMBRTUReceiveFSM  mbrtu.o
    0x08005f8c   0x08005f8c   0x00000040   Code   RO         5563    i.xMBRTUTimerT35Expired  mbrtu.o
    0x08005fcc   0x08005fcc   0x0000002a   Code   RO         5378    i.xMBUtilGetBits    mbutils.o
    0x08005ff6   0x08005ff6   0x00000060   Code   RO         5379    i.xMBUtilSetBits    mbutils.o
    0x08006056   0x08006056   0x0000000e   Code   RO         6205    i.ymodem            ymodem_ota.o
    0x08006064   0x08006064   0x00000058   Code   RO         6206    i.ymodem_init       ymodem_ota.o
    0x080060bc   0x080060bc   0x00000178   Code   RO         6207    i.ymodem_on_begin   ymodem_ota.o
    0x08006234   0x08006234   0x00000088   Code   RO         6208    i.ymodem_on_data    ymodem_ota.o
    0x080062bc   0x080062bc   0x0000021c   Code   RO         6209    i.ymodem_ota        ymodem_ota.o
    0x080064d8   0x080064d8   0x00000034   Code   RO         6210    i.ymodem_start      ymodem_ota.o
    0x0800650c   0x0800650c   0x00000021   Data   RO         4002    .constdata          segger_rtt.o
    0x0800652d   0x0800652d   0x00000010   Data   RO         4203    .constdata          segger_rtt_printf.o
    0x0800653d   0x0800653d   0x00000057   Data   RO         4318    .constdata          fal_partition.o
    0x08006594   0x08006594   0x00000200   Data   RO         5343    .constdata          mbcrc.o
    0x08006794   0x08006794   0x00000200   Data   RO         6156    .constdata          ymodem.o
    0x08006994   0x08006994   0x00000122   Data   RO         6771    .constdata          kservice.o
    0x08006ab6   0x08006ab6   0x0000000c   Data   RO         7316    .constdata          mc_w.l(mktime.o)
    0x08006ac2   0x08006ac2   0x0000000c   Data   RO         7634    .constdata          mc_w.l(localtime_i.o)
    0x08006ace   0x08006ace   0x00000081   Data   RO         7668    .constdata          mc_w.l(ctype_o.o)
    0x08006b4f   0x08006b4f   0x00000001   PAD
    0x08006b50   0x08006b50   0x00000004   Data   RO         7669    .constdata          mc_w.l(ctype_o.o)
    0x08006b54   0x08006b54   0x00000096   Data   RO         4319    .conststring        fal_partition.o
    0x08006bea   0x08006bea   0x00000002   PAD
    0x08006bec   0x08006bec   0x000000d8   Data   RO         6212    .conststring        ymodem_ota.o
    0x08006cc4   0x08006cc4   0x00000004   Data   RO         6410    .rti_fn.0           components.o
    0x08006cc8   0x08006cc8   0x00000004   Data   RO         6411    .rti_fn.0.end       components.o
    0x08006ccc   0x08006ccc   0x00000004   Data   RO         6214    .rti_fn.1           ymodem_ota.o
    0x08006cd0   0x08006cd0   0x00000004   Data   RO         6412    .rti_fn.1.end       components.o
    0x08006cd4   0x08006cd4   0x00000004   Data   RO         6413    .rti_fn.6.end       components.o
    0x08006cd8   0x08006cd8   0x00000180   Data   RO         4321    FalPartTable        fal_partition.o
    0x08006e58   0x08006e58   0x00000020   Data   RO         7702    Region$$Table       anon$$obj.o


    Execution Region RW_IRAM1 (Exec base: 0x20000000, Load base: 0x08006e78, Size: 0x00003ec8, Max: 0x00010000, ABSOLUTE, COMPRESSED[0x000000a8])

    Exec Addr    Load Addr    Size         Type   Attr      Idx    E Section Name        Object

    0x20000000   COMPRESSED   0x00000014   Data   RW           21    .data               system_stm32f10x.o
    0x20000014   COMPRESSED   0x00000014   Data   RW         1805    .data               stm32f10x_rcc.o
    0x20000028   COMPRESSED   0x00000006   Data   RW         3207    .data               uart1.o
    0x2000002e   COMPRESSED   0x00000002   PAD
    0x20000030   COMPRESSED   0x00000006   Data   RW         3376    .data               uart2.o
    0x20000036   COMPRESSED   0x00000002   PAD
    0x20000038   COMPRESSED   0x00000006   Data   RW         3450    .data               uart3.o
    0x2000003e   COMPRESSED   0x00000002   PAD
    0x20000040   COMPRESSED   0x00000010   Data   RW         3505    .data               myrtc.o
    0x20000050   COMPRESSED   0x00000006   Data   RW         3541    .data               uart4.o
    0x20000056   COMPRESSED   0x00000002   PAD
    0x20000058   COMPRESSED   0x00000006   Data   RW         3602    .data               uart5.o
    0x2000005e   COMPRESSED   0x00000002   PAD
    0x20000060   COMPRESSED   0x0000000c   Data   RW         3747    .data               main.o
    0x2000006c   COMPRESSED   0x0000000c   Data   RW         4320    .data               fal_partition.o
    0x20000078   COMPRESSED   0x00000002   Data   RW         5359    .data               mbfuncother.o
    0x2000007a   COMPRESSED   0x00000002   PAD
    0x2000007c   COMPRESSED   0x000000be   Data   RW         5408    .data               mb.o
    0x2000013a   COMPRESSED   0x00000002   PAD
    0x2000013c   COMPRESSED   0x0000000c   Data   RW         5565    .data               mbrtu.o
    0x20000148   COMPRESSED   0x00000002   Data   RW         5615    .data               portevent.o
    0x2000014a   COMPRESSED   0x00000002   PAD
    0x2000014c   COMPRESSED   0x0000001c   Data   RW         6213    .data               ymodem_ota.o
    0x20000168   COMPRESSED   0x00000010   Data   RW         6327    .data               cpuport.o
    0x20000178   COMPRESSED   0x00000004   Data   RW         6366    .data               clock.o
    0x2000017c   COMPRESSED   0x00000001   Data   RW         6721    .data               irq.o
    0x2000017d   COMPRESSED   0x00000003   PAD
    0x20000180   COMPRESSED   0x00000070   Data   RW         6925    .data               object.o
    0x200001f0   COMPRESSED   0x00000018   Data   RW         6991    .data               scheduler.o
    0x20000208   COMPRESSED   0x0000000c   Data   RW         7184    .data               timer.o
    0x20000214   COMPRESSED   0x00000004   Data   RW         7625    .data               mc_w.l(stdout.o)
    0x20000218   COMPRESSED   0x00000004   Data   RW         7639    .data               mc_w.l(errno.o)
    0x2000021c        -       0x00000580   Zero   RW         3206    .bss                uart1.o
    0x2000079c        -       0x00000580   Zero   RW         3375    .bss                uart2.o
    0x20000d1c        -       0x00000100   Zero   RW         3449    .bss                uart3.o
    0x20000e1c        -       0x00000100   Zero   RW         3540    .bss                uart4.o
    0x20000f1c        -       0x00000100   Zero   RW         3601    .bss                uart5.o
    0x2000101c        -       0x000010b8   Zero   RW         4001    .bss                segger_rtt.o
    0x200020d4        -       0x00000018   Zero   RW         4317    .bss                fal_partition.o
    0x200020ec        -       0x00000020   Zero   RW         5358    .bss                mbfuncother.o
    0x2000210c        -       0x000001aa   Zero   RW         5407    .bss                mb.o
    0x200022b6        -       0x00000100   Zero   RW         5564    .bss                mbrtu.o
    0x200023b6   COMPRESSED   0x00000002   PAD
    0x200023b8        -       0x00000c3c   Zero   RW         5736    .bss                slave_mb_app.o
    0x20002ff4        -       0x000000c8   Zero   RW         6155    .bss                ymodem.o
    0x200030bc        -       0x00000488   Zero   RW         6211    .bss                ymodem_ota.o
    0x20003544   COMPRESSED   0x00000004   PAD
    0x20003548        -       0x00000280   Zero   RW         6409    .bss                components.o
    0x200037c8        -       0x00000100   Zero   RW         6472    .bss                idle.o
    0x200038c8        -       0x00000100   Zero   RW         6770    .bss                kservice.o
    0x200039c8        -       0x00000100   Zero   RW         6990    .bss                scheduler.o
    0x20003ac8        -       0x00000400   Zero   RW          130    STACK               startup_stm32f10x_hd.o


==============================================================================

Image component sizes


      Code (inc. data)   RO Data    RW Data    ZI Data      Debug   Object Name

       458         36          0          0          0      17746   board.o
       116         12          0          4          0       1632   clock.o
       202         36         16          0        640       5620   components.o
       244         28          0          0          0        796   context_rvds.o
         0          0          0          0          0       4572   core_cm3.o
       604        336          0         16          0       3676   cpuport.o
         0          0          0          0          0       2520   fal_flash.o
       716        334        621         12         24       5198   fal_partition.o
        70         22          0          0        256       1966   idle.o
       908          0          0          0          0       9661   ipc.o
        64         12          0          1          0       1482   irq.o
      1844        164        290          0        256       9352   kservice.o
        26          0          0         12          0       5923   main.o
       568        124          0        190        426       8264   mb.o
        56          8        512          0          0       1136   mbcrc.o
       416          0          0          0          0       6113   mbfunccoils.o
       164          0          0          0          0       1532   mbfuncdisc.o
       514          0          0          0          0       4787   mbfuncholding.o
       140          0          0          0          0       1487   mbfuncinput.o
        40         10          0          2         32       1323   mbfuncother.o
       514         60          0         12        256       5339   mbrtu.o
       172          0          0          0          0       2510   mbutils.o
       112         12          0          0          0     205536   misc.o
       224          6          0         16          0       2440   myrtc.o
       198          4          0        112          0       6184   object.o
        76         24          0          2          0       1984   portevent.o
       158         34          0          0          0       2342   portserial.o
       226          6          0          0          0       2419   porttimer.o
       526         90          0         24        256       8194   scheduler.o
       554         42         33          0       4280       8762   segger_rtt.o
      1286         18         16          0          0       5345   segger_rtt_printf.o
      1060        102          0          0       3132       6085   slave_mb_app.o
        36          8        304          0       1024        748   startup_stm32f10x_hd.o
         0          0          0          0          0       1620   stm32f10x_adc.o
        72         10          0          0          0       2380   stm32f10x_bkp.o
        96          0          0          0          0      13271   stm32f10x_dma.o
       422          6          0          0          0      10854   stm32f10x_gpio.o
        18          0          0          0          0       2263   stm32f10x_it.o
        12          6          0          0          0        438   stm32f10x_pwr.o
       484         76          0         20          0      16553   stm32f10x_rcc.o
       156         30          0          0          0       2574   stm32f10x_rtc.o
       750        106          0          0          0      24998   stm32f10x_tim.o
       508          6          0          0          0      13104   stm32f10x_usart.o
       328         28          0         20          0      54929   system_stm32f10x.o
       748         38          0          0          0      11531   thread.o
        28          6          0          0          0        398   tim.o
       810         24          0         12          0      11136   timer.o
       136         24          0          6       1408      11076   uart1.o
       120         16          0          6       1408       1240   uart2.o
       512        100          0          6        256       2241   uart3.o
       512        100          0          6        256       2276   uart4.o
       516         98          0          6        256       1803   uart5.o
       960         20        512          0        200       7455   ymodem.o
      1226        616        220         28       1160       5068   ymodem_ota.o

    ----------------------------------------------------------------------
     20752       2838       2558        532      15532     549882   Object Totals
         0          0         32          0          0          0   (incl. Generated)
        46          0          2         19          6          0   (incl. Padding)

    ----------------------------------------------------------------------

      Code (inc. data)   RO Data    RW Data    ZI Data      Debug   Library Member Name

        86          0          0          0          0          0   __dczerorl2.o
        28          0          0          0          0         68   _chval.o
       158          0          0          0          0         92   _strtoul.o
        26          0          0          0          0         80   atol.o
         8          4        133          0          0         68   ctype_o.o
         0          0          0          0          0          0   entry.o
         0          0          0          0          0          0   entry10a.o
         0          0          0          0          0          0   entry11a.o
         4          0          0          0          0          0   entry12b.o
         8          4          0          0          0          0   entry2.o
         4          0          0          0          0          0   entry5.o
         0          0          0          0          0          0   entry7b.o
         0          0          0          0          0          0   entry8b.o
         8          4          0          0          0          0   entry9a.o
         8          4          0          4          0         68   errno.o
        18          0          0          0          0         80   fputc.o
        30          0          0          0          0          0   handlers.o
        36          8          0          0          0         68   init.o
         0          0          0          0          0          0   iusefp.o
         0          0          0          0          0          0   iusesemip.o
        30          0          0          0          0         68   llshl.o
        36          0          0          0          0         68   llsshr.o
        32          0          0          0          0         68   llushr.o
       140          6         12          0          0         76   localtime_i.o
        36          0          0          0          0         68   memcpya.o
        36          0          0          0          0        108   memseta.o
       168         18         12          0          0         80   mktime.o
      2218         90          0          0          0        464   printfa.o
         0          0          0          0          0          0   semi.o
         0          0          0          4          0          0   stdout.o
        28          0          0          0          0         76   strcmp.o
       112          0          0          0          0         88   strtol.o
        44          0          0          0          0         80   uidiv.o
        98          0          0          0          0         92   uldiv.o
        48          0          0          0          0         68   cdrcmple.o
        20          0          0          0          0         68   cfcmple.o
        56          0          0          0          0         88   d2f.o
       334          0          0          0          0        148   dadd.o
       222          0          0          0          0        100   ddiv.o
       186          0          0          0          0        176   depilogue.o
        48          0          0          0          0         68   dfixul.o
       228          0          0          0          0         96   dmul.o
       110          0          0          0          0        168   fepilogue.o
        50          0          0          0          0         68   ffixi.o
       100          0          0          0          0         76   fmul.o

    ----------------------------------------------------------------------
      4812        138        158          8          0       2984   Library Totals
        10          0          1          0          0          0   (incl. Padding)

    ----------------------------------------------------------------------

      Code (inc. data)   RO Data    RW Data    ZI Data      Debug   Library Name

      3400        138        157          8          0       1860   mc_w.l
      1402          0          0          0          0       1124   mf_w.l

    ----------------------------------------------------------------------
      4812        138        158          8          0       2984   Library Totals

    ----------------------------------------------------------------------

==============================================================================


      Code (inc. data)   RO Data    RW Data    ZI Data      Debug   

     25564       2976       2716        540      15532     539890   Grand Totals
     25564       2976       2716        168      15532     539890   ELF Image Totals (compressed)
     25564       2976       2716        168          0          0   ROM Totals

==============================================================================

    Total RO  Size (Code + RO Data)                28280 (  27.62kB)
    Total RW  Size (RW Data + ZI Data)             16072 (  15.70kB)
    Total ROM Size (Code + RO Data + RW Data)      28448 (  27.78kB)

==============================================================================

