Component: Arm Compiler for Embedded 6.23 Tool: armlink [5f102400]

==============================================================================

Section Cross References

    system_stm32f10x.o(.text.SystemInit) refers to system_stm32f10x.o(.text.SetSysClock) for SetSysClock
    system_stm32f10x.o(.ARM.exidx.text.SystemInit) refers to system_stm32f10x.o(.text.SystemInit) for [Anonymous Symbol]
    system_stm32f10x.o(.text.SetSysClock) refers to system_stm32f10x.o(.text.SetSysClockTo72) for SetSysClockTo72
    system_stm32f10x.o(.ARM.exidx.text.SetSysClock) refers to system_stm32f10x.o(.text.SetSysClock) for [Anonymous Symbol]
    system_stm32f10x.o(.text.SystemCoreClockUpdate) refers to system_stm32f10x.o(.data.SystemCoreClock) for SystemCoreClock
    system_stm32f10x.o(.text.SystemCoreClockUpdate) refers to system_stm32f10x.o(.rodata.AHBPrescTable) for AHBPrescTable
    system_stm32f10x.o(.ARM.exidx.text.SystemCoreClockUpdate) refers to system_stm32f10x.o(.text.SystemCoreClockUpdate) for [Anonymous Symbol]
    system_stm32f10x.o(.ARM.exidx.text.SetSysClockTo72) refers to system_stm32f10x.o(.text.SetSysClockTo72) for [Anonymous Symbol]
    startup_stm32f10x_hd.o(RESET) refers to startup_stm32f10x_hd.o(STACK) for __initial_sp
    startup_stm32f10x_hd.o(RESET) refers to startup_stm32f10x_hd.o(.text) for Reset_Handler
    startup_stm32f10x_hd.o(RESET) refers to stm32f10x_it.o(.text.NMI_Handler) for NMI_Handler
    startup_stm32f10x_hd.o(RESET) refers to context_rvds.o(.text) for HardFault_Handler
    startup_stm32f10x_hd.o(RESET) refers to stm32f10x_it.o(.text.MemManage_Handler) for MemManage_Handler
    startup_stm32f10x_hd.o(RESET) refers to stm32f10x_it.o(.text.BusFault_Handler) for BusFault_Handler
    startup_stm32f10x_hd.o(RESET) refers to stm32f10x_it.o(.text.UsageFault_Handler) for UsageFault_Handler
    startup_stm32f10x_hd.o(RESET) refers to stm32f10x_it.o(.text.SVC_Handler) for SVC_Handler
    startup_stm32f10x_hd.o(RESET) refers to stm32f10x_it.o(.text.DebugMon_Handler) for DebugMon_Handler
    startup_stm32f10x_hd.o(RESET) refers to board.o(.text.SysTick_Handler) for SysTick_Handler
    startup_stm32f10x_hd.o(RESET) refers to tim.o(.text.TIM1_UP_IRQHandler) for TIM1_UP_IRQHandler
    startup_stm32f10x_hd.o(RESET) refers to tim.o(.text.TIM2_IRQHandler) for TIM2_IRQHandler
    startup_stm32f10x_hd.o(RESET) refers to tim.o(.text.TIM3_IRQHandler) for TIM3_IRQHandler
    startup_stm32f10x_hd.o(RESET) refers to tim.o(.text.TIM4_IRQHandler) for TIM4_IRQHandler
    startup_stm32f10x_hd.o(RESET) refers to uart.o(.text.USART1_IRQHandler) for USART1_IRQHandler
    startup_stm32f10x_hd.o(RESET) refers to uart.o(.text.USART2_IRQHandler) for USART2_IRQHandler
    startup_stm32f10x_hd.o(RESET) refers to uart.o(.text.USART3_IRQHandler) for USART3_IRQHandler
    startup_stm32f10x_hd.o(RESET) refers to uart.o(.text.UART4_IRQHandler) for UART4_IRQHandler
    startup_stm32f10x_hd.o(RESET) refers to uart.o(.text.UART5_IRQHandler) for UART5_IRQHandler
    startup_stm32f10x_hd.o(.text) refers to system_stm32f10x.o(.text.SystemInit) for SystemInit
    startup_stm32f10x_hd.o(.text) refers to entry.o(.ARM.Collect$$$$00000000) for __main
    misc.o(.ARM.exidx.text.NVIC_PriorityGroupConfig) refers to misc.o(.text.NVIC_PriorityGroupConfig) for [Anonymous Symbol]
    misc.o(.ARM.exidx.text.NVIC_Init) refers to misc.o(.text.NVIC_Init) for [Anonymous Symbol]
    misc.o(.ARM.exidx.text.NVIC_SetVectorTable) refers to misc.o(.text.NVIC_SetVectorTable) for [Anonymous Symbol]
    misc.o(.ARM.exidx.text.NVIC_SystemLPConfig) refers to misc.o(.text.NVIC_SystemLPConfig) for [Anonymous Symbol]
    misc.o(.ARM.exidx.text.SysTick_CLKSourceConfig) refers to misc.o(.text.SysTick_CLKSourceConfig) for [Anonymous Symbol]
    stm32f10x_adc.o(.text.ADC_DeInit) refers to stm32f10x_rcc.o(.text.RCC_APB2PeriphResetCmd) for RCC_APB2PeriphResetCmd
    stm32f10x_adc.o(.ARM.exidx.text.ADC_DeInit) refers to stm32f10x_adc.o(.text.ADC_DeInit) for [Anonymous Symbol]
    stm32f10x_adc.o(.ARM.exidx.text.ADC_Init) refers to stm32f10x_adc.o(.text.ADC_Init) for [Anonymous Symbol]
    stm32f10x_adc.o(.ARM.exidx.text.ADC_StructInit) refers to stm32f10x_adc.o(.text.ADC_StructInit) for [Anonymous Symbol]
    stm32f10x_adc.o(.ARM.exidx.text.ADC_Cmd) refers to stm32f10x_adc.o(.text.ADC_Cmd) for [Anonymous Symbol]
    stm32f10x_adc.o(.ARM.exidx.text.ADC_DMACmd) refers to stm32f10x_adc.o(.text.ADC_DMACmd) for [Anonymous Symbol]
    stm32f10x_adc.o(.ARM.exidx.text.ADC_ITConfig) refers to stm32f10x_adc.o(.text.ADC_ITConfig) for [Anonymous Symbol]
    stm32f10x_adc.o(.ARM.exidx.text.ADC_ResetCalibration) refers to stm32f10x_adc.o(.text.ADC_ResetCalibration) for [Anonymous Symbol]
    stm32f10x_adc.o(.ARM.exidx.text.ADC_GetResetCalibrationStatus) refers to stm32f10x_adc.o(.text.ADC_GetResetCalibrationStatus) for [Anonymous Symbol]
    stm32f10x_adc.o(.ARM.exidx.text.ADC_StartCalibration) refers to stm32f10x_adc.o(.text.ADC_StartCalibration) for [Anonymous Symbol]
[...]
    .L.str.39                                0x08006d30   Data          12  cpuport.o(.rodata.str1.1)
    .L.str.22                                0x08006d3c   Data          22  cpuport.o(.rodata.str1.1)
    .L.str.31                                0x08006d52   Data          22  cpuport.o(.rodata.str1.1)
    .L.str.38                                0x08006d68   Data          22  cpuport.o(.rodata.str1.1)
    .L.str                                   0x08006d7e   Data           5  components.o(.rodata.str1.1)
    [Anonymous Symbol]                       0x08006d7e   Section        0  components.o(.rodata.str1.1)
    .L.str                                   0x08006d83   Data           6  idle.o(.rodata.str1.1)
    [Anonymous Symbol]                       0x08006d83   Section        0  idle.o(.rodata.str1.1)
    .L.str                                   0x08006d89   Data           9  kservice.o(.rodata.str1.1)
    [Anonymous Symbol]                       0x08006d89   Section        0  kservice.o(.rodata.str1.1)
    .L.str.4                                 0x08006d92   Data          42  kservice.o(.rodata.str1.1)
    .L.str.1                                 0x08006dbc   Data          36  kservice.o(.rodata.str1.1)
    .L.str.2                                 0x08006de0   Data          30  kservice.o(.rodata.str1.1)
    .L.str.3                                 0x08006dfe   Data          12  kservice.o(.rodata.str1.1)
    __tagsym$$used.0                         0x08006e0c   Number         0  components.o(.rti_fn.0)
    __tagsym$$used.1                         0x08006e10   Number         0  components.o(.rti_fn.0.end)
    __tagsym$$used.2                         0x08006e14   Number         0  components.o(.rti_fn.1.end)
    __tagsym$$used.1                         0x08006e18   Number         0  myrtc.o(.rti_fn.6)
    __tagsym$$used.0                         0x08006e1c   Number         0  shell.o(.rti_fn.6)
    __tagsym$$used.3                         0x08006e20   Number         0  components.o(.rti_fn.6.end)
    __tagsym$$used.0                         0x08006e24   Number         0  myrtc.o(FSymTab)
    __tagsym$$used.0                         0x08006e30   Number         0  at_device.o(FSymTab)
    __tagsym$$used.0                         0x08006e3c   Number         0  cmd.o(FSymTab)
    __tagsym$$used.1                         0x08006e48   Number         0  cmd.o(FSymTab)
    __tagsym$$used.2                         0x08006e54   Number         0  cmd.o(FSymTab)
    __tagsym$$used.3                         0x08006e60   Number         0  cmd.o(FSymTab)
    __tagsym$$used.4                         0x08006e6c   Number         0  cmd.o(FSymTab)
    __tagsym$$used.5                         0x08006e78   Number         0  cmd.o(FSymTab)
    __tagsym$$used.6                         0x08006e84   Number         0  cmd.o(FSymTab)
    __tagsym$$used.7                         0x08006e90   Number         0  cmd.o(FSymTab)
    __tagsym$$used.8                         0x08006e9c   Number         0  cmd.o(FSymTab)
    __tagsym$$used.9                         0x08006ea8   Number         0  cmd.o(FSymTab)
    __tagsym$$used.10                        0x08006eb4   Number         0  cmd.o(FSymTab)
    __tagsym$$used.11                        0x08006ec0   Number         0  cmd.o(FSymTab)
    __tagsym$$used.12                        0x08006ecc   Number         0  cmd.o(FSymTab)
    __tagsym$$used.13                        0x08006ed8   Number         0  cmd.o(FSymTab)
    __tagsym$$used.14                        0x08006ee4   Number         0  cmd.o(FSymTab)
    __tagsym$$used.15                        0x08006ef0   Number         0  cmd.o(FSymTab)
    __tagsym$$used.16                        0x08006efc   Number         0  cmd.o(FSymTab)
    __tagsym$$used.17                        0x08006f08   Number         0  cmd.o(FSymTab)
    __tagsym$$used.0                         0x08006f14   Number         0  msh.o(FSymTab)
    __tagsym$$used.1                         0x08006f20   Number         0  msh.o(FSymTab)
    __tagsym$$used.0                         0x08006f2c   Number         0  fal_partition.o(FalPartTable)
    partition_table_def                      0x08006f2c   Data         384  fal_partition.o(FalPartTable)
    [Anonymous Symbol]                       0x08006f2c   Section        0  fal_partition.o(FalPartTable)
    rt_object_container                      0x20000894   Data         112  object.o(.data.rt_object_container)
    [Anonymous Symbol]                       0x20000894   Section        0  object.o(.data.rt_object_container)
    _tms                                     0x20000908   Data          44  localtime_w.o(.bss)
    .bss                                     0x20000908   Section       44  localtime_w.o(.bss)
    ERROR_CallBack.error_count               0x20000960   Data           1  at_function.o(.bss.ERROR_CallBack.error_count)
    [Anonymous Symbol]                       0x20000960   Section        0  at_function.o(.bss.ERROR_CallBack.error_count)
    _acDownBuffer                            0x20000a0c   Data          16  segger_rtt.o(.bss._acDownBuffer)
    [Anonymous Symbol]                       0x20000a0c   Section        0  segger_rtt.o(.bss._acDownBuffer)
    _acUpBuffer                              0x20000a1c   Data        4096  segger_rtt.o(.bss._acUpBuffer)
    [Anonymous Symbol]                       0x20000a1c   Section        0  segger_rtt.o(.bss._acUpBuffer)
    finsh_get_prompt.finsh_prompt            0x20001a9c   Data         257  shell.o(.bss.finsh_get_prompt.finsh_prompt)
    [Anonymous Symbol]                       0x20001a9c   Section        0  shell.o(.bss.finsh_get_prompt.finsh_prompt)
    finsh_prompt_custom                      0x20001ba0   Data           4  shell.o(.bss.finsh_prompt_custom)
    [Anonymous Symbol]                       0x20001ba0   Section        0  shell.o(.bss.finsh_prompt_custom)
    finsh_thread                             0x20001ba4   Data         128  shell.o(.bss.finsh_thread)
    [Anonymous Symbol]                       0x20001ba4   Section        0  shell.o(.bss.finsh_thread)
    finsh_thread_stack                       0x20001c24   Data        1024  shell.o(.bss.finsh_thread_stack)
    [Anonymous Symbol]                       0x20001c24   Section        0  shell.o(.bss.finsh_thread_stack)
    idle                                     0x20002024   Data         128  idle.o(.bss.idle)
    [Anonymous Symbol]                       0x20002024   Section        0  idle.o(.bss.idle)
    log_cnt                                  0x200020a4   Data           4  main.o(.bss.log_cnt)
    [Anonymous Symbol]                       0x200020a4   Section        0  main.o(.bss.log_cnt)
    log_cnt                                  0x200020a8   Data           4  at_function.o(.bss.log_cnt)
    [Anonymous Symbol]                       0x200020a8   Section        0  at_function.o(.bss.log_cnt)
    main_stack                               0x200020b0   Data         512  components.o(.bss.main_stack)
    [Anonymous Symbol]                       0x200020b0   Section        0  components.o(.bss.main_stack)
    rt_exception_hook                        0x2000233c   Data           4  cpuport.o(.bss.rt_exception_hook)
    [Anonymous Symbol]                       0x2000233c   Section        0  cpuport.o(.bss.rt_exception_hook)
    rt_kprintf.rt_log_buf                    0x2000234c   Data         256  kservice.o(.bss.rt_kprintf.rt_log_buf)
    [Anonymous Symbol]                       0x2000234c   Section        0  kservice.o(.bss.rt_kprintf.rt_log_buf)
    rt_scheduler_lock_nest                   0x2000244c   Data           2  scheduler.o(.bss.rt_scheduler_lock_nest)
    [Anonymous Symbol]                       0x2000244c   Section        0  scheduler.o(.bss.rt_scheduler_lock_nest)
    rt_thread_stack                          0x2000255c   Data         128  idle.o(.bss.rt_thread_stack)
    [Anonymous Symbol]                       0x2000255c   Section        0  idle.o(.bss.rt_thread_stack)
    rt_tick                                  0x200025e0   Data           4  clock.o(.bss.rt_tick)
    [Anonymous Symbol]                       0x200025e0   Section        0  clock.o(.bss.rt_tick)
    rt_timer_list                            0x200025e4   Data           8  timer.o(.bss.rt_timer_list)
    [Anonymous Symbol]                       0x200025e4   Section        0  timer.o(.bss.rt_timer_list)
    rt_timer_start.random_nr                 0x200025ec   Data           4  timer.o(.bss.rt_timer_start.random_nr)
    [Anonymous Symbol]                       0x200025ec   Section        0  timer.o(.bss.rt_timer_start.random_nr)
    STACK                                    0x20002620   Section     4096  startup_stm32f10x_hd.o(STACK)

    Global Symbols

    Symbol Name                              Value     Ov Type        Size  Object(Section)

    BuildAttributes$$THM_ISAv4$P$D$K$B$S$PE$A:L22UL41UL21$X:L11$S22US41US21$IEEE1$IW$~IW$USESV6$~STKCKD$USESV7$~SHL$OTIME$ROPI$IEEEJ$EBA8$MICROLIB$REQ8$PRES8$EABIv2 0x00000000   Number         0  anon$$obj.o ABSOLUTE
    __cpp_initialize__aeabi_                  - Undefined Weak Reference
    __cxa_finalize                            - Undefined Weak Reference
    _clock_init                               - Undefined Weak Reference
    _microlib_exit                            - Undefined Weak Reference
    __Vectors_Size                           0x00000130   Number         0  startup_stm32f10x_hd.o ABSOLUTE
    __Vectors                                0x08000000   Data           4  startup_stm32f10x_hd.o(RESET)
    __Vectors_End                            0x08000130   Data           0  startup_stm32f10x_hd.o(RESET)
    __main                                   0x08000131   Thumb Code     0  entry.o(.ARM.Collect$$$$00000000)
    _main_stk                                0x08000131   Thumb Code     0  entry2.o(.ARM.Collect$$$$00000001)
    _main_scatterload                        0x08000135   Thumb Code     0  entry5.o(.ARM.Collect$$$$00000004)
    __main_after_scatterload                 0x08000139   Thumb Code     0  entry5.o(.ARM.Collect$$$$00000004)
    _main_clock                              0x08000139   Thumb Code     0  entry7b.o(.ARM.Collect$$$$00000008)
    _main_cpp_init                           0x08000139   Thumb Code     0  entry8b.o(.ARM.Collect$$$$0000000A)
    _main_init                               0x08000139   Thumb Code     0  entry9a.o(.ARM.Collect$$$$0000000B)
    __rt_final_cpp                           0x08000141   Thumb Code     0  entry10a.o(.ARM.Collect$$$$0000000D)
    __rt_final_exit                          0x08000141   Thumb Code     0  entry11a.o(.ARM.Collect$$$$0000000F)
    Reset_Handler                            0x08000145   Thumb Code     8  startup_stm32f10x_hd.o(.text)
    ADC1_2_IRQHandler                        0x0800015f   Thumb Code     0  startup_stm32f10x_hd.o(.text)
    ADC3_IRQHandler                          0x0800015f   Thumb Code     0  startup_stm32f10x_hd.o(.text)
    CAN1_RX1_IRQHandler                      0x0800015f   Thumb Code     0  startup_stm32f10x_hd.o(.text)
    CAN1_SCE_IRQHandler                      0x0800015f   Thumb Code     0  startup_stm32f10x_hd.o(.text)
    DMA1_Channel1_IRQHandler                 0x0800015f   Thumb Code     0  startup_stm32f10x_hd.o(.text)
    DMA1_Channel2_IRQHandler                 0x0800015f   Thumb Code     0  startup_stm32f10x_hd.o(.text)
    DMA1_Channel3_IRQHandler                 0x0800015f   Thumb Code     0  startup_stm32f10x_hd.o(.text)
    DMA1_Channel4_IRQHandler                 0x0800015f   Thumb Code     0  startup_stm32f10x_hd.o(.text)
    DMA1_Channel5_IRQHandler                 0x0800015f   Thumb Code     0  startup_stm32f10x_hd.o(.text)
    DMA1_Channel6_IRQHandler                 0x0800015f   Thumb Code     0  startup_stm32f10x_hd.o(.text)
    DMA1_Channel7_IRQHandler                 0x0800015f   Thumb Code     0  startup_stm32f10x_hd.o(.text)
    DMA2_Channel1_IRQHandler                 0x0800015f   Thumb Code     0  startup_stm32f10x_hd.o(.text)
    DMA2_Channel2_IRQHandler                 0x0800015f   Thumb Code     0  startup_stm32f10x_hd.o(.text)
    DMA2_Channel3_IRQHandler                 0x0800015f   Thumb Code     0  startup_stm32f10x_hd.o(.text)
    DMA2_Channel4_5_IRQHandler               0x0800015f   Thumb Code     0  startup_stm32f10x_hd.o(.text)
    EXTI0_IRQHandler                         0x0800015f   Thumb Code     0  startup_stm32f10x_hd.o(.text)
    EXTI15_10_IRQHandler                     0x0800015f   Thumb Code     0  startup_stm32f10x_hd.o(.text)
    EXTI1_IRQHandler                         0x0800015f   Thumb Code     0  startup_stm32f10x_hd.o(.text)
    EXTI2_IRQHandler                         0x0800015f   Thumb Code     0  startup_stm32f10x_hd.o(.text)
    EXTI3_IRQHandler                         0x0800015f   Thumb Code     0  startup_stm32f10x_hd.o(.text)
    EXTI4_IRQHandler                         0x0800015f   Thumb Code     0  startup_stm32f10x_hd.o(.text)
    EXTI9_5_IRQHandler                       0x0800015f   Thumb Code     0  startup_stm32f10x_hd.o(.text)
    FLASH_IRQHandler                         0x0800015f   Thumb Code     0  startup_stm32f10x_hd.o(.text)
    FSMC_IRQHandler                          0x0800015f   Thumb Code     0  startup_stm32f10x_hd.o(.text)
    I2C1_ER_IRQHandler                       0x0800015f   Thumb Code     0  startup_stm32f10x_hd.o(.text)
    I2C1_EV_IRQHandler                       0x0800015f   Thumb Code     0  startup_stm32f10x_hd.o(.text)
    I2C2_ER_IRQHandler                       0x0800015f   Thumb Code     0  startup_stm32f10x_hd.o(.text)
    I2C2_EV_IRQHandler                       0x0800015f   Thumb Code     0  startup_stm32f10x_hd.o(.text)
    PVD_IRQHandler                           0x0800015f   Thumb Code     0  startup_stm32f10x_hd.o(.text)
    RCC_IRQHandler                           0x0800015f   Thumb Code     0  startup_stm32f10x_hd.o(.text)
    RTCAlarm_IRQHandler                      0x0800015f   Thumb Code     0  startup_stm32f10x_hd.o(.text)
    RTC_IRQHandler                           0x0800015f   Thumb Code     0  startup_stm32f10x_hd.o(.text)
    SDIO_IRQHandler                          0x0800015f   Thumb Code     0  startup_stm32f10x_hd.o(.text)
    SPI1_IRQHandler                          0x0800015f   Thumb Code     0  startup_stm32f10x_hd.o(.text)
    SPI2_IRQHandler                          0x0800015f   Thumb Code     0  startup_stm32f10x_hd.o(.text)
    SPI3_IRQHandler                          0x0800015f   Thumb Code     0  startup_stm32f10x_hd.o(.text)
    TAMPER_IRQHandler                        0x0800015f   Thumb Code     0  startup_stm32f10x_hd.o(.text)
    TIM1_BRK_IRQHandler                      0x0800015f   Thumb Code     0  startup_stm32f10x_hd.o(.text)
    TIM1_CC_IRQHandler                       0x0800015f   Thumb Code     0  startup_stm32f10x_hd.o(.text)
    TIM1_TRG_COM_IRQHandler                  0x0800015f   Thumb Code     0  startup_stm32f10x_hd.o(.text)
    TIM5_IRQHandler                          0x0800015f   Thumb Code     0  startup_stm32f10x_hd.o(.text)
    TIM6_IRQHandler                          0x0800015f   Thumb Code     0  startup_stm32f10x_hd.o(.text)
    TIM7_IRQHandler                          0x0800015f   Thumb Code     0  startup_stm32f10x_hd.o(.text)
    TIM8_BRK_IRQHandler                      0x0800015f   Thumb Code     0  startup_stm32f10x_hd.o(.text)
    TIM8_CC_IRQHandler                       0x0800015f   Thumb Code     0  startup_stm32f10x_hd.o(.text)
    TIM8_TRG_COM_IRQHandler                  0x0800015f   Thumb Code     0  startup_stm32f10x_hd.o(.text)
    TIM8_UP_IRQHandler                       0x0800015f   Thumb Code     0  startup_stm32f10x_hd.o(.text)
    USBWakeUp_IRQHandler                     0x0800015f   Thumb Code     0  startup_stm32f10x_hd.o(.text)
    USB_HP_CAN1_TX_IRQHandler                0x0800015f   Thumb Code     0  startup_stm32f10x_hd.o(.text)
    USB_LP_CAN1_RX0_IRQHandler               0x0800015f   Thumb Code     0  startup_stm32f10x_hd.o(.text)
    WWDG_IRQHandler                          0x0800015f   Thumb Code     0  startup_stm32f10x_hd.o(.text)
    rt_hw_interrupt_disable                  0x08000169   Thumb Code     8  context_rvds.o(.text)
    rt_hw_interrupt_enable                   0x08000171   Thumb Code     6  context_rvds.o(.text)
    rt_hw_context_switch                     0x08000177   Thumb Code    32  context_rvds.o(.text)
    rt_hw_context_switch_interrupt           0x08000177   Thumb Code     0  context_rvds.o(.text)
    PendSV_Handler                           0x08000197   Thumb Code    60  context_rvds.o(.text)
    rt_hw_context_switch_to                  0x080001d3   Thumb Code    56  context_rvds.o(.text)
    rt_hw_interrupt_thread_switch            0x0800020b   Thumb Code     2  context_rvds.o(.text)
    HardFault_Handler                        0x0800020d   Thumb Code    52  context_rvds.o(.text)
    mktime                                   0x0800025d   Thumb Code   150  mktime.o(.text)
    __aeabi_memcpy                           0x08000305   Thumb Code    36  memcpya.o(.text)
    __aeabi_memcpy4                          0x08000305   Thumb Code     0  memcpya.o(.text)
    __aeabi_memcpy8                          0x08000305   Thumb Code     0  memcpya.o(.text)
    __aeabi_memset                           0x08000329   Thumb Code    14  memseta.o(.text)
    __aeabi_memset4                          0x08000329   Thumb Code     0  memseta.o(.text)
    __aeabi_memset8                          0x08000329   Thumb Code     0  memseta.o(.text)
    __aeabi_memclr                           0x08000337   Thumb Code     4  memseta.o(.text)
    __aeabi_memclr4                          0x08000337   Thumb Code     0  memseta.o(.text)
    __aeabi_memclr8                          0x08000337   Thumb Code     0  memseta.o(.text)
    _memset$wrapper                          0x0800033b   Thumb Code    18  memseta.o(.text)
    strcat                                   0x0800034d   Thumb Code    24  strcat.o(.text)
    strncpy                                  0x08000365   Thumb Code    24  strncpy.o(.text)
    strlen                                   0x0800037d   Thumb Code    14  strlen.o(.text)
    strcpy                                   0x0800038b   Thumb Code    18  strcpy.o(.text)
    strncmp                                  0x0800039d   Thumb Code    30  strncmp.o(.text)
    __aeabi_fmul                             0x080003bb   Thumb Code   100  fmul.o(.text)
    __aeabi_fcmpge                           0x0800041f   Thumb Code    28  fcmpge.o(.text)
    __aeabi_f2iz                             0x0800043b   Thumb Code    50  ffixi.o(.text)
    __aeabi_d2f                              0x0800046d   Thumb Code    56  d2f.o(.text)
    localtime                                0x080004a5   Thumb Code     6  localtime_w.o(.text)
    _localtime                               0x080004b1   Thumb Code   134  localtime_i.o(.text)
    __I$use$fp                               0x0800053d   Thumb Code     0  iusefp.o(.text)
    _float_round                             0x0800053d   Thumb Code    18  fepilogue.o(.text)
    _float_epilogue                          0x0800054f   Thumb Code    92  fepilogue.o(.text)
    __scatterload                            0x080005ad   Thumb Code    38  init.o(.text)
    __scatterload_rt2                        0x080005ad   Thumb Code     0  init.o(.text)
    __decompress                             0x080005dd   Thumb Code     0  __dczerorl2.o(.text)
    __decompress1                            0x080005dd   Thumb Code    86  __dczerorl2.o(.text)
    main                                     0x08000635   Thumb Code    10  components.o(.text.$Sub$$main)
    BKP_DeInit                               0x08000641   Thumb Code    16  stm32f10x_bkp.o(.text.BKP_DeInit)
    BKP_ReadBackupRegister                   0x08000651   Thumb Code    38  stm32f10x_bkp.o(.text.BKP_ReadBackupRegister)
    BKP_WriteBackupRegister                  0x08000679   Thumb Code    46  stm32f10x_bkp.o(.text.BKP_WriteBackupRegister)
    BusFault_Handler                         0x080006a9   Thumb Code     4  stm32f10x_it.o(.text.BusFault_Handler)
    DMA_Cmd                                  0x080006ad   Thumb Code    46  stm32f10x_dma.o(.text.DMA_Cmd)
    DMA_GetCurrDataCounter                   0x080006dd   Thumb Code    14  stm32f10x_dma.o(.text.DMA_GetCurrDataCounter)
    DMA_SetCurrDataCounter                   0x080006ed   Thumb Code    20  stm32f10x_dma.o(.text.DMA_SetCurrDataCounter)
    DebugMon_Handler                         0x08000701   Thumb Code     2  stm32f10x_it.o(.text.DebugMon_Handler)
    Device_RST_Hard                          0x08000705   Thumb Code    42  at_function.o(.text.Device_RST_Hard)
    Device_RST_Soft                          0x08000731   Thumb Code    80  at_function.o(.text.Device_RST_Soft)
    ERROR_CallBack                           0x08000781   Thumb Code   260  at_function.o(.text.ERROR_CallBack)
    GPIO_ResetBits                           0x08000885   Thumb Code    20  stm32f10x_gpio.o(.text.GPIO_ResetBits)
    GPIO_SetBits                             0x08000899   Thumb Code    20  stm32f10x_gpio.o(.text.GPIO_SetBits)
    IWDG_Enable                              0x080008ad   Thumb Code    16  stm32f10x_iwdg.o(.text.IWDG_Enable)
    IWDG_Feed                                0x080008bd   Thumb Code     8  iwdog.o(.text.IWDG_Feed)
    IWDG_Init                                0x080008c5   Thumb Code    48  iwdog.o(.text.IWDG_Init)
    IWDG_ReloadCounter                       0x080008f5   Thumb Code    16  stm32f10x_iwdg.o(.text.IWDG_ReloadCounter)
    IWDG_SetPrescaler                        0x08000905   Thumb Code    24  stm32f10x_iwdg.o(.text.IWDG_SetPrescaler)
    IWDG_SetReload                           0x0800091d   Thumb Code    24  stm32f10x_iwdg.o(.text.IWDG_SetReload)
    IWDG_WriteAccessCmd                      0x08000935   Thumb Code    24  stm32f10x_iwdg.o(.text.IWDG_WriteAccessCmd)
    MemManage_Handler                        0x0800094d   Thumb Code     4  stm32f10x_it.o(.text.MemManage_Handler)
    MyRTC_Init                               0x08000951   Thumb Code   176  myrtc.o(.text.MyRTC_Init)
    MyRTC_ReadTime                           0x08000a01   Thumb Code   154  myrtc.o(.text.MyRTC_ReadTime)
    MyRTC_SetTime                            0x08000a9d   Thumb Code    68  myrtc.o(.text.MyRTC_SetTime)
    NMI_Handler                              0x08000ae1   Thumb Code     2  stm32f10x_it.o(.text.NMI_Handler)
    NVIC_PriorityGroupConfig                 0x08000ae5   Thumb Code    28  misc.o(.text.NVIC_PriorityGroupConfig)
    PWR_BackupAccessCmd                      0x08000b01   Thumb Code    22  stm32f10x_pwr.o(.text.PWR_BackupAccessCmd)
    RCC_APB1PeriphClockCmd                   0x08000b19   Thumb Code    56  stm32f10x_rcc.o(.text.RCC_APB1PeriphClockCmd)
    RCC_BackupResetCmd                       0x08000b51   Thumb Code    24  stm32f10x_rcc.o(.text.RCC_BackupResetCmd)
    RCC_GetFlagStatus                        0x08000b69   Thumb Code   130  stm32f10x_rcc.o(.text.RCC_GetFlagStatus)
    RCC_LSICmd                               0x08000bed   Thumb Code    24  stm32f10x_rcc.o(.text.RCC_LSICmd)
    RCC_RTCCLKCmd                            0x08000c05   Thumb Code    24  stm32f10x_rcc.o(.text.RCC_RTCCLKCmd)
    RCC_RTCCLKConfig                         0x08000c1d   Thumb Code    24  stm32f10x_rcc.o(.text.RCC_RTCCLKConfig)
    RTC_EnterConfigMode                      0x08000c35   Thumb Code    18  stm32f10x_rtc.o(.text.RTC_EnterConfigMode)
    RTC_ExitConfigMode                       0x08000c49   Thumb Code    18  stm32f10x_rtc.o(.text.RTC_ExitConfigMode)
    RTC_GetCounter                           0x08000c5d   Thumb Code    44  stm32f10x_rtc.o(.text.RTC_GetCounter)
    RTC_SetCounter                           0x08000c89   Thumb Code    44  stm32f10x_rtc.o(.text.RTC_SetCounter)
    RTC_SetPrescaler                         0x08000cb5   Thumb Code    46  stm32f10x_rtc.o(.text.RTC_SetPrescaler)
    RTC_WaitForLastTask                      0x08000ce5   Thumb Code    24  stm32f10x_rtc.o(.text.RTC_WaitForLastTask)
    RTC_WaitForSynchro                       0x08000cfd   Thumb Code    40  stm32f10x_rtc.o(.text.RTC_WaitForSynchro)
    SEGGER_RTT_GetKey                        0x08000d25   Thumb Code    48  segger_rtt.o(.text.SEGGER_RTT_GetKey)
    SEGGER_RTT_HasKey                        0x08000d55   Thumb Code    82  segger_rtt.o(.text.SEGGER_RTT_HasKey)
    SEGGER_RTT_Read                          0x08000da9   Thumb Code    48  segger_rtt.o(.text.SEGGER_RTT_Read)
    SEGGER_RTT_ReadNoLock                    0x08000dd9   Thumb Code   314  segger_rtt.o(.text.SEGGER_RTT_ReadNoLock)
    SEGGER_RTT_Write                         0x08000f15   Thumb Code    78  segger_rtt.o(.text.SEGGER_RTT_Write)
    SEGGER_RTT_WriteNoLock                   0x08000f65   Thumb Code   176  segger_rtt.o(.text.SEGGER_RTT_WriteNoLock)
    SEGGER_RTT_printf                        0x08001015   Thumb Code    42  segger_rtt_printf.o(.text.SEGGER_RTT_printf)
    SEGGER_RTT_vprintf                       0x08001041   Thumb Code  1168  segger_rtt_printf.o(.text.SEGGER_RTT_vprintf)
    SVC_Handler                              0x080014d1   Thumb Code     2  stm32f10x_it.o(.text.SVC_Handler)
    SysTick_Handler                          0x08001655   Thumb Code    16  board.o(.text.SysTick_Handler)
    SystemInit                               0x08001665   Thumb Code   102  system_stm32f10x.o(.text.SystemInit)
    TIM1_UP_IRQHandler                       0x080016cd   Thumb Code    38  tim.o(.text.TIM1_UP_IRQHandler)
    TIM2_IRQHandler                          0x080016f5   Thumb Code    34  tim.o(.text.TIM2_IRQHandler)
    TIM3_IRQHandler                          0x08001719   Thumb Code    38  tim.o(.text.TIM3_IRQHandler)
    TIM4_IRQHandler                          0x08001741   Thumb Code    38  tim.o(.text.TIM4_IRQHandler)
    TIM_ClearITPendingBit                    0x08001769   Thumb Code    22  stm32f10x_tim.o(.text.TIM_ClearITPendingBit)
    TIM_GetITStatus                          0x08001781   Thumb Code    90  stm32f10x_tim.o(.text.TIM_GetITStatus)
    UART4_IRQHandler                         0x080017dd   Thumb Code   126  uart.o(.text.UART4_IRQHandler)
    UART5_IRQHandler                         0x0800185d   Thumb Code   144  uart.o(.text.UART5_IRQHandler)
    USART1_IRQHandler                        0x080018ed   Thumb Code   122  uart.o(.text.USART1_IRQHandler)
    USART2_IRQHandler                        0x08001969   Thumb Code   124  uart.o(.text.USART2_IRQHandler)
    USART3_IRQHandler                        0x080019e5   Thumb Code   124  uart.o(.text.USART3_IRQHandler)
    USART_GetITStatus                        0x08001a61   Thumb Code   176  stm32f10x_usart.o(.text.USART_GetITStatus)
    USART_ReceiveData                        0x08001b11   Thumb Code    16  stm32f10x_usart.o(.text.USART_ReceiveData)
    UsageFault_Handler                       0x08001b21   Thumb Code     4  stm32f10x_it.o(.text.UsageFault_Handler)
    __rt_ffs                                 0x08002199   Thumb Code   126  kservice.o(.text.__rt_ffs)
    at_list                                  0x08002459   Thumb Code   416  at_device.o(.text.at_list)
    cmd_ps                                   0x080026f5   Thumb Code    18  msh.o(.text.cmd_ps)
    finsh_get_prompt                         0x0800275d   Thumb Code   176  shell.o(.text.finsh_get_prompt)
    finsh_set_prompt_mode                    0x08002815   Thumb Code    42  shell.o(.text.finsh_set_prompt_mode)
    finsh_system_function_init               0x08002841   Thumb Code    34  shell.o(.text.finsh_system_function_init)
    finsh_system_init                        0x08002865   Thumb Code   164  shell.o(.text.finsh_system_init)
    finsh_thread_entry                       0x08002909   Thumb Code  1216  shell.o(.text.finsh_thread_entry)
    hello                                    0x08002e5d   Thumb Code    18  cmd.o(.text.hello)
    list                                     0x08002e71   Thumb Code   106  cmd.o(.text.list)
    list_event                               0x08002edd   Thumb Code   286  cmd.o(.text.list_event)
    list_mailbox                             0x08003111   Thumb Code   336  cmd.o(.text.list_mailbox)
    list_msgqueue                            0x08003261   Thumb Code   312  cmd.o(.text.list_msgqueue)
    list_mutex                               0x08003399   Thumb Code   240  cmd.o(.text.list_mutex)
    list_sem                                 0x08003489   Thumb Code   312  cmd.o(.text.list_sem)
    list_thread                              0x080035c1   Thumb Code   446  cmd.o(.text.list_thread)
    list_timer                               0x08003781   Thumb Code   266  cmd.o(.text.list_timer)
    $Super$$main                             0x0800388d   Thumb Code   108  main.o(.text.main)
    main_thread_entry                        0x080038f9   Thumb Code    18  components.o(.text.main_thread_entry)
    msh_auto_complete                        0x080039e9   Thumb Code   216  msh.o(.text.msh_auto_complete)
    msh_exec                                 0x08003ac1   Thumb Code   194  msh.o(.text.msh_exec)
    msh_help                                 0x08003c01   Thumb Code   124  msh.o(.text.msh_help)
    msh_is_used                              0x08003c7d   Thumb Code     4  msh.o(.text.msh_is_used)
    prvvTIMERExpiredISR                      0x080040d9   Thumb Code    16  porttimer.o(.text.prvvTIMERExpiredISR)
    rt_application_init                      0x080040e9   Thumb Code    76  components.o(.text.rt_application_init)
    rt_components_board_init                 0x08004135   Thumb Code    52  components.o(.text.rt_components_board_init)
    rt_components_init                       0x08004169   Thumb Code    52  components.o(.text.rt_components_init)
    rt_enter_critical                        0x0800419d   Thumb Code    34  scheduler.o(.text.rt_enter_critical)
    rt_exit_critical                         0x080041c1   Thumb Code    86  scheduler.o(.text.rt_exit_critical)
    rt_hw_board_init                         0x08004219   Thumb Code    42  board.o(.text.rt_hw_board_init)
    rt_hw_console_getchar                    0x08004245   Thumb Code    34  finsh_port.o(.text.rt_hw_console_getchar)
    rt_hw_console_output                     0x08004269   Thumb Code   100  board.o(.text.rt_hw_console_output)
    rt_hw_hard_fault_exception               0x080042cd   Thumb Code   368  cpuport.o(.text.rt_hw_hard_fault_exception)
    rt_hw_stack_init                         0x0800443d   Thumb Code   124  cpuport.o(.text.rt_hw_stack_init)
    rt_interrupt_enter                       0x080044b9   Thumb Code    34  irq.o(.text.rt_interrupt_enter)
    rt_interrupt_leave                       0x080044dd   Thumb Code    34  irq.o(.text.rt_interrupt_leave)
    rt_kprintf                               0x08004515   Thumb Code    76  kservice.o(.text.rt_kprintf)
    rt_memmove                               0x08004755   Thumb Code   130  kservice.o(.text.rt_memmove)
    rt_memset                                0x080047d9   Thumb Code   178  kservice.o(.text.rt_memset)
    rt_object_detach                         0x0800488d   Thumb Code    36  object.o(.text.rt_object_detach)
    rt_object_get_information                0x080048b1   Thumb Code    84  object.o(.text.rt_object_get_information)
    rt_object_init                           0x08004905   Thumb Code   128  object.o(.text.rt_object_init)
    rt_object_is_systemobject                0x08004985   Thumb Code    34  object.o(.text.rt_object_is_systemobject)
    rt_schedule                              0x080049a9   Thumb Code   174  scheduler.o(.text.rt_schedule)
    rt_schedule_insert_thread                0x08004a59   Thumb Code    80  scheduler.o(.text.rt_schedule_insert_thread)
    rt_schedule_remove_thread                0x08004aa9   Thumb Code    76  scheduler.o(.text.rt_schedule_remove_thread)
    rt_sem_init                              0x08004af5   Thumb Code    50  ipc.o(.text.rt_sem_init)
    rt_show_version                          0x08004b29   Thumb Code    74  kservice.o(.text.rt_show_version)
    rt_strlen                                0x08004b75   Thumb Code    38  kservice.o(.text.rt_strlen)
    rt_strncpy                               0x08004b9d   Thumb Code    92  kservice.o(.text.rt_strncpy)
    rt_system_scheduler_init                 0x08004bf9   Thumb Code   106  scheduler.o(.text.rt_system_scheduler_init)
    rt_system_scheduler_start                0x08004c65   Thumb Code    64  scheduler.o(.text.rt_system_scheduler_start)
    rt_system_timer_init                     0x08004ca5   Thumb Code    48  timer.o(.text.rt_system_timer_init)
    rt_system_timer_thread_init              0x08004cd5   Thumb Code     2  timer.o(.text.rt_system_timer_thread_init)
    rt_thread_exit                           0x08004cd9   Thumb Code   104  thread.o(.text.rt_thread_exit)
    rt_thread_idle_excute                    0x08004d51   Thumb Code     2  idle.o(.text.rt_thread_idle_excute)
    rt_thread_idle_init                      0x08004d55   Thumb Code    70  idle.o(.text.rt_thread_idle_init)
    rt_thread_init                           0x08004d9d   Thumb Code    88  thread.o(.text.rt_thread_init)
    rt_thread_mdelay                         0x08004df5   Thumb Code    24  thread.o(.text.rt_thread_mdelay)
    rt_thread_resume                         0x08004e0d   Thumb Code    76  thread.o(.text.rt_thread_resume)
    rt_thread_self                           0x08004e59   Thumb Code    12  thread.o(.text.rt_thread_self)
    rt_thread_sleep                          0x08004e65   Thumb Code    84  thread.o(.text.rt_thread_sleep)
    rt_thread_startup                        0x08004eb9   Thumb Code    62  thread.o(.text.rt_thread_startup)
    rt_thread_suspend                        0x08004ef9   Thumb Code    84  thread.o(.text.rt_thread_suspend)
    rt_thread_timeout                        0x08004f4d   Thumb Code    40  thread.o(.text.rt_thread_timeout)
    rt_thread_yield                          0x08004f75   Thumb Code   116  thread.o(.text.rt_thread_yield)
    rt_tick_from_millisecond                 0x08004fe9   Thumb Code    98  clock.o(.text.rt_tick_from_millisecond)
    rt_tick_get                              0x0800504d   Thumb Code    12  clock.o(.text.rt_tick_get)
    rt_tick_increase                         0x08005059   Thumb Code    60  clock.o(.text.rt_tick_increase)
    rt_timer_check                           0x08005095   Thumb Code   214  timer.o(.text.rt_timer_check)
    rt_timer_control                         0x0800516d   Thumb Code   122  timer.o(.text.rt_timer_control)
    rt_timer_detach                          0x080051e9   Thumb Code    46  timer.o(.text.rt_timer_detach)
    rt_timer_init                            0x08005219   Thumb Code    62  timer.o(.text.rt_timer_init)
    rt_timer_start                           0x08005259   Thumb Code   330  timer.o(.text.rt_timer_start)
    rt_timer_stop                            0x080053a5   Thumb Code    64  timer.o(.text.rt_timer_stop)
    rt_vsnprintf                             0x080053e5   Thumb Code  1480  kservice.o(.text.rt_vsnprintf)
    rtthread_startup                         0x080059bd   Thumb Code    42  components.o(.text.rtthread_startup)
    sys_clock_set                            0x08005b0d   Thumb Code   250  board.o(.text.sys_clock_set)
    sys_stm32_clock_init                     0x08005c09   Thumb Code   150  board.o(.text.sys_stm32_clock_init)
    sys_time                                 0x08005ca1   Thumb Code   112  myrtc.o(.text.sys_time)
    version                                  0x08005e01   Thumb Code    10  cmd.o(.text.version)
    __scatterload_copy                       0x08005e0b   Thumb Code    14  handlers.o(i.__scatterload_copy)
    __scatterload_null                       0x08005e19   Thumb Code     2  handlers.o(i.__scatterload_null)
    __scatterload_zeroinit                   0x08005e1b   Thumb Code    14  handlers.o(i.__scatterload_zeroinit)
    __lowest_bit_bitmap                      0x08005e61   Data         256  kservice.o(.rodata.__lowest_bit_bitmap)
    __fsym___cmd_sys_time_name               0x08005f61   Data          15  myrtc.o(.rodata.name)
    __fsym___cmd_sys_time_desc               0x08005f70   Data          12  myrtc.o(.rodata.name)
    __fsym___cmd_at_list_name                0x08005f7c   Data          14  at_device.o(.rodata.name)
    __fsym___cmd_at_list_desc                0x08005f8a   Data          12  at_device.o(.rodata.name)
    __fsym_hello_name                        0x08005f96   Data           6  cmd.o(.rodata.name)
    __fsym_hello_desc                        0x08005f9c   Data          16  cmd.o(.rodata.name)
    __fsym_version_name                      0x08005fac   Data           8  cmd.o(.rodata.name)
    __fsym_version_desc                      0x08005fb4   Data          35  cmd.o(.rodata.name)
    __fsym___cmd_version_name                0x08005fd7   Data          14  cmd.o(.rodata.name)
    __fsym___cmd_version_desc                0x08005fe5   Data          35  cmd.o(.rodata.name)
    __fsym_list_thread_name                  0x08006008   Data          12  cmd.o(.rodata.name)
    __fsym_list_thread_desc                  0x08006014   Data          12  cmd.o(.rodata.name)
    __fsym___cmd_list_thread_name            0x08006020   Data          18  cmd.o(.rodata.name)
    __fsym___cmd_list_thread_desc            0x08006032   Data          12  cmd.o(.rodata.name)
    __fsym_list_sem_name                     0x0800603e   Data           9  cmd.o(.rodata.name)
    __fsym_list_sem_desc                     0x08006047   Data          25  cmd.o(.rodata.name)
    __fsym___cmd_list_sem_name               0x08006060   Data          15  cmd.o(.rodata.name)
    __fsym___cmd_list_sem_desc               0x0800606f   Data          25  cmd.o(.rodata.name)
    __fsym_list_event_name                   0x08006088   Data          11  cmd.o(.rodata.name)
    __fsym_list_event_desc                   0x08006093   Data          21  cmd.o(.rodata.name)
    __fsym___cmd_list_event_name             0x080060a8   Data          17  cmd.o(.rodata.name)
    __fsym___cmd_list_event_desc             0x080060b9   Data          21  cmd.o(.rodata.name)
    __fsym_list_mutex_name                   0x080060ce   Data          11  cmd.o(.rodata.name)
    __fsym_list_mutex_desc                   0x080060d9   Data          21  cmd.o(.rodata.name)
    __fsym___cmd_list_mutex_name             0x080060ee   Data          17  cmd.o(.rodata.name)
    __fsym___cmd_list_mutex_desc             0x080060ff   Data          21  cmd.o(.rodata.name)
    __fsym_list_mailbox_name                 0x08006114   Data          13  cmd.o(.rodata.name)
    __fsym_list_mailbox_desc                 0x08006121   Data          24  cmd.o(.rodata.name)
    __fsym___cmd_list_mailbox_name           0x08006139   Data          19  cmd.o(.rodata.name)
    __fsym___cmd_list_mailbox_desc           0x0800614c   Data          24  cmd.o(.rodata.name)
    __fsym_list_msgqueue_name                0x08006164   Data          14  cmd.o(.rodata.name)
    __fsym_list_msgqueue_desc                0x08006172   Data          29  cmd.o(.rodata.name)
    __fsym___cmd_list_msgqueue_name          0x0800618f   Data          20  cmd.o(.rodata.name)
    __fsym___cmd_list_msgqueue_desc          0x080061a3   Data          29  cmd.o(.rodata.name)
    __fsym_list_timer_name                   0x080061c0   Data          11  cmd.o(.rodata.name)
    __fsym_list_timer_desc                   0x080061cb   Data          21  cmd.o(.rodata.name)
    __fsym___cmd_list_timer_name             0x080061e0   Data          17  cmd.o(.rodata.name)
    __fsym___cmd_list_timer_desc             0x080061f1   Data          21  cmd.o(.rodata.name)
    __fsym_list_name                         0x08006206   Data           5  cmd.o(.rodata.name)
    __fsym_list_desc                         0x0800620b   Data          26  cmd.o(.rodata.name)
    __fsym___cmd_help_name                   0x08006225   Data          11  msh.o(.rodata.name)
    __fsym___cmd_help_desc                   0x08006230   Data          22  msh.o(.rodata.name)
    __fsym___cmd_ps_name                     0x08006246   Data           9  msh.o(.rodata.name)
    __fsym___cmd_ps_desc                     0x0800624f   Data          28  msh.o(.rodata.name)
    __rt_init_rti_start                      0x08006e0c   Data           4  components.o(.rti_fn.0)
    __rt_init_rti_board_start                0x08006e10   Data           4  components.o(.rti_fn.0.end)
    __rt_init_rti_board_end                  0x08006e14   Data           4  components.o(.rti_fn.1.end)
    __rt_init_MyRTC_Init                     0x08006e18   Data           4  myrtc.o(.rti_fn.6)
    __rt_init_finsh_system_init              0x08006e1c   Data           4  shell.o(.rti_fn.6)
    __rt_init_rti_end                        0x08006e20   Data           4  components.o(.rti_fn.6.end)
    FSymTab$$Base                            0x08006e24   Number         0  myrtc.o(FSymTab)
    __fsym___cmd_sys_time                    0x08006e24   Data          12  myrtc.o(FSymTab)
    __fsym___cmd_at_list                     0x08006e30   Data          12  at_device.o(FSymTab)
    __fsym_hello                             0x08006e3c   Data          12  cmd.o(FSymTab)
    __fsym_version                           0x08006e48   Data          12  cmd.o(FSymTab)
    __fsym___cmd_version                     0x08006e54   Data          12  cmd.o(FSymTab)
    __fsym_list_thread                       0x08006e60   Data          12  cmd.o(FSymTab)
    __fsym___cmd_list_thread                 0x08006e6c   Data          12  cmd.o(FSymTab)
    __fsym_list_sem                          0x08006e78   Data          12  cmd.o(FSymTab)
    __fsym___cmd_list_sem                    0x08006e84   Data          12  cmd.o(FSymTab)
    __fsym_list_event                        0x08006e90   Data          12  cmd.o(FSymTab)
    __fsym___cmd_list_event                  0x08006e9c   Data          12  cmd.o(FSymTab)
    __fsym_list_mutex                        0x08006ea8   Data          12  cmd.o(FSymTab)
    __fsym___cmd_list_mutex                  0x08006eb4   Data          12  cmd.o(FSymTab)
    __fsym_list_mailbox                      0x08006ec0   Data          12  cmd.o(FSymTab)
    __fsym___cmd_list_mailbox                0x08006ecc   Data          12  cmd.o(FSymTab)
    __fsym_list_msgqueue                     0x08006ed8   Data          12  cmd.o(FSymTab)
    __fsym___cmd_list_msgqueue               0x08006ee4   Data          12  cmd.o(FSymTab)
    __fsym_list_timer                        0x08006ef0   Data          12  cmd.o(FSymTab)
    __fsym___cmd_list_timer                  0x08006efc   Data          12  cmd.o(FSymTab)
    __fsym_list                              0x08006f08   Data          12  cmd.o(FSymTab)
    __fsym___cmd_help                        0x08006f14   Data          12  msh.o(FSymTab)
    __fsym___cmd_ps                          0x08006f20   Data          12  msh.o(FSymTab)
    FSymTab$$Limit                           0x08006f2c   Number         0  msh.o(FSymTab)
    Region$$Table$$Base                      0x080070ac   Number         0  anon$$obj.o(Region$$Table)
    Region$$Table$$Limit                     0x080070cc   Number         0  anon$$obj.o(Region$$Table)
    AT_Init_Cmd                              0x20000000   Data         640  at_device.o(.data.AT_Init_Cmd)
    AT_URC_Msg                               0x20000280   Data         256  at_device.o(.data.AT_URC_Msg)
    CAT_Command                              0x20000380   Data         640  at_device.o(.data.CAT_Command)
    ESP_Command                              0x20000600   Data         640  at_device.o(.data.ESP_Command)
    MyRTC_Time                               0x20000880   Data          12  myrtc.o(.data.MyRTC_Time)
    SystemCoreClock                          0x2000088c   Data           4  system_stm32f10x.o(.data.SystemCoreClock)
    Unix_Time                                0x20000890   Data           4  myrtc.o(.data.Unix_Time)
    AT_Device                                0x20000934   Data          44  at_device.o(.bss.AT_Device)
    _SEGGER_RTT                              0x20000964   Data         168  segger_rtt.o(.bss._SEGGER_RTT)
    _shell                                   0x20001a1c   Data         120  shell.o(.bss._shell)
    _syscall_table_begin                     0x20001a94   Data           4  shell.o(.bss._syscall_table_begin)
    _syscall_table_end                       0x20001a98   Data           4  shell.o(.bss._syscall_table_end)
    main_thread                              0x200022b0   Data         128  components.o(.bss.main_thread)
    pxMBPortCBTimerExpired                   0x20002330   Data           4  mb.o(.bss.pxMBPortCBTimerExpired)
    rt_current_priority                      0x20002334   Data           1  scheduler.o(.bss.rt_current_priority)
    rt_current_thread                        0x20002338   Data           4  scheduler.o(.bss.rt_current_thread)
    rt_interrupt_from_thread                 0x20002340   Data           4  cpuport.o(.bss.rt_interrupt_from_thread)
    rt_interrupt_nest                        0x20002344   Data           1  irq.o(.bss.rt_interrupt_nest)
    rt_interrupt_to_thread                   0x20002348   Data           4  cpuport.o(.bss.rt_interrupt_to_thread)
    rt_thread_defunct                        0x20002450   Data           8  scheduler.o(.bss.rt_thread_defunct)
    rt_thread_priority_table                 0x20002458   Data         256  scheduler.o(.bss.rt_thread_priority_table)
    rt_thread_ready_priority_group           0x20002558   Data           4  scheduler.o(.bss.rt_thread_ready_priority_group)
    rt_thread_switch_interrupt_flag          0x200025dc   Data           4  cpuport.o(.bss.rt_thread_switch_interrupt_flag)
    shell                                    0x200025f0   Data           4  shell.o(.bss.shell)
    uart1_device                             0x200025f4   Data           8  uart.o(.bss.uart1_device)
    uart2_device                             0x200025fc   Data           8  uart.o(.bss.uart2_device)
    uart3_device                             0x20002604   Data           8  uart.o(.bss.uart3_device)
    uart4_device                             0x2000260c   Data           8  uart.o(.bss.uart4_device)
    uart5_device                             0x20002614   Data           8  uart.o(.bss.uart5_device)
    __initial_sp                             0x20003620   Data           0  startup_stm32f10x_hd.o(STACK)



==============================================================================

Memory Map of the image

  Image Entry point : 0x08000131

  Load Region LR_IROM1 (Base: 0x08000000, Size: 0x000079d8, Max: 0x00080000, ABSOLUTE, COMPRESSED[0x000071b8])

    Execution Region ER_IROM1 (Exec base: 0x08000000, Load base: 0x08000000, Size: 0x000070cc, Max: 0x00080000, ABSOLUTE)

    Exec Addr    Load Addr    Size         Type   Attr      Idx    E Section Name        Object

    0x08000000   0x08000000   0x00000130   Data   RO           20    RESET               startup_stm32f10x_hd.o
    0x08000130   0x08000130   0x00000000   Code   RO         3279  * .ARM.Collect$$$$00000000  mc_w.l(entry.o)
    0x08000130   0x08000130   0x00000004   Code   RO         3403    .ARM.Collect$$$$00000001  mc_w.l(entry2.o)
    0x08000134   0x08000134   0x00000004   Code   RO         3406    .ARM.Collect$$$$00000004  mc_w.l(entry5.o)
    0x08000138   0x08000138   0x00000000   Code   RO         3408    .ARM.Collect$$$$00000008  mc_w.l(entry7b.o)
    0x08000138   0x08000138   0x00000000   Code   RO         3410    .ARM.Collect$$$$0000000A  mc_w.l(entry8b.o)
    0x08000138   0x08000138   0x00000008   Code   RO         3411    .ARM.Collect$$$$0000000B  mc_w.l(entry9a.o)
    0x08000140   0x08000140   0x00000000   Code   RO         3413    .ARM.Collect$$$$0000000D  mc_w.l(entry10a.o)
    0x08000140   0x08000140   0x00000000   Code   RO         3415    .ARM.Collect$$$$0000000F  mc_w.l(entry11a.o)
    0x08000140   0x08000140   0x00000004   Code   RO         3404    .ARM.Collect$$$$00002712  mc_w.l(entry2.o)
    0x08000144   0x08000144   0x00000024   Code   RO           21    .text               startup_stm32f10x_hd.o
    0x08000168   0x08000168   0x000000f4   Code   RO         2825    .text               context_rvds.o
    0x0800025c   0x0800025c   0x000000a8   Code   RO         3288    .text               mc_w.l(mktime.o)
    0x08000304   0x08000304   0x00000024   Code   RO         3291    .text               mc_w.l(memcpya.o)
    0x08000328   0x08000328   0x00000024   Code   RO         3293    .text               mc_w.l(memseta.o)
    0x0800034c   0x0800034c   0x00000018   Code   RO         3295    .text               mc_w.l(strcat.o)
    0x08000364   0x08000364   0x00000018   Code   RO         3299    .text               mc_w.l(strncpy.o)
    0x0800037c   0x0800037c   0x0000000e   Code   RO         3301    .text               mc_w.l(strlen.o)
    0x0800038a   0x0800038a   0x00000012   Code   RO         3305    .text               mc_w.l(strcpy.o)
    0x0800039c   0x0800039c   0x0000001e   Code   RO         3307    .text               mc_w.l(strncmp.o)
    0x080003ba   0x080003ba   0x00000064   Code   RO         3373    .text               mf_w.l(fmul.o)
    0x0800041e   0x0800041e   0x0000001c   Code   RO         3383    .text               mf_w.l(fcmpge.o)
    0x0800043a   0x0800043a   0x00000032   Code   RO         3395    .text               mf_w.l(ffixi.o)
    0x0800046c   0x0800046c   0x00000038   Code   RO         3401    .text               mf_w.l(d2f.o)
    0x080004a4   0x080004a4   0x0000000c   Code   RO         3441    .text               mc_w.l(localtime_w.o)
    0x080004b0   0x080004b0   0x0000008c   Code   RO         3444    .text               mc_w.l(localtime_i.o)
    0x0800053c   0x0800053c   0x00000000   Code   RO         3465    .text               mc_w.l(iusefp.o)
    0x0800053c   0x0800053c   0x0000006e   Code   RO         3466    .text               mf_w.l(fepilogue.o)
    0x080005aa   0x080005aa   0x00000002   PAD
    0x080005ac   0x080005ac   0x00000030   Code   RO         3476    .text               mc_w.l(init.o)
    0x080005dc   0x080005dc   0x00000056   Code   RO         3499    .text               mc_w.l(__dczerorl2.o)
    0x08000632   0x08000632   0x00000002   PAD
    0x08000634   0x08000634   0x0000000a   Code   RO         2890    .text.$Sub$$main    components.o
    0x0800063e   0x0800063e   0x00000002   PAD
    0x08000640   0x08000640   0x00000010   Code   RO          124    .text.BKP_DeInit    stm32f10x_bkp.o
    0x08000650   0x08000650   0x00000026   Code   RO          138    .text.BKP_ReadBackupRegister  stm32f10x_bkp.o
    0x08000676   0x08000676   0x00000002   PAD
    0x08000678   0x08000678   0x0000002e   Code   RO          136    .text.BKP_WriteBackupRegister  stm32f10x_bkp.o
    0x080006a6   0x080006a6   0x00000002   PAD
    0x080006a8   0x080006a8   0x00000004   Code   RO         1298    .text.BusFault_Handler  stm32f10x_it.o
    0x080006ac   0x080006ac   0x0000002e   Code   RO          316    .text.DMA_Cmd       stm32f10x_dma.o
    0x080006da   0x080006da   0x00000002   PAD
    0x080006dc   0x080006dc   0x0000000e   Code   RO          322    .text.DMA_GetCurrDataCounter  stm32f10x_dma.o
    0x080006ea   0x080006ea   0x00000002   PAD
    0x080006ec   0x080006ec   0x00000014   Code   RO          320    .text.DMA_SetCurrDataCounter  stm32f10x_dma.o
    0x08000700   0x08000700   0x00000002   Code   RO         1304    .text.DebugMon_Handler  stm32f10x_it.o
    0x08000702   0x08000702   0x00000002   PAD
    0x08000704   0x08000704   0x0000002a   Code   RO         2678    .text.Device_RST_Hard  at_function.o
    0x0800072e   0x0800072e   0x00000002   PAD
    0x08000730   0x08000730   0x00000050   Code   RO         2676    .text.Device_RST_Soft  at_function.o
    0x08000780   0x08000780   0x00000104   Code   RO         2680    .text.ERROR_CallBack  at_function.o
    0x08000884   0x08000884   0x00000014   Code   RO          488    .text.GPIO_ResetBits  stm32f10x_gpio.o
    0x08000898   0x08000898   0x00000014   Code   RO          486    .text.GPIO_SetBits  stm32f10x_gpio.o
    0x080008ac   0x080008ac   0x00000010   Code   RO          594    .text.IWDG_Enable   stm32f10x_iwdg.o
    0x080008bc   0x080008bc   0x00000008   Code   RO         1214    .text.IWDG_Feed     iwdog.o
    0x080008c4   0x080008c4   0x00000030   Code   RO         1212    .text.IWDG_Init     iwdog.o
    0x080008f4   0x080008f4   0x00000010   Code   RO          592    .text.IWDG_ReloadCounter  stm32f10x_iwdg.o
    0x08000904   0x08000904   0x00000018   Code   RO          588    .text.IWDG_SetPrescaler  stm32f10x_iwdg.o
    0x0800091c   0x0800091c   0x00000018   Code   RO          590    .text.IWDG_SetReload  stm32f10x_iwdg.o
    0x08000934   0x08000934   0x00000018   Code   RO          586    .text.IWDG_WriteAccessCmd  stm32f10x_iwdg.o
    0x0800094c   0x0800094c   0x00000004   Code   RO         1296    .text.MemManage_Handler  stm32f10x_it.o
    0x08000950   0x08000950   0x000000b0   Code   RO         1135    .text.MyRTC_Init    myrtc.o
    0x08000a00   0x08000a00   0x0000009a   Code   RO         1139    .text.MyRTC_ReadTime  myrtc.o
    0x08000a9a   0x08000a9a   0x00000002   PAD
    0x08000a9c   0x08000a9c   0x00000044   Code   RO         1137    .text.MyRTC_SetTime  myrtc.o
    0x08000ae0   0x08000ae0   0x00000002   Code   RO         1294    .text.NMI_Handler   stm32f10x_it.o
    0x08000ae2   0x08000ae2   0x00000002   PAD
    0x08000ae4   0x08000ae4   0x0000001c   Code   RO           28    .text.NVIC_PriorityGroupConfig  misc.o
    0x08000b00   0x08000b00   0x00000016   Code   RO          607    .text.PWR_BackupAccessCmd  stm32f10x_pwr.o
    0x08000b16   0x08000b16   0x00000002   PAD
    0x08000b18   0x08000b18   0x00000038   Code   RO          676    .text.RCC_APB1PeriphClockCmd  stm32f10x_rcc.o
    0x08000b50   0x08000b50   0x00000018   Code   RO          682    .text.RCC_BackupResetCmd  stm32f10x_rcc.o
    0x08000b68   0x08000b68   0x00000082   Code   RO          636    .text.RCC_GetFlagStatus  stm32f10x_rcc.o
    0x08000bea   0x08000bea   0x00000002   PAD
    0x08000bec   0x08000bec   0x00000018   Code   RO          664    .text.RCC_LSICmd    stm32f10x_rcc.o
    0x08000c04   0x08000c04   0x00000018   Code   RO          668    .text.RCC_RTCCLKCmd  stm32f10x_rcc.o
    0x08000c1c   0x08000c1c   0x00000018   Code   RO          666    .text.RCC_RTCCLKConfig  stm32f10x_rcc.o
    0x08000c34   0x08000c34   0x00000012   Code   RO          705    .text.RTC_EnterConfigMode  stm32f10x_rtc.o
    0x08000c46   0x08000c46   0x00000002   PAD
    0x08000c48   0x08000c48   0x00000012   Code   RO          707    .text.RTC_ExitConfigMode  stm32f10x_rtc.o
    0x08000c5a   0x08000c5a   0x00000002   PAD
    0x08000c5c   0x08000c5c   0x0000002c   Code   RO          709    .text.RTC_GetCounter  stm32f10x_rtc.o
    0x08000c88   0x08000c88   0x0000002c   Code   RO          711    .text.RTC_SetCounter  stm32f10x_rtc.o
    0x08000cb4   0x08000cb4   0x0000002e   Code   RO          713    .text.RTC_SetPrescaler  stm32f10x_rtc.o
    0x08000ce2   0x08000ce2   0x00000002   PAD
    0x08000ce4   0x08000ce4   0x00000018   Code   RO          719    .text.RTC_WaitForLastTask  stm32f10x_rtc.o
    0x08000cfc   0x08000cfc   0x00000028   Code   RO          721    .text.RTC_WaitForSynchro  stm32f10x_rtc.o
    0x08000d24   0x08000d24   0x00000030   Code   RO         1381    .text.SEGGER_RTT_GetKey  segger_rtt.o
    0x08000d54   0x08000d54   0x00000052   Code   RO         1385    .text.SEGGER_RTT_HasKey  segger_rtt.o
    0x08000da6   0x08000da6   0x00000002   PAD
    0x08000da8   0x08000da8   0x00000030   Code   RO         1355    .text.SEGGER_RTT_Read  segger_rtt.o
    0x08000dd8   0x08000dd8   0x0000013a   Code   RO         1351    .text.SEGGER_RTT_ReadNoLock  segger_rtt.o
    0x08000f12   0x08000f12   0x00000002   PAD
    0x08000f14   0x08000f14   0x0000004e   Code   RO         1371    .text.SEGGER_RTT_Write  segger_rtt.o
    0x08000f62   0x08000f62   0x00000002   PAD
    0x08000f64   0x08000f64   0x000000b0   Code   RO         1367    .text.SEGGER_RTT_WriteNoLock  segger_rtt.o
    0x08001014   0x08001014   0x0000002a   Code   RO         1441    .text.SEGGER_RTT_printf  segger_rtt_printf.o
    0x0800103e   0x0800103e   0x00000002   PAD
    0x08001040   0x08001040   0x00000490   Code   RO         1433    .text.SEGGER_RTT_vprintf  segger_rtt_printf.o
    0x080014d0   0x080014d0   0x00000002   Code   RO         1302    .text.SVC_Handler   stm32f10x_it.o
    0x080014d2   0x080014d2   0x00000002   PAD
    0x080014d4   0x080014d4   0x00000008   Code   RO            4    .text.SetSysClock   system_stm32f10x.o
    0x080014dc   0x080014dc   0x00000122   Code   RO            8    .text.SetSysClockTo72  system_stm32f10x.o
    0x080015fe   0x080015fe   0x00000002   PAD
    0x08001600   0x08001600   0x00000052   Code   RO         3255    .text.SysTick_Config  board.o
    0x08001652   0x08001652   0x00000002   PAD
    0x08001654   0x08001654   0x00000010   Code   RO         3251    .text.SysTick_Handler  board.o
    0x08001664   0x08001664   0x00000066   Code   RO            2    .text.SystemInit    system_stm32f10x.o
    0x080016ca   0x080016ca   0x00000002   PAD
    0x080016cc   0x080016cc   0x00000026   Code   RO         1195    .text.TIM1_UP_IRQHandler  tim.o
    0x080016f2   0x080016f2   0x00000002   PAD
    0x080016f4   0x080016f4   0x00000022   Code   RO         1197    .text.TIM2_IRQHandler  tim.o
    0x08001716   0x08001716   0x00000002   PAD
    0x08001718   0x08001718   0x00000026   Code   RO         1199    .text.TIM3_IRQHandler  tim.o
    0x0800173e   0x0800173e   0x00000002   PAD
    0x08001740   0x08001740   0x00000026   Code   RO         1201    .text.TIM4_IRQHandler  tim.o
    0x08001766   0x08001766   0x00000002   PAD
    0x08001768   0x08001768   0x00000016   Code   RO         1038    .text.TIM_ClearITPendingBit  stm32f10x_tim.o
    0x0800177e   0x0800177e   0x00000002   PAD
    0x08001780   0x08001780   0x0000005a   Code   RO         1036    .text.TIM_GetITStatus  stm32f10x_tim.o
    0x080017da   0x080017da   0x00000002   PAD
    0x080017dc   0x080017dc   0x0000007e   Code   RO         1233    .text.UART4_IRQHandler  uart.o
    0x0800185a   0x0800185a   0x00000002   PAD
    0x0800185c   0x0800185c   0x00000090   Code   RO         1235    .text.UART5_IRQHandler  uart.o
    0x080018ec   0x080018ec   0x0000007a   Code   RO         1227    .text.USART1_IRQHandler  uart.o
    0x08001966   0x08001966   0x00000002   PAD
    0x08001968   0x08001968   0x0000007c   Code   RO         1229    .text.USART2_IRQHandler  uart.o
    0x080019e4   0x080019e4   0x0000007c   Code   RO         1231    .text.USART3_IRQHandler  uart.o
    0x08001a60   0x08001a60   0x000000b0   Code   RO         1101    .text.USART_GetITStatus  stm32f10x_usart.o
    0x08001b10   0x08001b10   0x00000010   Code   RO         1075    .text.USART_ReceiveData  stm32f10x_usart.o
    0x08001b20   0x08001b20   0x00000004   Code   RO         1300    .text.UsageFault_Handler  stm32f10x_it.o
    0x08001b24   0x08001b24   0x0000009c   Code   RO         1349    .text._DoInit       segger_rtt.o
    0x08001bc0   0x08001bc0   0x0000003e   Code   RO         1361    .text._GetAvailWriteSpace  segger_rtt.o
    0x08001bfe   0x08001bfe   0x00000002   PAD
    0x08001c00   0x08001c00   0x000001cc   Code   RO         1437    .text._PrintInt     segger_rtt_printf.o
    0x08001dcc   0x08001dcc   0x000001ac   Code   RO         1439    .text._PrintUnsigned  segger_rtt_printf.o
    0x08001f78   0x08001f78   0x00000076   Code   RO         1435    .text._StoreChar    segger_rtt_printf.o
    0x08001fee   0x08001fee   0x00000002   PAD
    0x08001ff0   0x08001ff0   0x000000e0   Code   RO         1365    .text._WriteBlocking  segger_rtt.o
    0x080020d0   0x080020d0   0x00000084   Code   RO         1363    .text._WriteNoCheck  segger_rtt.o
    0x08002154   0x08002154   0x00000042   Code   RO         3259    .text.__NVIC_SetPriority  board.o
    0x08002196   0x08002196   0x00000002   PAD
    0x08002198   0x08002198   0x0000007e   Code   RO         3071    .text.__rt_ffs      kservice.o
    0x08002216   0x08002216   0x00000002   PAD
    0x08002218   0x08002218   0x000000bc   Code   RO         2764    .text._msh_exec_cmd  msh.o
    0x080022d4   0x080022d4   0x000000c4   Code   RO         3165    .text._rt_thread_init  thread.o
    0x08002398   0x08002398   0x00000068   Code   RO         3208    .text._rt_timer_init  timer.o
    0x08002400   0x08002400   0x00000030   Code   RO         3212    .text._rt_timer_remove  timer.o
    0x08002430   0x08002430   0x00000026   Code   RO         3159    .text._thread_cleanup_execute  thread.o
    0x08002456   0x08002456   0x00000002   PAD
    0x08002458   0x08002458   0x000001a0   Code   RO         2281    .text.at_list       at_device.o
    0x080025f8   0x080025f8   0x000000fc   Code   RO         2842    .text.bus_fault_track  cpuport.o
    0x080026f4   0x080026f4   0x00000012   Code   RO         2760    .text.cmd_ps        msh.o
    0x08002706   0x08002706   0x00000002   PAD
    0x08002708   0x08002708   0x00000052   Code   RO         3073    .text.divide        kservice.o
    0x0800275a   0x0800275a   0x00000002   PAD
    0x0800275c   0x0800275c   0x000000b0   Code   RO         2785    .text.finsh_get_prompt  shell.o
    0x0800280c   0x0800280c   0x00000008   Code   RO         2797    .text.finsh_getchar  shell.o
    0x08002814   0x08002814   0x0000002a   Code   RO         2789    .text.finsh_set_prompt_mode  shell.o
    0x0800283e   0x0800283e   0x00000002   PAD
    0x08002840   0x08002840   0x00000022   Code   RO         2801    .text.finsh_system_function_init  shell.o
    0x08002862   0x08002862   0x00000002   PAD
    0x08002864   0x08002864   0x000000a4   Code   RO         2805    .text.finsh_system_init  shell.o
    0x08002908   0x08002908   0x000004c0   Code   RO         2795    .text.finsh_thread_entry  shell.o
    0x08002dc8   0x08002dc8   0x00000092   Code   RO         2836    .text.hard_fault_track  cpuport.o
    0x08002e5a   0x08002e5a   0x00000002   PAD
    0x08002e5c   0x08002e5c   0x00000012   Code   RO         2697    .text.hello         cmd.o
    0x08002e6e   0x08002e6e   0x00000002   PAD
    0x08002e70   0x08002e70   0x0000006a   Code   RO         2727    .text.list          cmd.o
    0x08002eda   0x08002eda   0x00000002   PAD
    0x08002edc   0x08002edc   0x0000011e   Code   RO         2717    .text.list_event    cmd.o
    0x08002ffa   0x08002ffa   0x00000002   PAD
    0x08002ffc   0x08002ffc   0x00000042   Code   RO         2703    .text.list_find_init  cmd.o
    0x0800303e   0x0800303e   0x00000002   PAD
    0x08003040   0x08003040   0x000000ce   Code   RO         2707    .text.list_get_next  cmd.o
    0x0800310e   0x0800310e   0x00000002   PAD
    0x08003110   0x08003110   0x00000150   Code   RO         2721    .text.list_mailbox  cmd.o
    0x08003260   0x08003260   0x00000138   Code   RO         2723    .text.list_msgqueue  cmd.o
    0x08003398   0x08003398   0x000000f0   Code   RO         2719    .text.list_mutex    cmd.o
    0x08003488   0x08003488   0x00000138   Code   RO         2709    .text.list_sem      cmd.o
    0x080035c0   0x080035c0   0x000001be   Code   RO         2701    .text.list_thread   cmd.o
    0x0800377e   0x0800377e   0x00000002   PAD
    0x08003780   0x08003780   0x0000010a   Code   RO         2725    .text.list_timer    cmd.o
    0x0800388a   0x0800388a   0x00000002   PAD
    0x0800388c   0x0800388c   0x0000006c   Code   RO         1283    .text.main          main.o
    0x080038f8   0x080038f8   0x00000012   Code   RO         2894    .text.main_thread_entry  components.o
    0x0800390a   0x0800390a   0x00000002   PAD
    0x0800390c   0x0800390c   0x000000dc   Code   RO         2844    .text.mem_manage_fault_track  cpuport.o
    0x080039e8   0x080039e8   0x000000d8   Code   RO         2766    .text.msh_auto_complete  msh.o
    0x08003ac0   0x08003ac0   0x000000c2   Code   RO         2762    .text.msh_exec      msh.o
    0x08003b82   0x08003b82   0x00000002   PAD
    0x08003b84   0x08003b84   0x0000007c   Code   RO         2770    .text.msh_get_cmd   msh.o
    0x08003c00   0x08003c00   0x0000007c   Code   RO         2758    .text.msh_help      msh.o
    0x08003c7c   0x08003c7c   0x00000004   Code   RO         2756    .text.msh_is_used   msh.o
    0x08003c80   0x08003c80   0x000001ce   Code   RO         2772    .text.msh_split     msh.o
    0x08003e4e   0x08003e4e   0x00000002   PAD
    0x08003e50   0x08003e50   0x00000024   Code   RO         2705    .text.object_split  cmd.o
    0x08003e74   0x08003e74   0x00000264   Code   RO         3059    .text.print_number  kservice.o
    0x080040d8   0x080040d8   0x00000010   Code   RO         2083    .text.prvvTIMERExpiredISR  porttimer.o
    0x080040e8   0x080040e8   0x0000004c   Code   RO         2896    .text.rt_application_init  components.o
    0x08004134   0x08004134   0x00000034   Code   RO         2886    .text.rt_components_board_init  components.o
    0x08004168   0x08004168   0x00000034   Code   RO         2888    .text.rt_components_init  components.o
    0x0800419c   0x0800419c   0x00000022   Code   RO         3138    .text.rt_enter_critical  scheduler.o
    0x080041be   0x080041be   0x00000002   PAD
    0x080041c0   0x080041c0   0x00000056   Code   RO         3140    .text.rt_exit_critical  scheduler.o
    0x08004216   0x08004216   0x00000002   PAD
    0x08004218   0x08004218   0x0000002a   Code   RO         3253    .text.rt_hw_board_init  board.o
    0x08004242   0x08004242   0x00000002   PAD
    0x08004244   0x08004244   0x00000022   Code   RO         3268    .text.rt_hw_console_getchar  finsh_port.o
    0x08004266   0x08004266   0x00000002   PAD
    0x08004268   0x08004268   0x00000064   Code   RO         3257    .text.rt_hw_console_output  board.o
    0x080042cc   0x080042cc   0x00000170   Code   RO         2834    .text.rt_hw_hard_fault_exception  cpuport.o
    0x0800443c   0x0800443c   0x0000007c   Code   RO         2830    .text.rt_hw_stack_init  cpuport.o
    0x080044b8   0x080044b8   0x00000022   Code   RO         3009    .text.rt_interrupt_enter  irq.o
    0x080044da   0x080044da   0x00000002   PAD
    0x080044dc   0x080044dc   0x00000022   Code   RO         3011    .text.rt_interrupt_leave  irq.o
    0x080044fe   0x080044fe   0x00000002   PAD
    0x08004500   0x08004500   0x00000014   Code   RO         2932    .text.rt_ipc_object_init  ipc.o
    0x08004514   0x08004514   0x0000004c   Code   RO         3053    .text.rt_kprintf    kservice.o
    0x08004560   0x08004560   0x00000010   Code   RO         2974    .text.rt_list_init  ipc.o
    0x08004570   0x08004570   0x00000010   Code   RO         3122    .text.rt_list_init  scheduler.o
    0x08004580   0x08004580   0x00000010   Code   RO         3197    .text.rt_list_init  thread.o
    0x08004590   0x08004590   0x00000010   Code   RO         3224    .text.rt_list_init  timer.o
    0x080045a0   0x080045a0   0x00000026   Code   RO         3100    .text.rt_list_insert_after  object.o
    0x080045c6   0x080045c6   0x00000002   PAD
    0x080045c8   0x080045c8   0x00000026   Code   RO         3161    .text.rt_list_insert_after  thread.o
    0x080045ee   0x080045ee   0x00000002   PAD
    0x080045f0   0x080045f0   0x00000026   Code   RO         3216    .text.rt_list_insert_after  timer.o
    0x08004616   0x08004616   0x00000002   PAD
    0x08004618   0x08004618   0x00000026   Code   RO         3130    .text.rt_list_insert_before  scheduler.o
    0x0800463e   0x0800463e   0x00000002   PAD
    0x08004640   0x08004640   0x00000026   Code   RO         3179    .text.rt_list_insert_before  thread.o
    0x08004666   0x08004666   0x00000002   PAD
    0x08004668   0x08004668   0x00000014   Code   RO         2711    .text.rt_list_isempty  cmd.o
    0x0800467c   0x0800467c   0x00000014   Code   RO         3136    .text.rt_list_isempty  scheduler.o
    0x08004690   0x08004690   0x00000014   Code   RO         3226    .text.rt_list_isempty  timer.o
    0x080046a4   0x080046a4   0x0000002e   Code   RO         2713    .text.rt_list_len   cmd.o
    0x080046d2   0x080046d2   0x00000002   PAD
    0x080046d4   0x080046d4   0x00000020   Code   RO         3104    .text.rt_list_remove  object.o
    0x080046f4   0x080046f4   0x00000020   Code   RO         3134    .text.rt_list_remove  scheduler.o
    0x08004714   0x08004714   0x00000020   Code   RO         3177    .text.rt_list_remove  thread.o
    0x08004734   0x08004734   0x00000020   Code   RO         3228    .text.rt_list_remove  timer.o
    0x08004754   0x08004754   0x00000082   Code   RO         3033    .text.rt_memmove    kservice.o
    0x080047d6   0x080047d6   0x00000002   PAD
    0x080047d8   0x080047d8   0x000000b2   Code   RO         3029    .text.rt_memset     kservice.o
    0x0800488a   0x0800488a   0x00000002   PAD
    0x0800488c   0x0800488c   0x00000024   Code   RO         3102    .text.rt_object_detach  object.o
    0x080048b0   0x080048b0   0x00000054   Code   RO         3092    .text.rt_object_get_information  object.o
    0x08004904   0x08004904   0x00000080   Code   RO         3098    .text.rt_object_init  object.o
    0x08004984   0x08004984   0x00000022   Code   RO         3106    .text.rt_object_is_systemobject  object.o
    0x080049a6   0x080049a6   0x00000002   PAD
    0x080049a8   0x080049a8   0x000000ae   Code   RO         3126    .text.rt_schedule   scheduler.o
    0x08004a56   0x08004a56   0x00000002   PAD
    0x08004a58   0x08004a58   0x00000050   Code   RO         3128    .text.rt_schedule_insert_thread  scheduler.o
    0x08004aa8   0x08004aa8   0x0000004c   Code   RO         3132    .text.rt_schedule_remove_thread  scheduler.o
    0x08004af4   0x08004af4   0x00000032   Code   RO         2930    .text.rt_sem_init   ipc.o
    0x08004b26   0x08004b26   0x00000002   PAD
    0x08004b28   0x08004b28   0x0000004a   Code   RO         3051    .text.rt_show_version  kservice.o
    0x08004b72   0x08004b72   0x00000002   PAD
    0x08004b74   0x08004b74   0x00000026   Code   RO         3039    .text.rt_strlen     kservice.o
    0x08004b9a   0x08004b9a   0x00000002   PAD
    0x08004b9c   0x08004b9c   0x0000005c   Code   RO         3043    .text.rt_strncpy    kservice.o
    0x08004bf8   0x08004bf8   0x0000006a   Code   RO         3120    .text.rt_system_scheduler_init  scheduler.o
    0x08004c62   0x08004c62   0x00000002   PAD
    0x08004c64   0x08004c64   0x00000040   Code   RO         3124    .text.rt_system_scheduler_start  scheduler.o
    0x08004ca4   0x08004ca4   0x00000030   Code   RO         3234    .text.rt_system_timer_init  timer.o
    0x08004cd4   0x08004cd4   0x00000002   Code   RO         3236    .text.rt_system_timer_thread_init  timer.o
    0x08004cd6   0x08004cd6   0x00000002   PAD
    0x08004cd8   0x08004cd8   0x00000068   Code   RO         3157    .text.rt_thread_exit  thread.o
    0x08004d40   0x08004d40   0x0000000e   Code   RO         2916    .text.rt_thread_idle_entry  idle.o
    0x08004d4e   0x08004d4e   0x00000002   PAD
    0x08004d50   0x08004d50   0x00000002   Code   RO         2912    .text.rt_thread_idle_excute  idle.o
    0x08004d52   0x08004d52   0x00000002   PAD
    0x08004d54   0x08004d54   0x00000046   Code   RO         2914    .text.rt_thread_idle_init  idle.o
    0x08004d9a   0x08004d9a   0x00000002   PAD
    0x08004d9c   0x08004d9c   0x00000058   Code   RO         3163    .text.rt_thread_init  thread.o
    0x08004df4   0x08004df4   0x00000018   Code   RO         3189    .text.rt_thread_mdelay  thread.o
    0x08004e0c   0x08004e0c   0x0000004c   Code   RO         3171    .text.rt_thread_resume  thread.o
    0x08004e58   0x08004e58   0x0000000c   Code   RO         3167    .text.rt_thread_self  thread.o
    0x08004e64   0x08004e64   0x00000054   Code   RO         3181    .text.rt_thread_sleep  thread.o
    0x08004eb8   0x08004eb8   0x0000003e   Code   RO         3169    .text.rt_thread_startup  thread.o
    0x08004ef6   0x08004ef6   0x00000002   PAD
    0x08004ef8   0x08004ef8   0x00000054   Code   RO         3183    .text.rt_thread_suspend  thread.o
    0x08004f4c   0x08004f4c   0x00000028   Code   RO         3193    .text.rt_thread_timeout  thread.o
    0x08004f74   0x08004f74   0x00000074   Code   RO         3175    .text.rt_thread_yield  thread.o
    0x08004fe8   0x08004fe8   0x00000062   Code   RO         2868    .text.rt_tick_from_millisecond  clock.o
    0x0800504a   0x0800504a   0x00000002   PAD
    0x0800504c   0x0800504c   0x0000000c   Code   RO         2862    .text.rt_tick_get   clock.o
    0x08005058   0x08005058   0x0000003c   Code   RO         2866    .text.rt_tick_increase  clock.o
    0x08005094   0x08005094   0x000000d6   Code   RO         3222    .text.rt_timer_check  timer.o
    0x0800516a   0x0800516a   0x00000002   PAD
    0x0800516c   0x0800516c   0x0000007a   Code   RO         3220    .text.rt_timer_control  timer.o
    0x080051e6   0x080051e6   0x00000002   PAD
    0x080051e8   0x080051e8   0x0000002e   Code   RO         3210    .text.rt_timer_detach  timer.o
    0x08005216   0x08005216   0x00000002   PAD
    0x08005218   0x08005218   0x0000003e   Code   RO         3206    .text.rt_timer_init  timer.o
    0x08005256   0x08005256   0x00000002   PAD
    0x08005258   0x08005258   0x0000014a   Code   RO         3214    .text.rt_timer_start  timer.o
    0x080053a2   0x080053a2   0x00000002   PAD
    0x080053a4   0x080053a4   0x00000040   Code   RO         3218    .text.rt_timer_stop  timer.o
    0x080053e4   0x080053e4   0x000005c8   Code   RO         3055    .text.rt_vsnprintf  kservice.o
    0x080059ac   0x080059ac   0x00000004   Code   RO         2882    .text.rti_board_end  components.o
    0x080059b0   0x080059b0   0x00000004   Code   RO         2880    .text.rti_board_start  components.o
    0x080059b4   0x080059b4   0x00000004   Code   RO         2884    .text.rti_end       components.o
    0x080059b8   0x080059b8   0x00000004   Code   RO         2878    .text.rti_start     components.o
    0x080059bc   0x080059bc   0x0000002a   Code   RO         2892    .text.rtthread_startup  components.o
    0x080059e6   0x080059e6   0x00000002   PAD
    0x080059e8   0x080059e8   0x0000003e   Code   RO         2799    .text.shell_auto_complete  shell.o
    0x08005a26   0x08005a26   0x00000002   PAD
    0x08005a28   0x08005a28   0x00000054   Code   RO         2715    .text.show_wait_queue  cmd.o
    0x08005a7c   0x08005a7c   0x00000038   Code   RO         3057    .text.skip_atoi     kservice.o
    0x08005ab4   0x08005ab4   0x00000058   Code   RO         2768    .text.str_common    msh.o
    0x08005b0c   0x08005b0c   0x000000fa   Code   RO         3247    .text.sys_clock_set  board.o
    0x08005c06   0x08005c06   0x00000002   PAD
    0x08005c08   0x08005c08   0x00000096   Code   RO         3249    .text.sys_stm32_clock_init  board.o
    0x08005c9e   0x08005c9e   0x00000002   PAD
    0x08005ca0   0x08005ca0   0x00000070   Code   RO         1141    .text.sys_time      myrtc.o
    0x08005d10   0x08005d10   0x000000f0   Code   RO         2846    .text.usage_fault_track  cpuport.o
    0x08005e00   0x08005e00   0x0000000a   Code   RO         2699    .text.version       cmd.o
    0x08005e0a   0x08005e0a   0x0000000e   Code   RO         3493    i.__scatterload_copy  mc_w.l(handlers.o)
    0x08005e18   0x08005e18   0x00000002   Code   RO         3494    i.__scatterload_null  mc_w.l(handlers.o)
    0x08005e1a   0x08005e1a   0x0000000e   Code   RO         3495    i.__scatterload_zeroinit  mc_w.l(handlers.o)
    0x08005e28   0x08005e28   0x0000000c   Data   RO         3289    .constdata          mc_w.l(mktime.o)
    0x08005e34   0x08005e34   0x0000000c   Data   RO         3445    .constdata          mc_w.l(localtime_i.o)
    0x08005e40   0x08005e40   0x00000011   Data   RO         1422    .rodata._DoInit._aInitStr  segger_rtt.o
    0x08005e51   0x08005e51   0x00000010   Data   RO         1444    .rodata._PrintUnsigned._aV2C  segger_rtt_printf.o
    0x08005e61   0x08005e61   0x00000100   Data   RO         3078    .rodata.__lowest_bit_bitmap  kservice.o
    0x08005f61   0x08005f61   0x0000001b   Data   RO         1146    .rodata.name        myrtc.o
    0x08005f7c   0x08005f7c   0x0000001a   Data   RO         2299    .rodata.name        at_device.o
    0x08005f96   0x08005f96   0x0000028f   Data   RO         2730    .rodata.name        cmd.o
    0x08006225   0x08006225   0x00000046   Data   RO         2775    .rodata.name        msh.o
    0x0800626b   0x0800626b   0x00000011   Data   RO         3080    .rodata.print_number.large_digits  kservice.o
    0x0800627c   0x0800627c   0x00000011   Data   RO         3079    .rodata.print_number.small_digits  kservice.o
    0x0800628d   0x0800628d   0x00000050   Data   RO         1145    .rodata.str1.1      myrtc.o
    0x080062dd   0x080062dd   0x00000039   Data   RO         1285    .rodata.str1.1      main.o
    0x08006316   0x08006316   0x00000009   Data   RO         1423    .rodata.str1.1      segger_rtt.o
    0x0800631f   0x0800631f   0x00000007   Data   RO         1443    .rodata.str1.1      segger_rtt_printf.o
    0x08006326   0x08006326   0x000002b4   Data   RO         2283    .rodata.str1.1      at_device.o
    0x080065da   0x080065da   0x00000138   Data   RO         2686    .rodata.str1.1      at_function.o
    0x08006712   0x08006712   0x0000039d   Data   RO         2729    .rodata.str1.1      cmd.o
    0x08006aaf   0x08006aaf   0x00000068   Data   RO         2774    .rodata.str1.1      msh.o
    0x08006b17   0x08006b17   0x0000002b   Data   RO         2814    .rodata.str1.1      shell.o
    0x08006b42   0x08006b42   0x0000023c   Data   RO         2849    .rodata.str1.1      cpuport.o
    0x08006d7e   0x08006d7e   0x00000005   Data   RO         2903    .rodata.str1.1      components.o
    0x08006d83   0x08006d83   0x00000006   Data   RO         2921    .rodata.str1.1      idle.o
    0x08006d89   0x08006d89   0x00000081   Data   RO         3076    .rodata.str1.1      kservice.o
    0x08006e0a   0x08006e0a   0x00000002   PAD
    0x08006e0c   0x08006e0c   0x00000004   Data   RO         2898    .rti_fn.0           components.o
    0x08006e10   0x08006e10   0x00000004   Data   RO         2899    .rti_fn.0.end       components.o
    0x08006e14   0x08006e14   0x00000004   Data   RO         2900    .rti_fn.1.end       components.o
    0x08006e18   0x08006e18   0x00000004   Data   RO         1148    .rti_fn.6           myrtc.o
    0x08006e1c   0x08006e1c   0x00000004   Data   RO         2818    .rti_fn.6           shell.o
    0x08006e20   0x08006e20   0x00000004   Data   RO         2901    .rti_fn.6.end       components.o
    0x08006e24   0x08006e24   0x0000000c   Data   RO         1147    FSymTab             myrtc.o
    0x08006e30   0x08006e30   0x0000000c   Data   RO         2300    FSymTab             at_device.o
    0x08006e3c   0x08006e3c   0x0000000c   Data   RO         2731    FSymTab             cmd.o
    0x08006e48   0x08006e48   0x0000000c   Data   RO         2732    FSymTab             cmd.o
    0x08006e54   0x08006e54   0x0000000c   Data   RO         2733    FSymTab             cmd.o
    0x08006e60   0x08006e60   0x0000000c   Data   RO         2734    FSymTab             cmd.o
    0x08006e6c   0x08006e6c   0x0000000c   Data   RO         2735    FSymTab             cmd.o
    0x08006e78   0x08006e78   0x0000000c   Data   RO         2736    FSymTab             cmd.o
    0x08006e84   0x08006e84   0x0000000c   Data   RO         2737    FSymTab             cmd.o
    0x08006e90   0x08006e90   0x0000000c   Data   RO         2738    FSymTab             cmd.o
    0x08006e9c   0x08006e9c   0x0000000c   Data   RO         2739    FSymTab             cmd.o
    0x08006ea8   0x08006ea8   0x0000000c   Data   RO         2740    FSymTab             cmd.o
    0x08006eb4   0x08006eb4   0x0000000c   Data   RO         2741    FSymTab             cmd.o
    0x08006ec0   0x08006ec0   0x0000000c   Data   RO         2742    FSymTab             cmd.o
    0x08006ecc   0x08006ecc   0x0000000c   Data   RO         2743    FSymTab             cmd.o
    0x08006ed8   0x08006ed8   0x0000000c   Data   RO         2744    FSymTab             cmd.o
    0x08006ee4   0x08006ee4   0x0000000c   Data   RO         2745    FSymTab             cmd.o
    0x08006ef0   0x08006ef0   0x0000000c   Data   RO         2746    FSymTab             cmd.o
    0x08006efc   0x08006efc   0x0000000c   Data   RO         2747    FSymTab             cmd.o
    0x08006f08   0x08006f08   0x0000000c   Data   RO         2748    FSymTab             cmd.o
    0x08006f14   0x08006f14   0x0000000c   Data   RO         2776    FSymTab             msh.o
    0x08006f20   0x08006f20   0x0000000c   Data   RO         2777    FSymTab             msh.o
    0x08006f2c   0x08006f2c   0x00000180   Data   RO         1501    FalPartTable        fal_partition.o
    0x080070ac   0x080070ac   0x00000020   Data   RO         3492    Region$$Table       anon$$obj.o


    Execution Region RW_IRAM1 (Exec base: 0x20000000, Load base: 0x080070d0, Size: 0x00003620, Max: 0x00010000, ABSOLUTE, COMPRESSED[0x000000e8])

    Exec Addr    Load Addr    Size         Type   Attr      Idx    E Section Name        Object

    0x20000000   COMPRESSED   0x00000280   Data   RW         2285    .data.AT_Init_Cmd   at_device.o
    0x20000280   COMPRESSED   0x00000100   Data   RW         2288    .data.AT_URC_Msg    at_device.o
    0x20000380   COMPRESSED   0x00000280   Data   RW         2286    .data.CAT_Command   at_device.o
    0x20000600   COMPRESSED   0x00000280   Data   RW         2284    .data.ESP_Command   at_device.o
    0x20000880   COMPRESSED   0x0000000c   Data   RW         1143    .data.MyRTC_Time    myrtc.o
    0x2000088c   COMPRESSED   0x00000004   Data   RW           10    .data.SystemCoreClock  system_stm32f10x.o
    0x20000890   COMPRESSED   0x00000004   Data   RW         1144    .data.Unix_Time     myrtc.o
    0x20000894   COMPRESSED   0x00000070   Data   RW         3112    .data.rt_object_container  object.o
    0x20000904   COMPRESSED   0x00000004   PAD
    0x20000908        -       0x0000002c   Zero   RW         3442    .bss                mc_w.l(localtime_w.o)
    0x20000934        -       0x0000002c   Zero   RW         2290    .bss.AT_Device      at_device.o
    0x20000960        -       0x00000001   Zero   RW         2689    .bss.ERROR_CallBack.error_count  at_function.o
    0x20000961   COMPRESSED   0x00000003   PAD
    0x20000964        -       0x000000a8   Zero   RW         1419    .bss._SEGGER_RTT    segger_rtt.o
    0x20000a0c        -       0x00000010   Zero   RW         1425    .bss._acDownBuffer  segger_rtt.o
    0x20000a1c        -       0x00001000   Zero   RW         1424    .bss._acUpBuffer    segger_rtt.o
    0x20001a1c        -       0x00000078   Zero   RW         2815    .bss._shell         shell.o
    0x20001a94        -       0x00000004   Zero   RW         2807    .bss._syscall_table_begin  shell.o
    0x20001a98        -       0x00000004   Zero   RW         2808    .bss._syscall_table_end  shell.o
    0x20001a9c        -       0x00000101   Zero   RW         2811    .bss.finsh_get_prompt.finsh_prompt  shell.o
    0x20001b9d   COMPRESSED   0x00000003   PAD
    0x20001ba0        -       0x00000004   Zero   RW         2813    .bss.finsh_prompt_custom  shell.o
    0x20001ba4        -       0x00000080   Zero   RW         2816    .bss.finsh_thread   shell.o
    0x20001c24        -       0x00000400   Zero   RW         2817    .bss.finsh_thread_stack  shell.o
    0x20002024        -       0x00000080   Zero   RW         2920    .bss.idle           idle.o
    0x200020a4        -       0x00000004   Zero   RW         1286    .bss.log_cnt        main.o
    0x200020a8        -       0x00000004   Zero   RW         2687    .bss.log_cnt        at_function.o
    0x200020ac   COMPRESSED   0x00000004   PAD
    0x200020b0        -       0x00000200   Zero   RW         2904    .bss.main_stack     components.o
    0x200022b0        -       0x00000080   Zero   RW         2902    .bss.main_thread    components.o
    0x20002330        -       0x00000004   Zero   RW         1953    .bss.pxMBPortCBTimerExpired  mb.o
    0x20002334        -       0x00000001   Zero   RW         3147    .bss.rt_current_priority  scheduler.o
    0x20002335   COMPRESSED   0x00000003   PAD
    0x20002338        -       0x00000004   Zero   RW         3144    .bss.rt_current_thread  scheduler.o
    0x2000233c        -       0x00000004   Zero   RW         2848    .bss.rt_exception_hook  cpuport.o
    0x20002340        -       0x00000004   Zero   RW         2850    .bss.rt_interrupt_from_thread  cpuport.o
    0x20002344        -       0x00000001   Zero   RW         3015    .bss.rt_interrupt_nest  irq.o
    0x20002345   COMPRESSED   0x00000003   PAD
    0x20002348        -       0x00000004   Zero   RW         2851    .bss.rt_interrupt_to_thread  cpuport.o
    0x2000234c        -       0x00000100   Zero   RW         3077    .bss.rt_kprintf.rt_log_buf  kservice.o
    0x2000244c        -       0x00000002   Zero   RW         3145    .bss.rt_scheduler_lock_nest  scheduler.o
    0x2000244e   COMPRESSED   0x00000002   PAD
    0x20002450        -       0x00000008   Zero   RW         3149    .bss.rt_thread_defunct  scheduler.o
    0x20002458        -       0x00000100   Zero   RW         3146    .bss.rt_thread_priority_table  scheduler.o
    0x20002558        -       0x00000004   Zero   RW         3148    .bss.rt_thread_ready_priority_group  scheduler.o
    0x2000255c        -       0x00000080   Zero   RW         2922    .bss.rt_thread_stack  idle.o
    0x200025dc        -       0x00000004   Zero   RW         2852    .bss.rt_thread_switch_interrupt_flag  cpuport.o
    0x200025e0        -       0x00000004   Zero   RW         2870    .bss.rt_tick        clock.o
    0x200025e4        -       0x00000008   Zero   RW         3239    .bss.rt_timer_list  timer.o
    0x200025ec        -       0x00000004   Zero   RW         3238    .bss.rt_timer_start.random_nr  timer.o
    0x200025f0        -       0x00000004   Zero   RW         2812    .bss.shell          shell.o
    0x200025f4        -       0x00000008   Zero   RW         1239    .bss.uart1_device   uart.o
    0x200025fc        -       0x00000008   Zero   RW         1241    .bss.uart2_device   uart.o
    0x20002604        -       0x00000008   Zero   RW         1243    .bss.uart3_device   uart.o
    0x2000260c        -       0x00000008   Zero   RW         1245    .bss.uart4_device   uart.o
    0x20002614        -       0x00000008   Zero   RW         1247    .bss.uart5_device   uart.o
    0x2000261c   COMPRESSED   0x00000004   PAD
    0x20002620        -       0x00001000   Zero   RW           18    STACK               startup_stm32f10x_hd.o


==============================================================================

Image component sizes


      Code (inc. data)   RO Data    RW Data    ZI Data      Debug   Object Name

       416          0        730       2176         44       5588   at_device.o
       382          0        312          0          5       4351   at_function.o
       706          0          0          0          0       4959   board.o
       170          0          0          0          4       2445   clock.o
      2790          0       1796          0          0      12115   cmd.o
       266          0         21          0        640       3209   components.o
       244         28          0          0          0        792   context_rvds.o
      1350          0        572          0         16       4401   cpuport.o
         0          0        384          0          0       4464   fal_partition.o
        34          0          0          0          0        454   finsh_port.o
        86          0          6          0        256       2224   idle.o
        86          0          0          0          0      13525   ipc.o
        68          0          0          0          1       1019   irq.o
        56          0          0          0          0        699   iwdog.o
      2944        168        419          0        256      10114   kservice.o
       108          0         57          0          4        752   main.o
         0          0          0          0          4       4574   mb.o
        28          0          0          0          0       2857   misc.o
      1418          0        198          0          0       4250   msh.o
       510          0        123         16          0       2711   myrtc.o
       352          0          0        112          0       4307   object.o
        16          0          0          0          0       2018   porttimer.o
       726          0          0          0        275       4195   scheduler.o
      1320          0         26          0       4280      13297   segger_rtt.o
      2216        182         23          0          0       3956   segger_rtt_printf.o
      1702          0         47          0       1545       5859   shell.o
        36          8        304          0       4096        776   startup_stm32f10x_hd.o
       100          0          0          0          0       4305   stm32f10x_bkp.o
        80          0          0          0          0       3526   stm32f10x_dma.o
        40          0          0          0          0       5358   stm32f10x_gpio.o
        18          0          0          0          0        728   stm32f10x_it.o
       104          0          0          0          0       1525   stm32f10x_iwdg.o
        22          0          0          0          0       2646   stm32f10x_pwr.o
       282          0          0          0          0       6686   stm32f10x_rcc.o
       234          0          0          0          0       3117   stm32f10x_rtc.o
       112          0          0          0          0      20061   stm32f10x_tim.o
       192          0          0          0          0       7169   stm32f10x_usart.o
       400          0          0          4          0       2663   system_stm32f10x.o
      1048          0          0          0          0       6610   thread.o
       148          0          0          0          0       6514   tim.o
      1146          6          0          0         12       5299   timer.o
       640          0          0          0         40       6889   uart.o

    ----------------------------------------------------------------------
     22766        392       5052       2308      11504     203007   Object Totals
         0          0         32          0          0          0   (incl. Generated)
       170          0          2          0         26          0   (incl. Padding)

    ----------------------------------------------------------------------

      Code (inc. data)   RO Data    RW Data    ZI Data      Debug   Library Member Name

        86          0          0          0          0          0   __dczerorl2.o
         0          0          0          0          0          0   entry.o
         0          0          0          0          0          0   entry10a.o
         0          0          0          0          0          0   entry11a.o
         8          4          0          0          0          0   entry2.o
         4          0          0          0          0          0   entry5.o
         0          0          0          0          0          0   entry7b.o
         0          0          0          0          0          0   entry8b.o
         8          4          0          0          0          0   entry9a.o
        30          0          0          0          0          0   handlers.o
        48         10          0          0          0         68   init.o
         0          0          0          0          0          0   iusefp.o
       140          6         12          0          0         76   localtime_i.o
        12          6          0          0         44         68   localtime_w.o
        36          0          0          0          0         68   memcpya.o
        36          0          0          0          0        108   memseta.o
       168         18         12          0          0         80   mktime.o
        24          0          0          0          0         68   strcat.o
        18          0          0          0          0         68   strcpy.o
        14          0          0          0          0         68   strlen.o
        30          0          0          0          0         80   strncmp.o
        24          0          0          0          0         76   strncpy.o
        56          0          0          0          0         88   d2f.o
        28          0          0          0          0         68   fcmpge.o
       110          0          0          0          0        168   fepilogue.o
        50          0          0          0          0         68   ffixi.o
       100          0          0          0          0         76   fmul.o

    ----------------------------------------------------------------------
      1034         48         24          0         44       1296   Library Totals
         4          0          0          0          0          0   (incl. Padding)

    ----------------------------------------------------------------------

      Code (inc. data)   RO Data    RW Data    ZI Data      Debug   Library Name

       686         48         24          0         44        828   mc_w.l
       344          0          0          0          0        468   mf_w.l

    ----------------------------------------------------------------------
      1034         48         24          0         44       1296   Library Totals

    ----------------------------------------------------------------------

==============================================================================


      Code (inc. data)   RO Data    RW Data    ZI Data      Debug   

     23800        440       5076       2308      11548     203119   Grand Totals
     23800        440       5076        232      11548     203119   ELF Image Totals (compressed)
     23800        440       5076        232          0          0   ROM Totals

==============================================================================

    Total RO  Size (Code + RO Data)                28876 (  28.20kB)
    Total RW  Size (RW Data + ZI Data)             13856 (  13.53kB)
    Total ROM Size (Code + RO Data + RW Data)      29108 (  28.43kB)

==============================================================================

